Archive member included to satisfy reference by file (symbol)

/home/tom/intelFPGA_lite/20.1/nios2eds/bin/gnu/H-x86_64-pc-linux-gnu/bin/../lib/gcc/nios2-elf/9.2.1/../../../../../H-x86_64-pc-linux-gnu/nios2-elf/lib/libc.a(lib_a-ctype_.o)
                              obj/default/network_utilities.o (_ctype_)
/home/tom/intelFPGA_lite/20.1/nios2eds/bin/gnu/H-x86_64-pc-linux-gnu/bin/../lib/gcc/nios2-elf/9.2.1/../../../../../H-x86_64-pc-linux-gnu/nios2-elf/lib/libc.a(lib_a-fprintf.o)
                              obj/default/alt_error_handler.o (fprintf)
/home/tom/intelFPGA_lite/20.1/nios2eds/bin/gnu/H-x86_64-pc-linux-gnu/bin/../lib/gcc/nios2-elf/9.2.1/../../../../../H-x86_64-pc-linux-gnu/nios2-elf/lib/libc.a(lib_a-fwrite.o)
                              obj/default/alt_error_handler.o (fwrite)
/home/tom/intelFPGA_lite/20.1/nios2eds/bin/gnu/H-x86_64-pc-linux-gnu/bin/../lib/gcc/nios2-elf/9.2.1/../../../../../H-x86_64-pc-linux-gnu/nios2-elf/lib/libc.a(lib_a-getchar.o)
                              obj/default/network_utilities.o (getchar)
/home/tom/intelFPGA_lite/20.1/nios2eds/bin/gnu/H-x86_64-pc-linux-gnu/bin/../lib/gcc/nios2-elf/9.2.1/../../../../../H-x86_64-pc-linux-gnu/nios2-elf/lib/libc.a(lib_a-impure.o)
                              obj/default/alt_error_handler.o (_impure_ptr)
/home/tom/intelFPGA_lite/20.1/nios2eds/bin/gnu/H-x86_64-pc-linux-gnu/bin/../lib/gcc/nios2-elf/9.2.1/../../../../../H-x86_64-pc-linux-gnu/nios2-elf/lib/libc.a(lib_a-memcmp.o)
                              obj/default/DELHProtocol.o (memcmp)
/home/tom/intelFPGA_lite/20.1/nios2eds/bin/gnu/H-x86_64-pc-linux-gnu/bin/../lib/gcc/nios2-elf/9.2.1/../../../../../H-x86_64-pc-linux-gnu/nios2-elf/lib/libc.a(lib_a-memcpy.o)
                              obj/default/DELHProtocol.o (memcpy)
/home/tom/intelFPGA_lite/20.1/nios2eds/bin/gnu/H-x86_64-pc-linux-gnu/bin/../lib/gcc/nios2-elf/9.2.1/../../../../../H-x86_64-pc-linux-gnu/nios2-elf/lib/libc.a(lib_a-memset.o)
                              obj/default/DELHProtocol.o (memset)
/home/tom/intelFPGA_lite/20.1/nios2eds/bin/gnu/H-x86_64-pc-linux-gnu/bin/../lib/gcc/nios2-elf/9.2.1/../../../../../H-x86_64-pc-linux-gnu/nios2-elf/lib/libc.a(lib_a-perror.o)
                              obj/default/DELHProtocol.o (perror)
/home/tom/intelFPGA_lite/20.1/nios2eds/bin/gnu/H-x86_64-pc-linux-gnu/bin/../lib/gcc/nios2-elf/9.2.1/../../../../../H-x86_64-pc-linux-gnu/nios2-elf/lib/libc.a(lib_a-printf.o)
                              obj/default/DELHProtocol.o (printf)
/home/tom/intelFPGA_lite/20.1/nios2eds/bin/gnu/H-x86_64-pc-linux-gnu/bin/../lib/gcc/nios2-elf/9.2.1/../../../../../H-x86_64-pc-linux-gnu/nios2-elf/lib/libc.a(lib_a-putchar.o)
                              obj/default/InitializePeriph.o (putchar)
/home/tom/intelFPGA_lite/20.1/nios2eds/bin/gnu/H-x86_64-pc-linux-gnu/bin/../lib/gcc/nios2-elf/9.2.1/../../../../../H-x86_64-pc-linux-gnu/nios2-elf/lib/libc.a(lib_a-puts.o)
                              obj/default/DELHProtocol.o (puts)
/home/tom/intelFPGA_lite/20.1/nios2eds/bin/gnu/H-x86_64-pc-linux-gnu/bin/../lib/gcc/nios2-elf/9.2.1/../../../../../H-x86_64-pc-linux-gnu/nios2-elf/lib/libc.a(lib_a-sprintf.o)
                              obj/default/DELHProtocol.o (sprintf)
/home/tom/intelFPGA_lite/20.1/nios2eds/bin/gnu/H-x86_64-pc-linux-gnu/bin/../lib/gcc/nios2-elf/9.2.1/../../../../../H-x86_64-pc-linux-gnu/nios2-elf/lib/libc.a(lib_a-strcpy.o)
                              obj/default/DELHProtocol.o (strcpy)
/home/tom/intelFPGA_lite/20.1/nios2eds/bin/gnu/H-x86_64-pc-linux-gnu/bin/../lib/gcc/nios2-elf/9.2.1/../../../../../H-x86_64-pc-linux-gnu/nios2-elf/lib/libc.a(lib_a-strerror.o)
                              /home/tom/intelFPGA_lite/20.1/nios2eds/bin/gnu/H-x86_64-pc-linux-gnu/bin/../lib/gcc/nios2-elf/9.2.1/../../../../../H-x86_64-pc-linux-gnu/nios2-elf/lib/libc.a(lib_a-perror.o) (_strerror_r)
/home/tom/intelFPGA_lite/20.1/nios2eds/bin/gnu/H-x86_64-pc-linux-gnu/bin/../lib/gcc/nios2-elf/9.2.1/../../../../../H-x86_64-pc-linux-gnu/nios2-elf/lib/libc.a(lib_a-strlen.o)
                              obj/default/DELHProtocol.o (strlen)
/home/tom/intelFPGA_lite/20.1/nios2eds/bin/gnu/H-x86_64-pc-linux-gnu/bin/../lib/gcc/nios2-elf/9.2.1/../../../../../H-x86_64-pc-linux-gnu/nios2-elf/lib/libc.a(lib_a-strtok.o)
                              obj/default/DELHProtocol.o (strtok)
/home/tom/intelFPGA_lite/20.1/nios2eds/bin/gnu/H-x86_64-pc-linux-gnu/bin/../lib/gcc/nios2-elf/9.2.1/../../../../../H-x86_64-pc-linux-gnu/nios2-elf/lib/libc.a(lib_a-strtok_r.o)
                              /home/tom/intelFPGA_lite/20.1/nios2eds/bin/gnu/H-x86_64-pc-linux-gnu/bin/../lib/gcc/nios2-elf/9.2.1/../../../../../H-x86_64-pc-linux-gnu/nios2-elf/lib/libc.a(lib_a-strtok.o) (__strtok_r)
/home/tom/intelFPGA_lite/20.1/nios2eds/bin/gnu/H-x86_64-pc-linux-gnu/bin/../lib/gcc/nios2-elf/9.2.1/../../../../../H-x86_64-pc-linux-gnu/nios2-elf/lib/libc.a(lib_a-strtoul.o)
                              obj/default/DELHProtocol.o (strtoul)
[...]
Memory Configuration

Name             Origin             Length             Attributes
mem_if_ddr3_emif_0_BEFORE_EXCEPTION 0x0000000008000000 0x0000000000000120
mem_if_ddr3_emif_0 0x0000000008000120 0x0000000007fffee0
ext_flash_avl_mem_BEFORE_RESET 0x0000000014000000 0x0000000000430000
reset            0x0000000014430000 0x0000000000000020
ext_flash_avl_mem 0x0000000014430020 0x0000000003bcffe0
descriptor_memory 0x0000000018002000 0x0000000000002000
*default*        0x0000000000000000 0xffffffffffffffff

Linker script and memory map

LOAD ../MOD_socket_server_bsp//obj/HAL/src/crt0.o
LOAD obj/default/ClockModInit.o
LOAD obj/default/DELHProtocol.o
LOAD obj/default/InitializePeriph.o
LOAD obj/default/alt_error_handler.o
LOAD obj/default/iniche_init.o
LOAD obj/default/led.o
LOAD obj/default/network_utilities.o
LOAD obj/default/simple_socket_server.o
LOAD obj/default/tse_my_system.o
LOAD /home/tom/intelFPGA_lite/20.1/nios2eds/bin/gnu/H-x86_64-pc-linux-gnu/bin/../lib/gcc/nios2-elf/9.2.1/../../../../../H-x86_64-pc-linux-gnu/nios2-elf/lib/libstdc++.a
LOAD /home/tom/intelFPGA_lite/20.1/nios2eds/bin/gnu/H-x86_64-pc-linux-gnu/bin/../lib/gcc/nios2-elf/9.2.1/../../../../../H-x86_64-pc-linux-gnu/nios2-elf/lib/libm.a
LOAD /home/tom/intelFPGA_lite/20.1/nios2eds/bin/gnu/H-x86_64-pc-linux-gnu/bin/../lib/gcc/nios2-elf/9.2.1/libgcc.a
START GROUP
LOAD /home/tom/intelFPGA_lite/20.1/nios2eds/bin/gnu/H-x86_64-pc-linux-gnu/bin/../lib/gcc/nios2-elf/9.2.1/../../../../../H-x86_64-pc-linux-gnu/nios2-elf/lib/libc.a
LOAD /home/tom/intelFPGA_lite/20.1/nios2eds/bin/gnu/H-x86_64-pc-linux-gnu/bin/../lib/gcc/nios2-elf/9.2.1/libgcc.a
LOAD ../MOD_socket_server_bsp//libucosii_bsp.a
LOAD /home/tom/intelFPGA_lite/20.1/nios2eds/bin/gnu/H-x86_64-pc-linux-gnu/bin/../lib/gcc/nios2-elf/9.2.1/../../../../../H-x86_64-pc-linux-gnu/nios2-elf/lib/libm.a
END GROUP
LOAD /home/tom/intelFPGA_lite/20.1/nios2eds/bin/gnu/H-x86_64-pc-linux-gnu/bin/../lib/gcc/nios2-elf/9.2.1/libgcc.a
                0x0000000008000000                __alt_mem_mem_if_ddr3_emif_0 = 0x8000000
                0x0000000014000000                __alt_mem_ext_flash_avl_mem = 0x14000000
                0x0000000018002000                __alt_mem_descriptor_memory = 0x18002000

.entry          0x0000000014430000        0x0
 *(.entry)
 .entry         0x0000000014430000        0x0 ../MOD_socket_server_bsp//obj/HAL/src/crt0.o
                0x0000000014430000                __reset

.exceptions     0x0000000008000120      0x218
                [!provide]                        PROVIDE (__ram_exceptions_start = ABSOLUTE (.))
                0x0000000008000120                . = ALIGN (0x20)
 *(.irq)
 *(.exceptions.entry.label)
 .exceptions.entry.label
                0x0000000008000120        0x0 ../MOD_socket_server_bsp//libucosii_bsp.a(alt_irq_entry.o)
                0x0000000008000120                alt_irq_entry
 .exceptions.entry.label
                0x0000000008000120        0x0 ../MOD_socket_server_bsp//libucosii_bsp.a(alt_exception_entry.o)
                0x0000000008000120                alt_exception
 *(.exceptions.entry.user)
 *(.exceptions.entry.ecc_fatal)
 *(.exceptions.entry)
 .exceptions.entry
                0x0000000008000120       0x54 ../MOD_socket_server_bsp//libucosii_bsp.a(alt_exception_entry.o)
 *(.exceptions.irqtest.user)
 *(.exceptions.irqtest)
 .exceptions.irqtest
                0x0000000008000174       0x10 ../MOD_socket_server_bsp//libucosii_bsp.a(alt_irq_entry.o)
 *(.exceptions.irqhandler.user)
 *(.exceptions.irqhandler)
 .exceptions.irqhandler
                0x0000000008000184        0x4 ../MOD_socket_server_bsp//libucosii_bsp.a(alt_irq_entry.o)
 *(.exceptions.irqreturn.user)
 *(.exceptions.irqreturn)
 .exceptions.irqreturn
                0x0000000008000188        0x4 ../MOD_socket_server_bsp//libucosii_bsp.a(alt_irq_entry.o)
 *(.exceptions.notirq.label)
 .exceptions.notirq.label
                0x000000000800018c        0x0 ../MOD_socket_server_bsp//libucosii_bsp.a(alt_irq_entry.o)
 *(.exceptions.notirq.user)
 *(.exceptions.notirq)
 .exceptions.notirq
                0x000000000800018c        0x8 ../MOD_socket_server_bsp//libucosii_bsp.a(alt_exception_entry.o)
 *(.exceptions.soft.user)
 *(.exceptions.soft)
 *(.exceptions.unknown.user)
 *(.exceptions.unknown)
 .exceptions.unknown
                0x0000000008000194       0x14 ../MOD_socket_server_bsp//libucosii_bsp.a(alt_exception_entry.o)
 *(.exceptions.exit.label)
 .exceptions.exit.label
                0x00000000080001a8        0x0 ../MOD_socket_server_bsp//libucosii_bsp.a(alt_irq_entry.o)
 .exceptions.exit.label
                0x00000000080001a8        0x0 ../MOD_socket_server_bsp//libucosii_bsp.a(alt_exception_entry.o)
 *(.exceptions.exit.user)
 *(.exceptions.exit)
 .exceptions.exit
                0x00000000080001a8       0x54 ../MOD_socket_server_bsp//libucosii_bsp.a(alt_exception_entry.o)
 *(.exceptions)
 .exceptions    0x00000000080001fc       0xc8 ../MOD_socket_server_bsp//libucosii_bsp.a(alt_irq_handler.o)
                0x00000000080001fc                alt_irq_handler
 .exceptions    0x00000000080002c4       0x74 ../MOD_socket_server_bsp//libucosii_bsp.a(alt_instruction_exception_entry.o)
                0x00000000080002c4                alt_instruction_exception_entry
                [!provide]                        PROVIDE (__ram_exceptions_end = ABSOLUTE (.))
                [!provide]                        PROVIDE (__flash_exceptions_start = LOADADDR (.exceptions))

.text           0x0000000008000338    0x4f110
                [!provide]                        PROVIDE (stext = ABSOLUTE (.))
 *(.interp)
 *(.hash)
 *(.dynsym)
 *(.dynstr)
 *(.gnu.version)
 *(.gnu.version_d)
 *(.gnu.version_r)
 *(.rel.init)
 *(.rela.init)
 *(.rel.text .rel.text.* .rel.gnu.linkonce.t.*)
 *(.rela.text .rela.text.* .rela.gnu.linkonce.t.*)
 *(.rel.fini)
 *(.rela.fini)
 *(.rel.rodata .rel.rodata.* .rel.gnu.linkonce.r.*)
 *(.rela.rodata .rela.rodata.* .rela.gnu.linkonce.r.*)
 *(.rel.data .rel.data.* .rel.gnu.linkonce.d.*)
 *(.rela.data .rela.data.* .rela.gnu.linkonce.d.*)
 *(.rel.tdata .rel.tdata.* .rel.gnu.linkonce.td.*)
 *(.rela.tdata .rela.tdata.* .rela.gnu.linkonce.td.*)
 *(.rel.tbss .rel.tbss.* .rel.gnu.linkonce.tb.*)
 *(.rela.tbss .rela.tbss.* .rela.gnu.linkonce.tb.*)
 *(.rel.ctors)
 *(.rela.ctors)
 *(.rel.dtors)
 *(.rela.dtors)
 *(.rel.got)
 *(.rela.got)
 *(.rel.sdata .rel.sdata.* .rel.gnu.linkonce.s.*)
 *(.rela.sdata .rela.sdata.* .rela.gnu.linkonce.s.*)
 *(.rel.sbss .rel.sbss.* .rel.gnu.linkonce.sb.*)
 *(.rela.sbss .rela.sbss.* .rela.gnu.linkonce.sb.*)
 *(.rel.sdata2 .rel.sdata2.* .rel.gnu.linkonce.s2.*)
 *(.rela.sdata2 .rela.sdata2.* .rela.gnu.linkonce.s2.*)
 *(.rel.sbss2 .rel.sbss2.* .rel.gnu.linkonce.sb2.*)
 *(.rela.sbss2 .rela.sbss2.* .rela.gnu.linkonce.sb2.*)
 *(.rel.bss .rel.bss.* .rel.gnu.linkonce.b.*)
 *(.rela.bss .rela.bss.* .rela.gnu.linkonce.b.*)
 *(.rel.plt)
 *(.rela.plt)
 *(.rel.dyn)
 *(.init)
 *(.plt)
 *(.text .stub .text.* .gnu.linkonce.t.*)
 .text          0x0000000008000338       0x38 ../MOD_socket_server_bsp//obj/HAL/src/crt0.o
                0x0000000008000338                _start
 .text          0x0000000008000370       0xa0 obj/default/ClockModInit.o
                0x0000000008000370                ParseClockRec
 .text          0x0000000008000410     0x1fec obj/default/DELHProtocol.o
                0x0000000008000410                initChan
                0x0000000008000484                addChan
                0x000000000800052c                delChan
                0x00000000080005dc                findfdChan
                0x0000000008000654                findExistingChan
                0x000000000800070c                buildaddChan
                0x00000000080007a0                allListeners
                0x0000000008000830                ProcessRxPacket
                0x00000000080009a4                DiscChanMessage
                0x0000000008000d00                ProvChanMessage
                0x0000000008000ec4                ConfigChanMessage
                0x0000000008000f08                TrafficChanMessage
                0x0000000008000f4c                ProvisioningLEDCommand
                0x0000000008001174                SI5345
                0x0000000008001324                ZEDF9T
                0x0000000008001714                AD9648
                0x00000000080018c8                ATECC608
                0x0000000008001d24                PCF8574
                0x0000000008001f04                ProvisioningModuleRegisterCommand
                0x0000000008002094                initItfcMap
                0x0000000008002374                FindItfcIndex
 .text          0x00000000080023fc      0x984 obj/default/InitializePeriph.o
                0x00000000080023fc                initPeriph
                0x0000000008002444                SynthInit
                0x0000000008002888                GPSInit
                0x0000000008002ae8                GPSPostTest
 .text          0x0000000008002d80      0xbb8 obj/default/alt_error_handler.o
                0x0000000008002d80                alt_uCOSIIErrorHandler
                0x000000000800341c                alt_NetworkErrorHandler
                0x0000000008003690                alt_SSSErrorHandler
 .text          0x0000000008003938       0xf0 obj/default/iniche_init.o
                0x0000000008003938                SSSInitialTask
                0x00000000080039a8                main
 .text          0x0000000008003a28      0x148 obj/default/led.o
                0x0000000008003a28                led_bit_toggle
                0x0000000008003b18                LEDManagementTask
 .text          0x0000000008003b70      0x420 obj/default/network_utilities.o
                0x0000000008003b70                get_mac_addr
                0x0000000008003bc4                get_ip_addr
                0x0000000008003c20                get_serial_number
                0x0000000008003db4                generate_and_store_mac_addr
                0x0000000008003e08                generate_mac_addr
                0x0000000008003f38                get_board_mac_addr
                0x0000000008003f64                FindLastFlashSectorOffset
 .text          0x0000000008003f90      0x2d4 obj/default/simple_socket_server.o
                0x0000000008003f90                SSSCreateOSDataStructs
                0x0000000008004014                SSSCreateTasks
                0x0000000008004090                SSSSimpleSocketServerTask
 .text          0x0000000008004264        0x0 obj/default/tse_my_system.o
 .text          0x0000000008004264        0x0 /home/tom/intelFPGA_lite/20.1/nios2eds/bin/gnu/H-x86_64-pc-linux-gnu/bin/../lib/gcc/nios2-elf/9.2.1/../../../../../H-x86_64-pc-linux-gnu/nios2-elf/lib/libc.a(lib_a-ctype_.o)
 .text          0x0000000008004264        0x0 /home/tom/intelFPGA_lite/20.1/nios2eds/bin/gnu/H-x86_64-pc-linux-gnu/bin/../lib/gcc/nios2-elf/9.2.1/../../../../../H-x86_64-pc-linux-gnu/nios2-elf/lib/libc.a(lib_a-fprintf.o)
 .text._fprintf_r
                0x0000000008004264       0x28 /home/tom/intelFPGA_lite/20.1/nios2eds/bin/gnu/H-x86_64-pc-linux-gnu/bin/../lib/gcc/nios2-elf/9.2.1/../../../../../H-x86_64-pc-linux-gnu/nios2-elf/lib/libc.a(lib_a-fprintf.o)
                0x0000000008004264                _fprintf_r
 .text.fprintf  0x000000000800428c       0x24 /home/tom/intelFPGA_lite/20.1/nios2eds/bin/gnu/H-x86_64-pc-linux-gnu/bin/../lib/gcc/nios2-elf/9.2.1/../../../../../H-x86_64-pc-linux-gnu/nios2-elf/lib/libc.a(lib_a-fprintf.o)
                0x000000000800428c                fprintf
 .text          0x00000000080042b0        0x0 /home/tom/intelFPGA_lite/20.1/nios2eds/bin/gnu/H-x86_64-pc-linux-gnu/bin/../lib/gcc/nios2-elf/9.2.1/../../../../../H-x86_64-pc-linux-gnu/nios2-elf/lib/libc.a(lib_a-fwrite.o)
 .text._fwrite_r
                0x00000000080042b0       0xc4 /home/tom/intelFPGA_lite/20.1/nios2eds/bin/gnu/H-x86_64-pc-linux-gnu/bin/../lib/gcc/nios2-elf/9.2.1/../../../../../H-x86_64-pc-linux-gnu/nios2-elf/lib/libc.a(lib_a-fwrite.o)
                0x00000000080042b0                _fwrite_r
 .text.fwrite   0x0000000008004374       0x34 /home/tom/intelFPGA_lite/20.1/nios2eds/bin/gnu/H-x86_64-pc-linux-gnu/bin/../lib/gcc/nios2-elf/9.2.1/../../../../../H-x86_64-pc-linux-gnu/nios2-elf/lib/libc.a(lib_a-fwrite.o)
                0x0000000008004374                fwrite
 .text          0x00000000080043a8        0x0 /home/tom/intelFPGA_lite/20.1/nios2eds/bin/gnu/H-x86_64-pc-linux-gnu/bin/../lib/gcc/nios2-elf/9.2.1/../../../../../H-x86_64-pc-linux-gnu/nios2-elf/lib/libc.a(lib_a-getchar.o)
 .text._getchar_r
                0x00000000080043a8        0x8 /home/tom/intelFPGA_lite/20.1/nios2eds/bin/gnu/H-x86_64-pc-linux-gnu/bin/../lib/gcc/nios2-elf/9.2.1/../../../../../H-x86_64-pc-linux-gnu/nios2-elf/lib/libc.a(lib_a-getchar.o)
                0x00000000080043a8                _getchar_r
 .text.getchar  0x00000000080043b0       0x10 /home/tom/intelFPGA_lite/20.1/nios2eds/bin/gnu/H-x86_64-pc-linux-gnu/bin/../lib/gcc/nios2-elf/9.2.1/../../../../../H-x86_64-pc-linux-gnu/nios2-elf/lib/libc.a(lib_a-getchar.o)
                0x00000000080043b0                getchar
 .text          0x00000000080043c0        0x0 /home/tom/intelFPGA_lite/20.1/nios2eds/bin/gnu/H-x86_64-pc-linux-gnu/bin/../lib/gcc/nios2-elf/9.2.1/../../../../../H-x86_64-pc-linux-gnu/nios2-elf/lib/libc.a(lib_a-impure.o)
 .text          0x00000000080043c0        0x0 /home/tom/intelFPGA_lite/20.1/nios2eds/bin/gnu/H-x86_64-pc-linux-gnu/bin/../lib/gcc/nios2-elf/9.2.1/../../../../../H-x86_64-pc-linux-gnu/nios2-elf/lib/libc.a(lib_a-memcmp.o)
 .text.memcmp   0x00000000080043c0       0x78 /home/tom/intelFPGA_lite/20.1/nios2eds/bin/gnu/H-x86_64-pc-linux-gnu/bin/../lib/gcc/nios2-elf/9.2.1/../../../../../H-x86_64-pc-linux-gnu/nios2-elf/lib/libc.a(lib_a-memcmp.o)
                0x00000000080043c0                memcmp
 .text          0x0000000008004438        0x0 /home/tom/intelFPGA_lite/20.1/nios2eds/bin/gnu/H-x86_64-pc-linux-gnu/bin/../lib/gcc/nios2-elf/9.2.1/../../../../../H-x86_64-pc-linux-gnu/nios2-elf/lib/libc.a(lib_a-memcpy.o)
 .text.memcpy   0x0000000008004438      0x100 /home/tom/intelFPGA_lite/20.1/nios2eds/bin/gnu/H-x86_64-pc-linux-gnu/bin/../lib/gcc/nios2-elf/9.2.1/../../../../../H-x86_64-pc-linux-gnu/nios2-elf/lib/libc.a(lib_a-memcpy.o)
                0x0000000008004438                memcpy
 .text          0x0000000008004538        0x0 /home/tom/intelFPGA_lite/20.1/nios2eds/bin/gnu/H-x86_64-pc-linux-gnu/bin/../lib/gcc/nios2-elf/9.2.1/../../../../../H-x86_64-pc-linux-gnu/nios2-elf/lib/libc.a(lib_a-memset.o)
 .text.memset   0x0000000008004538       0xf0 /home/tom/intelFPGA_lite/20.1/nios2eds/bin/gnu/H-x86_64-pc-linux-gnu/bin/../lib/gcc/nios2-elf/9.2.1/../../../../../H-x86_64-pc-linux-gnu/nios2-elf/lib/libc.a(lib_a-memset.o)
                0x0000000008004538                memset
 .text          0x0000000008004628        0x0 /home/tom/intelFPGA_lite/20.1/nios2eds/bin/gnu/H-x86_64-pc-linux-gnu/bin/../lib/gcc/nios2-elf/9.2.1/../../../../../H-x86_64-pc-linux-gnu/nios2-elf/lib/libc.a(lib_a-perror.o)
 .text._perror_r
                0x0000000008004628      0x188 /home/tom/intelFPGA_lite/20.1/nios2eds/bin/gnu/H-x86_64-pc-linux-gnu/bin/../lib/gcc/nios2-elf/9.2.1/../../../../../H-x86_64-pc-linux-gnu/nios2-elf/lib/libc.a(lib_a-perror.o)
                0x0000000008004628                _perror_r
 .text.perror   0x00000000080047b0       0x10 /home/tom/intelFPGA_lite/20.1/nios2eds/bin/gnu/H-x86_64-pc-linux-gnu/bin/../lib/gcc/nios2-elf/9.2.1/../../../../../H-x86_64-pc-linux-gnu/nios2-elf/lib/libc.a(lib_a-perror.o)
                0x00000000080047b0                perror
 .text          0x00000000080047c0        0x0 /home/tom/intelFPGA_lite/20.1/nios2eds/bin/gnu/H-x86_64-pc-linux-gnu/bin/../lib/gcc/nios2-elf/9.2.1/../../../../../H-x86_64-pc-linux-gnu/nios2-elf/lib/libc.a(lib_a-printf.o)
 .text._printf_r
                0x00000000080047c0       0x30 /home/tom/intelFPGA_lite/20.1/nios2eds/bin/gnu/H-x86_64-pc-linux-gnu/bin/../lib/gcc/nios2-elf/9.2.1/../../../../../H-x86_64-pc-linux-gnu/nios2-elf/lib/libc.a(lib_a-printf.o)
                0x00000000080047c0                _printf_r
 .text.printf   0x00000000080047f0       0x38 /home/tom/intelFPGA_lite/20.1/nios2eds/bin/gnu/H-x86_64-pc-linux-gnu/bin/../lib/gcc/nios2-elf/9.2.1/../../../../../H-x86_64-pc-linux-gnu/nios2-elf/lib/libc.a(lib_a-printf.o)
                0x00000000080047f0                printf
 .text          0x0000000008004828        0x0 /home/tom/intelFPGA_lite/20.1/nios2eds/bin/gnu/H-x86_64-pc-linux-gnu/bin/../lib/gcc/nios2-elf/9.2.1/../../../../../H-x86_64-pc-linux-gnu/nios2-elf/lib/libc.a(lib_a-putchar.o)
 .text._putchar_r
                0x0000000008004828        0x8 /home/tom/intelFPGA_lite/20.1/nios2eds/bin/gnu/H-x86_64-pc-linux-gnu/bin/../lib/gcc/nios2-elf/9.2.1/../../../../../H-x86_64-pc-linux-gnu/nios2-elf/lib/libc.a(lib_a-putchar.o)
                0x0000000008004828                _putchar_r
 .text.putchar  0x0000000008004830       0x18 /home/tom/intelFPGA_lite/20.1/nios2eds/bin/gnu/H-x86_64-pc-linux-gnu/bin/../lib/gcc/nios2-elf/9.2.1/../../../../../H-x86_64-pc-linux-gnu/nios2-elf/lib/libc.a(lib_a-putchar.o)
                0x0000000008004830                putchar
 .text          0x0000000008004848        0x0 /home/tom/intelFPGA_lite/20.1/nios2eds/bin/gnu/H-x86_64-pc-linux-gnu/bin/../lib/gcc/nios2-elf/9.2.1/../../../../../H-x86_64-pc-linux-gnu/nios2-elf/lib/libc.a(lib_a-puts.o)
 .text._puts_r  0x0000000008004848       0xcc /home/tom/intelFPGA_lite/20.1/nios2eds/bin/gnu/H-x86_64-pc-linux-gnu/bin/../lib/gcc/nios2-elf/9.2.1/../../../../../H-x86_64-pc-linux-gnu/nios2-elf/lib/libc.a(lib_a-puts.o)
                0x0000000008004848                _puts_r
 .text.puts     0x0000000008004914       0x10 /home/tom/intelFPGA_lite/20.1/nios2eds/bin/gnu/H-x86_64-pc-linux-gnu/bin/../lib/gcc/nios2-elf/9.2.1/../../../../../H-x86_64-pc-linux-gnu/nios2-elf/lib/libc.a(lib_a-puts.o)
                0x0000000008004914                puts
 .text          0x0000000008004924        0x0 /home/tom/intelFPGA_lite/20.1/nios2eds/bin/gnu/H-x86_64-pc-linux-gnu/bin/../lib/gcc/nios2-elf/9.2.1/../../../../../H-x86_64-pc-linux-gnu/nios2-elf/lib/libc.a(lib_a-sprintf.o)
 .text._sprintf_r
                0x0000000008004924       0x54 /home/tom/intelFPGA_lite/20.1/nios2eds/bin/gnu/H-x86_64-pc-linux-gnu/bin/../lib/gcc/nios2-elf/9.2.1/../../../../../H-x86_64-pc-linux-gnu/nios2-elf/lib/libc.a(lib_a-sprintf.o)
                0x0000000008004924                _sprintf_r
 .text.sprintf  0x0000000008004978       0x64 /home/tom/intelFPGA_lite/20.1/nios2eds/bin/gnu/H-x86_64-pc-linux-gnu/bin/../lib/gcc/nios2-elf/9.2.1/../../../../../H-x86_64-pc-linux-gnu/nios2-elf/lib/libc.a(lib_a-sprintf.o)
                0x0000000008004978                sprintf
 .text          0x00000000080049dc        0x0 /home/tom/intelFPGA_lite/20.1/nios2eds/bin/gnu/H-x86_64-pc-linux-gnu/bin/../lib/gcc/nios2-elf/9.2.1/../../../../../H-x86_64-pc-linux-gnu/nios2-elf/lib/libc.a(lib_a-strcpy.o)
 .text.strcpy   0x00000000080049dc       0x8c /home/tom/intelFPGA_lite/20.1/nios2eds/bin/gnu/H-x86_64-pc-linux-gnu/bin/../lib/gcc/nios2-elf/9.2.1/../../../../../H-x86_64-pc-linux-gnu/nios2-elf/lib/libc.a(lib_a-strcpy.o)
                0x00000000080049dc                strcpy
 .text          0x0000000008004a68        0x0 /home/tom/intelFPGA_lite/20.1/nios2eds/bin/gnu/H-x86_64-pc-linux-gnu/bin/../lib/gcc/nios2-elf/9.2.1/../../../../../H-x86_64-pc-linux-gnu/nios2-elf/lib/libc.a(lib_a-strerror.o)
 .text._strerror_r
                0x0000000008004a68      0x65c /home/tom/intelFPGA_lite/20.1/nios2eds/bin/gnu/H-x86_64-pc-linux-gnu/bin/../lib/gcc/nios2-elf/9.2.1/../../../../../H-x86_64-pc-linux-gnu/nios2-elf/lib/libc.a(lib_a-strerror.o)
                0x0000000008004a68                _strerror_r
 .text.strerror
                0x00000000080050c4       0x18 /home/tom/intelFPGA_lite/20.1/nios2eds/bin/gnu/H-x86_64-pc-linux-gnu/bin/../lib/gcc/nios2-elf/9.2.1/../../../../../H-x86_64-pc-linux-gnu/nios2-elf/lib/libc.a(lib_a-strerror.o)
                0x00000000080050c4                strerror
 .text.strerror_l
                0x00000000080050dc       0x18 /home/tom/intelFPGA_lite/20.1/nios2eds/bin/gnu/H-x86_64-pc-linux-gnu/bin/../lib/gcc/nios2-elf/9.2.1/../../../../../H-x86_64-pc-linux-gnu/nios2-elf/lib/libc.a(lib_a-strerror.o)
                0x00000000080050dc                strerror_l
 .text          0x00000000080050f4        0x0 /home/tom/intelFPGA_lite/20.1/nios2eds/bin/gnu/H-x86_64-pc-linux-gnu/bin/../lib/gcc/nios2-elf/9.2.1/../../../../../H-x86_64-pc-linux-gnu/nios2-elf/lib/libc.a(lib_a-strlen.o)
 .text.strlen   0x00000000080050f4       0x98 /home/tom/intelFPGA_lite/20.1/nios2eds/bin/gnu/H-x86_64-pc-linux-gnu/bin/../lib/gcc/nios2-elf/9.2.1/../../../../../H-x86_64-pc-linux-gnu/nios2-elf/lib/libc.a(lib_a-strlen.o)
                0x00000000080050f4                strlen
 .text          0x000000000800518c        0x0 /home/tom/intelFPGA_lite/20.1/nios2eds/bin/gnu/H-x86_64-pc-linux-gnu/bin/../lib/gcc/nios2-elf/9.2.1/../../../../../H-x86_64-pc-linux-gnu/nios2-elf/lib/libc.a(lib_a-strtok.o)
 .text.strtok   0x000000000800518c       0x14 /home/tom/intelFPGA_lite/20.1/nios2eds/bin/gnu/H-x86_64-pc-linux-gnu/bin/../lib/gcc/nios2-elf/9.2.1/../../../../../H-x86_64-pc-linux-gnu/nios2-elf/lib/libc.a(lib_a-strtok.o)
                0x000000000800518c                strtok
 .text          0x00000000080051a0        0x0 /home/tom/intelFPGA_lite/20.1/nios2eds/bin/gnu/H-x86_64-pc-linux-gnu/bin/../lib/gcc/nios2-elf/9.2.1/../../../../../H-x86_64-pc-linux-gnu/nios2-elf/lib/libc.a(lib_a-strtok_r.o)
 .text.__strtok_r
                0x00000000080051a0       0xa4 /home/tom/intelFPGA_lite/20.1/nios2eds/bin/gnu/H-x86_64-pc-linux-gnu/bin/../lib/gcc/nios2-elf/9.2.1/../../../../../H-x86_64-pc-linux-gnu/nios2-elf/lib/libc.a(lib_a-strtok_r.o)
                0x00000000080051a0                __strtok_r
 .text.strtok_r
                0x0000000008005244        0x8 /home/tom/intelFPGA_lite/20.1/nios2eds/bin/gnu/H-x86_64-pc-linux-gnu/bin/../lib/gcc/nios2-elf/9.2.1/../../../../../H-x86_64-pc-linux-gnu/nios2-elf/lib/libc.a(lib_a-strtok_r.o)
                0x0000000008005244                strtok_r
 .text          0x000000000800524c        0x0 /home/tom/intelFPGA_lite/20.1/nios2eds/bin/gnu/H-x86_64-pc-linux-gnu/bin/../lib/gcc/nios2-elf/9.2.1/../../../../../H-x86_64-pc-linux-gnu/nios2-elf/lib/libc.a(lib_a-strtoul.o)
 .text._strtoul_l.isra.0
                0x000000000800524c      0x248 /home/tom/intelFPGA_lite/20.1/nios2eds/bin/gnu/H-x86_64-pc-linux-gnu/bin/../lib/gcc/nios2-elf/9.2.1/../../../../../H-x86_64-pc-linux-gnu/nios2-elf/lib/libc.a(lib_a-strtoul.o)
 .text._strtoul_r
                0x0000000008005494        0x4 /home/tom/intelFPGA_lite/20.1/nios2eds/bin/gnu/H-x86_64-pc-linux-gnu/bin/../lib/gcc/nios2-elf/9.2.1/../../../../../H-x86_64-pc-linux-gnu/nios2-elf/lib/libc.a(lib_a-strtoul.o)
                0x0000000008005494                _strtoul_r
 .text.strtoul_l
                0x0000000008005498       0x1c /home/tom/intelFPGA_lite/20.1/nios2eds/bin/gnu/H-x86_64-pc-linux-gnu/bin/../lib/gcc/nios2-elf/9.2.1/../../../../../H-x86_64-pc-linux-gnu/nios2-elf/lib/libc.a(lib_a-strtoul.o)
                0x0000000008005498                strtoul_l
 .text.strtoul  0x00000000080054b4       0x1c /home/tom/intelFPGA_lite/20.1/nios2eds/bin/gnu/H-x86_64-pc-linux-gnu/bin/../lib/gcc/nios2-elf/9.2.1/../../../../../H-x86_64-pc-linux-gnu/nios2-elf/lib/libc.a(lib_a-strtoul.o)
                0x00000000080054b4                strtoul
 .text          0x00000000080054d0        0x0 /home/tom/intelFPGA_lite/20.1/nios2eds/bin/gnu/H-x86_64-pc-linux-gnu/bin/../lib/gcc/nios2-elf/9.2.1/../../../../../H-x86_64-pc-linux-gnu/nios2-elf/lib/libc.a(lib_a-svfprintf.o)
 .text.___svfprintf_internal_r
                0x00000000080054d0     0x209c /home/tom/intelFPGA_lite/20.1/nios2eds/bin/gnu/H-x86_64-pc-linux-gnu/bin/../lib/gcc/nios2-elf/9.2.1/../../../../../H-x86_64-pc-linux-gnu/nios2-elf/lib/libc.a(lib_a-svfprintf.o)
                0x00000000080054d0                ___svfprintf_internal_r
 .text          0x000000000800756c        0x0 /home/tom/intelFPGA_lite/20.1/nios2eds/bin/gnu/H-x86_64-pc-linux-gnu/bin/../lib/gcc/nios2-elf/9.2.1/../../../../../H-x86_64-pc-linux-gnu/nios2-elf/lib/libc.a(lib_a-u_strerr.o)
 .text._user_strerror
                0x000000000800756c        0x8 /home/tom/intelFPGA_lite/20.1/nios2eds/bin/gnu/H-x86_64-pc-linux-gnu/bin/../lib/gcc/nios2-elf/9.2.1/../../../../../H-x86_64-pc-linux-gnu/nios2-elf/lib/libc.a(lib_a-u_strerr.o)
                0x000000000800756c                _user_strerror
 .text          0x0000000008007574        0x0 /home/tom/intelFPGA_lite/20.1/nios2eds/bin/gnu/H-x86_64-pc-linux-gnu/bin/../lib/gcc/nios2-elf/9.2.1/../../../../../H-x86_64-pc-linux-gnu/nios2-elf/lib/libc.a(lib_a-vfprintf.o)
 .text.___vfprintf_internal_r
                0x0000000008007574     0x20dc /home/tom/intelFPGA_lite/20.1/nios2eds/bin/gnu/H-x86_64-pc-linux-gnu/bin/../lib/gcc/nios2-elf/9.2.1/../../../../../H-x86_64-pc-linux-gnu/nios2-elf/lib/libc.a(lib_a-vfprintf.o)
                0x0000000008007574                ___vfprintf_internal_r
 .text.__vfprintf_internal
                0x0000000008009650       0x1c /home/tom/intelFPGA_lite/20.1/nios2eds/bin/gnu/H-x86_64-pc-linux-gnu/bin/../lib/gcc/nios2-elf/9.2.1/../../../../../H-x86_64-pc-linux-gnu/nios2-elf/lib/libc.a(lib_a-vfprintf.o)
                0x0000000008009650                __vfprintf_internal
 .text.__sbprintf
                0x000000000800966c       0xc0 /home/tom/intelFPGA_lite/20.1/nios2eds/bin/gnu/H-x86_64-pc-linux-gnu/bin/../lib/gcc/nios2-elf/9.2.1/../../../../../H-x86_64-pc-linux-gnu/nios2-elf/lib/libc.a(lib_a-vfprintf.o)
 .text          0x000000000800972c        0x0 /home/tom/intelFPGA_lite/20.1/nios2eds/bin/gnu/H-x86_64-pc-linux-gnu/bin/../lib/gcc/nios2-elf/9.2.1/../../../../../H-x86_64-pc-linux-gnu/nios2-elf/lib/libc.a(lib_a-writer.o)
 .text._write_r
                0x000000000800972c       0x64 /home/tom/intelFPGA_lite/20.1/nios2eds/bin/gnu/H-x86_64-pc-linux-gnu/bin/../lib/gcc/nios2-elf/9.2.1/../../../../../H-x86_64-pc-linux-gnu/nios2-elf/lib/libc.a(lib_a-writer.o)
                0x000000000800972c                _write_r
 .text          0x0000000008009790        0x0 /home/tom/intelFPGA_lite/20.1/nios2eds/bin/gnu/H-x86_64-pc-linux-gnu/bin/../lib/gcc/nios2-elf/9.2.1/../../../../../H-x86_64-pc-linux-gnu/nios2-elf/lib/libc.a(lib_a-wsetup.o)
 .text.__swsetup_r
                0x0000000008009790      0x15c /home/tom/intelFPGA_lite/20.1/nios2eds/bin/gnu/H-x86_64-pc-linux-gnu/bin/../lib/gcc/nios2-elf/9.2.1/../../../../../H-x86_64-pc-linux-gnu/nios2-elf/lib/libc.a(lib_a-wsetup.o)
                0x0000000008009790                __swsetup_r
 .text          0x00000000080098ec        0x0 /home/tom/intelFPGA_lite/20.1/nios2eds/bin/gnu/H-x86_64-pc-linux-gnu/bin/../lib/gcc/nios2-elf/9.2.1/../../../../../H-x86_64-pc-linux-gnu/nios2-elf/lib/libc.a(lib_a-dtoa.o)
 .text.quorem   0x00000000080098ec      0x1fc /home/tom/intelFPGA_lite/20.1/nios2eds/bin/gnu/H-x86_64-pc-linux-gnu/bin/../lib/gcc/nios2-elf/9.2.1/../../../../../H-x86_64-pc-linux-gnu/nios2-elf/lib/libc.a(lib_a-dtoa.o)
 .text._dtoa_r  0x0000000008009ae8     0x1750 /home/tom/intelFPGA_lite/20.1/nios2eds/bin/gnu/H-x86_64-pc-linux-gnu/bin/../lib/gcc/nios2-elf/9.2.1/../../../../../H-x86_64-pc-linux-gnu/nios2-elf/lib/libc.a(lib_a-dtoa.o)
                0x0000000008009ae8                _dtoa_r
 .text          0x000000000800b238        0x0 /home/tom/intelFPGA_lite/20.1/nios2eds/bin/gnu/H-x86_64-pc-linux-gnu/bin/../lib/gcc/nios2-elf/9.2.1/../../../../../H-x86_64-pc-linux-gnu/nios2-elf/lib/libc.a(lib_a-fflush.o)
 .text.__sflush_r
                0x000000000800b238      0x228 /home/tom/intelFPGA_lite/20.1/nios2eds/bin/gnu/H-x86_64-pc-linux-gnu/bin/../lib/gcc/nios2-elf/9.2.1/../../../../../H-x86_64-pc-linux-gnu/nios2-elf/lib/libc.a(lib_a-fflush.o)
                0x000000000800b238                __sflush_r
 .text._fflush_r
                0x000000000800b460       0x60 /home/tom/intelFPGA_lite/20.1/nios2eds/bin/gnu/H-x86_64-pc-linux-gnu/bin/../lib/gcc/nios2-elf/9.2.1/../../../../../H-x86_64-pc-linux-gnu/nios2-elf/lib/libc.a(lib_a-fflush.o)
                0x000000000800b460                _fflush_r
 .text.fflush   0x000000000800b4c0       0x28 /home/tom/intelFPGA_lite/20.1/nios2eds/bin/gnu/H-x86_64-pc-linux-gnu/bin/../lib/gcc/nios2-elf/9.2.1/../../../../../H-x86_64-pc-linux-gnu/nios2-elf/lib/libc.a(lib_a-fflush.o)
                0x000000000800b4c0                fflush
 .text          0x000000000800b4e8        0x0 /home/tom/intelFPGA_lite/20.1/nios2eds/bin/gnu/H-x86_64-pc-linux-gnu/bin/../lib/gcc/nios2-elf/9.2.1/../../../../../H-x86_64-pc-linux-gnu/nios2-elf/lib/libc.a(lib_a-fileno.o)
 .text.fileno   0x000000000800b4e8       0x64 /home/tom/intelFPGA_lite/20.1/nios2eds/bin/gnu/H-x86_64-pc-linux-gnu/bin/../lib/gcc/nios2-elf/9.2.1/../../../../../H-x86_64-pc-linux-gnu/nios2-elf/lib/libc.a(lib_a-fileno.o)
                0x000000000800b4e8                fileno
 .text          0x000000000800b54c        0x0 /home/tom/intelFPGA_lite/20.1/nios2eds/bin/gnu/H-x86_64-pc-linux-gnu/bin/../lib/gcc/nios2-elf/9.2.1/../../../../../H-x86_64-pc-linux-gnu/nios2-elf/lib/libc.a(lib_a-findfp.o)
 .text.__fp_lock
                0x000000000800b54c        0x8 /home/tom/intelFPGA_lite/20.1/nios2eds/bin/gnu/H-x86_64-pc-linux-gnu/bin/../lib/gcc/nios2-elf/9.2.1/../../../../../H-x86_64-pc-linux-gnu/nios2-elf/lib/libc.a(lib_a-findfp.o)
 .text._cleanup_r
                0x000000000800b554        0xc /home/tom/intelFPGA_lite/20.1/nios2eds/bin/gnu/H-x86_64-pc-linux-gnu/bin/../lib/gcc/nios2-elf/9.2.1/../../../../../H-x86_64-pc-linux-gnu/nios2-elf/lib/libc.a(lib_a-findfp.o)
                0x000000000800b554                _cleanup_r
 .text.__sinit.part.0
                0x000000000800b560      0x168 /home/tom/intelFPGA_lite/20.1/nios2eds/bin/gnu/H-x86_64-pc-linux-gnu/bin/../lib/gcc/nios2-elf/9.2.1/../../../../../H-x86_64-pc-linux-gnu/nios2-elf/lib/libc.a(lib_a-findfp.o)
 .text.__fp_unlock
                0x000000000800b6c8        0x8 /home/tom/intelFPGA_lite/20.1/nios2eds/bin/gnu/H-x86_64-pc-linux-gnu/bin/../lib/gcc/nios2-elf/9.2.1/../../../../../H-x86_64-pc-linux-gnu/nios2-elf/lib/libc.a(lib_a-findfp.o)
 .text.__sfmoreglue
                0x000000000800b6d0       0x68 /home/tom/intelFPGA_lite/20.1/nios2eds/bin/gnu/H-x86_64-pc-linux-gnu/bin/../lib/gcc/nios2-elf/9.2.1/../../../../../H-x86_64-pc-linux-gnu/nios2-elf/lib/libc.a(lib_a-findfp.o)
                0x000000000800b6d0                __sfmoreglue
 .text.__sfp    0x000000000800b738       0xfc /home/tom/intelFPGA_lite/20.1/nios2eds/bin/gnu/H-x86_64-pc-linux-gnu/bin/../lib/gcc/nios2-elf/9.2.1/../../../../../H-x86_64-pc-linux-gnu/nios2-elf/lib/libc.a(lib_a-findfp.o)
                0x000000000800b738                __sfp
 .text._cleanup
                0x000000000800b834       0x14 /home/tom/intelFPGA_lite/20.1/nios2eds/bin/gnu/H-x86_64-pc-linux-gnu/bin/../lib/gcc/nios2-elf/9.2.1/../../../../../H-x86_64-pc-linux-gnu/nios2-elf/lib/libc.a(lib_a-findfp.o)
                0x000000000800b834                _cleanup
 .text.__sinit  0x000000000800b848       0x10 /home/tom/intelFPGA_lite/20.1/nios2eds/bin/gnu/H-x86_64-pc-linux-gnu/bin/../lib/gcc/nios2-elf/9.2.1/../../../../../H-x86_64-pc-linux-gnu/nios2-elf/lib/libc.a(lib_a-findfp.o)
                0x000000000800b848                __sinit
 .text.__sfp_lock_acquire
                0x000000000800b858        0x4 /home/tom/intelFPGA_lite/20.1/nios2eds/bin/gnu/H-x86_64-pc-linux-gnu/bin/../lib/gcc/nios2-elf/9.2.1/../../../../../H-x86_64-pc-linux-gnu/nios2-elf/lib/libc.a(lib_a-findfp.o)
                0x000000000800b858                __sfp_lock_acquire
 .text.__sfp_lock_release
                0x000000000800b85c        0x4 /home/tom/intelFPGA_lite/20.1/nios2eds/bin/gnu/H-x86_64-pc-linux-gnu/bin/../lib/gcc/nios2-elf/9.2.1/../../../../../H-x86_64-pc-linux-gnu/nios2-elf/lib/libc.a(lib_a-findfp.o)
                0x000000000800b85c                __sfp_lock_release
 .text.__sinit_lock_acquire
                0x000000000800b860        0x4 /home/tom/intelFPGA_lite/20.1/nios2eds/bin/gnu/H-x86_64-pc-linux-gnu/bin/../lib/gcc/nios2-elf/9.2.1/../../../../../H-x86_64-pc-linux-gnu/nios2-elf/lib/libc.a(lib_a-findfp.o)
                0x000000000800b860                __sinit_lock_acquire
 .text.__sinit_lock_release
                0x000000000800b864        0x4 /home/tom/intelFPGA_lite/20.1/nios2eds/bin/gnu/H-x86_64-pc-linux-gnu/bin/../lib/gcc/nios2-elf/9.2.1/../../../../../H-x86_64-pc-linux-gnu/nios2-elf/lib/libc.a(lib_a-findfp.o)
                0x000000000800b864                __sinit_lock_release
 .text.__fp_lock_all
                0x000000000800b868       0x14 /home/tom/intelFPGA_lite/20.1/nios2eds/bin/gnu/H-x86_64-pc-linux-gnu/bin/../lib/gcc/nios2-elf/9.2.1/../../../../../H-x86_64-pc-linux-gnu/nios2-elf/lib/libc.a(lib_a-findfp.o)
                0x000000000800b868                __fp_lock_all
 .text.__fp_unlock_all
                0x000000000800b87c       0x14 /home/tom/intelFPGA_lite/20.1/nios2eds/bin/gnu/H-x86_64-pc-linux-gnu/bin/../lib/gcc/nios2-elf/9.2.1/../../../../../H-x86_64-pc-linux-gnu/nios2-elf/lib/libc.a(lib_a-findfp.o)
                0x000000000800b87c                __fp_unlock_all
 .text          0x000000000800b890        0x0 /home/tom/intelFPGA_lite/20.1/nios2eds/bin/gnu/H-x86_64-pc-linux-gnu/bin/../lib/gcc/nios2-elf/9.2.1/../../../../../H-x86_64-pc-linux-gnu/nios2-elf/lib/libc.a(lib_a-freer.o)
 .text._malloc_trim_r
                0x000000000800b890      0x11c /home/tom/intelFPGA_lite/20.1/nios2eds/bin/gnu/H-x86_64-pc-linux-gnu/bin/../lib/gcc/nios2-elf/9.2.1/../../../../../H-x86_64-pc-linux-gnu/nios2-elf/lib/libc.a(lib_a-freer.o)
                0x000000000800b890                _malloc_trim_r
 .text._free_r  0x000000000800b9ac      0x2fc /home/tom/intelFPGA_lite/20.1/nios2eds/bin/gnu/H-x86_64-pc-linux-gnu/bin/../lib/gcc/nios2-elf/9.2.1/../../../../../H-x86_64-pc-linux-gnu/nios2-elf/lib/libc.a(lib_a-freer.o)
                0x000000000800b9ac                _free_r
 .text          0x000000000800bca8        0x0 /home/tom/intelFPGA_lite/20.1/nios2eds/bin/gnu/H-x86_64-pc-linux-gnu/bin/../lib/gcc/nios2-elf/9.2.1/../../../../../H-x86_64-pc-linux-gnu/nios2-elf/lib/libc.a(lib_a-fvwrite.o)
 .text.__sfvwrite_r
                0x000000000800bca8      0x4bc /home/tom/intelFPGA_lite/20.1/nios2eds/bin/gnu/H-x86_64-pc-linux-gnu/bin/../lib/gcc/nios2-elf/9.2.1/../../../../../H-x86_64-pc-linux-gnu/nios2-elf/lib/libc.a(lib_a-fvwrite.o)
                0x000000000800bca8                __sfvwrite_r
 .text          0x000000000800c164        0x0 /home/tom/intelFPGA_lite/20.1/nios2eds/bin/gnu/H-x86_64-pc-linux-gnu/bin/../lib/gcc/nios2-elf/9.2.1/../../../../../H-x86_64-pc-linux-gnu/nios2-elf/lib/libc.a(lib_a-fwalk.o)
 .text._fwalk   0x000000000800c164       0x98 /home/tom/intelFPGA_lite/20.1/nios2eds/bin/gnu/H-x86_64-pc-linux-gnu/bin/../lib/gcc/nios2-elf/9.2.1/../../../../../H-x86_64-pc-linux-gnu/nios2-elf/lib/libc.a(lib_a-fwalk.o)
                0x000000000800c164                _fwalk
 .text._fwalk_reent
                0x000000000800c1fc       0xa8 /home/tom/intelFPGA_lite/20.1/nios2eds/bin/gnu/H-x86_64-pc-linux-gnu/bin/../lib/gcc/nios2-elf/9.2.1/../../../../../H-x86_64-pc-linux-gnu/nios2-elf/lib/libc.a(lib_a-fwalk.o)
                0x000000000800c1fc                _fwalk_reent
 .text          0x000000000800c2a4        0x0 /home/tom/intelFPGA_lite/20.1/nios2eds/bin/gnu/H-x86_64-pc-linux-gnu/bin/../lib/gcc/nios2-elf/9.2.1/../../../../../H-x86_64-pc-linux-gnu/nios2-elf/lib/libc.a(lib_a-getc.o)
 .text._getc_r  0x000000000800c2a4       0x7c /home/tom/intelFPGA_lite/20.1/nios2eds/bin/gnu/H-x86_64-pc-linux-gnu/bin/../lib/gcc/nios2-elf/9.2.1/../../../../../H-x86_64-pc-linux-gnu/nios2-elf/lib/libc.a(lib_a-getc.o)
                0x000000000800c2a4                _getc_r
 .text.getc     0x000000000800c320       0x90 /home/tom/intelFPGA_lite/20.1/nios2eds/bin/gnu/H-x86_64-pc-linux-gnu/bin/../lib/gcc/nios2-elf/9.2.1/../../../../../H-x86_64-pc-linux-gnu/nios2-elf/lib/libc.a(lib_a-getc.o)
                0x000000000800c320                getc
 .text          0x000000000800c3b0        0x0 /home/tom/intelFPGA_lite/20.1/nios2eds/bin/gnu/H-x86_64-pc-linux-gnu/bin/../lib/gcc/nios2-elf/9.2.1/../../../../../H-x86_64-pc-linux-gnu/nios2-elf/lib/libc.a(lib_a-int_errno.o)
 .text          0x000000000800c3b0        0x0 /home/tom/intelFPGA_lite/20.1/nios2eds/bin/gnu/H-x86_64-pc-linux-gnu/bin/../lib/gcc/nios2-elf/9.2.1/../../../../../H-x86_64-pc-linux-gnu/nios2-elf/lib/libc.a(lib_a-localeconv.o)
 .text.__localeconv_l
                0x000000000800c3b0        0x8 /home/tom/intelFPGA_lite/20.1/nios2eds/bin/gnu/H-x86_64-pc-linux-gnu/bin/../lib/gcc/nios2-elf/9.2.1/../../../../../H-x86_64-pc-linux-gnu/nios2-elf/lib/libc.a(lib_a-localeconv.o)
                0x000000000800c3b0                __localeconv_l
 .text._localeconv_r
                0x000000000800c3b8        0xc /home/tom/intelFPGA_lite/20.1/nios2eds/bin/gnu/H-x86_64-pc-linux-gnu/bin/../lib/gcc/nios2-elf/9.2.1/../../../../../H-x86_64-pc-linux-gnu/nios2-elf/lib/libc.a(lib_a-localeconv.o)
                0x000000000800c3b8                _localeconv_r
 .text.localeconv
                0x000000000800c3c4        0xc /home/tom/intelFPGA_lite/20.1/nios2eds/bin/gnu/H-x86_64-pc-linux-gnu/bin/../lib/gcc/nios2-elf/9.2.1/../../../../../H-x86_64-pc-linux-gnu/nios2-elf/lib/libc.a(lib_a-localeconv.o)
                0x000000000800c3c4                localeconv
 .text          0x000000000800c3d0        0x0 /home/tom/intelFPGA_lite/20.1/nios2eds/bin/gnu/H-x86_64-pc-linux-gnu/bin/../lib/gcc/nios2-elf/9.2.1/../../../../../H-x86_64-pc-linux-gnu/nios2-elf/lib/libc.a(lib_a-makebuf.o)
 .text.__swhatbuf_r
                0x000000000800c3d0       0x98 /home/tom/intelFPGA_lite/20.1/nios2eds/bin/gnu/H-x86_64-pc-linux-gnu/bin/../lib/gcc/nios2-elf/9.2.1/../../../../../H-x86_64-pc-linux-gnu/nios2-elf/lib/libc.a(lib_a-makebuf.o)
                0x000000000800c3d0                __swhatbuf_r
 .text.__smakebuf_r
                0x000000000800c468      0x140 /home/tom/intelFPGA_lite/20.1/nios2eds/bin/gnu/H-x86_64-pc-linux-gnu/bin/../lib/gcc/nios2-elf/9.2.1/../../../../../H-x86_64-pc-linux-gnu/nios2-elf/lib/libc.a(lib_a-makebuf.o)
                0x000000000800c468                __smakebuf_r
 .text          0x000000000800c5a8        0x0 /home/tom/intelFPGA_lite/20.1/nios2eds/bin/gnu/H-x86_64-pc-linux-gnu/bin/../lib/gcc/nios2-elf/9.2.1/../../../../../H-x86_64-pc-linux-gnu/nios2-elf/lib/libc.a(lib_a-mallocr.o)
 .text._malloc_r
                0x000000000800c5a8      0x7e0 /home/tom/intelFPGA_lite/20.1/nios2eds/bin/gnu/H-x86_64-pc-linux-gnu/bin/../lib/gcc/nios2-elf/9.2.1/../../../../../H-x86_64-pc-linux-gnu/nios2-elf/lib/libc.a(lib_a-mallocr.o)
                0x000000000800c5a8                _malloc_r
 .text          0x000000000800cd88        0x0 /home/tom/intelFPGA_lite/20.1/nios2eds/bin/gnu/H-x86_64-pc-linux-gnu/bin/../lib/gcc/nios2-elf/9.2.1/../../../../../H-x86_64-pc-linux-gnu/nios2-elf/lib/libc.a(lib_a-memchr.o)
 .text.memchr   0x000000000800cd88       0xd4 /home/tom/intelFPGA_lite/20.1/nios2eds/bin/gnu/H-x86_64-pc-linux-gnu/bin/../lib/gcc/nios2-elf/9.2.1/../../../../../H-x86_64-pc-linux-gnu/nios2-elf/lib/libc.a(lib_a-memchr.o)
                0x000000000800cd88                memchr
 .text          0x000000000800ce5c        0x0 /home/tom/intelFPGA_lite/20.1/nios2eds/bin/gnu/H-x86_64-pc-linux-gnu/bin/../lib/gcc/nios2-elf/9.2.1/../../../../../H-x86_64-pc-linux-gnu/nios2-elf/lib/libc.a(lib_a-memmove.o)
 .text.memmove  0x000000000800ce5c      0x12c /home/tom/intelFPGA_lite/20.1/nios2eds/bin/gnu/H-x86_64-pc-linux-gnu/bin/../lib/gcc/nios2-elf/9.2.1/../../../../../H-x86_64-pc-linux-gnu/nios2-elf/lib/libc.a(lib_a-memmove.o)
                0x000000000800ce5c                memmove
 .text          0x000000000800cf88        0x0 /home/tom/intelFPGA_lite/20.1/nios2eds/bin/gnu/H-x86_64-pc-linux-gnu/bin/../lib/gcc/nios2-elf/9.2.1/../../../../../H-x86_64-pc-linux-gnu/nios2-elf/lib/libc.a(lib_a-mprec.o)
 .text._Balloc  0x000000000800cf88       0xa4 /home/tom/intelFPGA_lite/20.1/nios2eds/bin/gnu/H-x86_64-pc-linux-gnu/bin/../lib/gcc/nios2-elf/9.2.1/../../../../../H-x86_64-pc-linux-gnu/nios2-elf/lib/libc.a(lib_a-mprec.o)
                0x000000000800cf88                _Balloc
 .text._Bfree   0x000000000800d02c       0x24 /home/tom/intelFPGA_lite/20.1/nios2eds/bin/gnu/H-x86_64-pc-linux-gnu/bin/../lib/gcc/nios2-elf/9.2.1/../../../../../H-x86_64-pc-linux-gnu/nios2-elf/lib/libc.a(lib_a-mprec.o)
                0x000000000800d02c                _Bfree
 .text.__multadd
                0x000000000800d050      0x138 /home/tom/intelFPGA_lite/20.1/nios2eds/bin/gnu/H-x86_64-pc-linux-gnu/bin/../lib/gcc/nios2-elf/9.2.1/../../../../../H-x86_64-pc-linux-gnu/nios2-elf/lib/libc.a(lib_a-mprec.o)
                0x000000000800d050                __multadd
 .text.__s2b    0x000000000800d188      0x138 /home/tom/intelFPGA_lite/20.1/nios2eds/bin/gnu/H-x86_64-pc-linux-gnu/bin/../lib/gcc/nios2-elf/9.2.1/../../../../../H-x86_64-pc-linux-gnu/nios2-elf/lib/libc.a(lib_a-mprec.o)
                0x000000000800d188                __s2b
 .text.__hi0bits
                0x000000000800d2c0       0x64 /home/tom/intelFPGA_lite/20.1/nios2eds/bin/gnu/H-x86_64-pc-linux-gnu/bin/../lib/gcc/nios2-elf/9.2.1/../../../../../H-x86_64-pc-linux-gnu/nios2-elf/lib/libc.a(lib_a-mprec.o)
                0x000000000800d2c0                __hi0bits
 .text.__lo0bits
                0x000000000800d324       0xb0 /home/tom/intelFPGA_lite/20.1/nios2eds/bin/gnu/H-x86_64-pc-linux-gnu/bin/../lib/gcc/nios2-elf/9.2.1/../../../../../H-x86_64-pc-linux-gnu/nios2-elf/lib/libc.a(lib_a-mprec.o)
                0x000000000800d324                __lo0bits
 .text.__i2b    0x000000000800d3d4       0x54 /home/tom/intelFPGA_lite/20.1/nios2eds/bin/gnu/H-x86_64-pc-linux-gnu/bin/../lib/gcc/nios2-elf/9.2.1/../../../../../H-x86_64-pc-linux-gnu/nios2-elf/lib/libc.a(lib_a-mprec.o)
                0x000000000800d3d4                __i2b
 .text.__multiply
                0x000000000800d428      0x230 /home/tom/intelFPGA_lite/20.1/nios2eds/bin/gnu/H-x86_64-pc-linux-gnu/bin/../lib/gcc/nios2-elf/9.2.1/../../../../../H-x86_64-pc-linux-gnu/nios2-elf/lib/libc.a(lib_a-mprec.o)
                0x000000000800d428                __multiply
 .text.__pow5mult
                0x000000000800d658      0x118 /home/tom/intelFPGA_lite/20.1/nios2eds/bin/gnu/H-x86_64-pc-linux-gnu/bin/../lib/gcc/nios2-elf/9.2.1/../../../../../H-x86_64-pc-linux-gnu/nios2-elf/lib/libc.a(lib_a-mprec.o)
                0x000000000800d658                __pow5mult
 .text.__lshift
                0x000000000800d770      0x188 /home/tom/intelFPGA_lite/20.1/nios2eds/bin/gnu/H-x86_64-pc-linux-gnu/bin/../lib/gcc/nios2-elf/9.2.1/../../../../../H-x86_64-pc-linux-gnu/nios2-elf/lib/libc.a(lib_a-mprec.o)
                0x000000000800d770                __lshift
 .text.__mcmp   0x000000000800d8f8       0x58 /home/tom/intelFPGA_lite/20.1/nios2eds/bin/gnu/H-x86_64-pc-linux-gnu/bin/../lib/gcc/nios2-elf/9.2.1/../../../../../H-x86_64-pc-linux-gnu/nios2-elf/lib/libc.a(lib_a-mprec.o)
                0x000000000800d8f8                __mcmp
 .text.__mdiff  0x000000000800d950      0x22c /home/tom/intelFPGA_lite/20.1/nios2eds/bin/gnu/H-x86_64-pc-linux-gnu/bin/../lib/gcc/nios2-elf/9.2.1/../../../../../H-x86_64-pc-linux-gnu/nios2-elf/lib/libc.a(lib_a-mprec.o)
                0x000000000800d950                __mdiff
 .text.__ulp    0x000000000800db7c       0x5c /home/tom/intelFPGA_lite/20.1/nios2eds/bin/gnu/H-x86_64-pc-linux-gnu/bin/../lib/gcc/nios2-elf/9.2.1/../../../../../H-x86_64-pc-linux-gnu/nios2-elf/lib/libc.a(lib_a-mprec.o)
                0x000000000800db7c                __ulp
 .text.__b2d    0x000000000800dbd8      0x104 /home/tom/intelFPGA_lite/20.1/nios2eds/bin/gnu/H-x86_64-pc-linux-gnu/bin/../lib/gcc/nios2-elf/9.2.1/../../../../../H-x86_64-pc-linux-gnu/nios2-elf/lib/libc.a(lib_a-mprec.o)
                0x000000000800dbd8                __b2d
 .text.__d2b    0x000000000800dcdc      0x164 /home/tom/intelFPGA_lite/20.1/nios2eds/bin/gnu/H-x86_64-pc-linux-gnu/bin/../lib/gcc/nios2-elf/9.2.1/../../../../../H-x86_64-pc-linux-gnu/nios2-elf/lib/libc.a(lib_a-mprec.o)
                0x000000000800dcdc                __d2b
 .text.__ratio  0x000000000800de40       0xa8 /home/tom/intelFPGA_lite/20.1/nios2eds/bin/gnu/H-x86_64-pc-linux-gnu/bin/../lib/gcc/nios2-elf/9.2.1/../../../../../H-x86_64-pc-linux-gnu/nios2-elf/lib/libc.a(lib_a-mprec.o)
                0x000000000800de40                __ratio
 .text._mprec_log10
                0x000000000800dee8       0x70 /home/tom/intelFPGA_lite/20.1/nios2eds/bin/gnu/H-x86_64-pc-linux-gnu/bin/../lib/gcc/nios2-elf/9.2.1/../../../../../H-x86_64-pc-linux-gnu/nios2-elf/lib/libc.a(lib_a-mprec.o)
                0x000000000800dee8                _mprec_log10
 .text.__copybits
                0x000000000800df58       0x6c /home/tom/intelFPGA_lite/20.1/nios2eds/bin/gnu/H-x86_64-pc-linux-gnu/bin/../lib/gcc/nios2-elf/9.2.1/../../../../../H-x86_64-pc-linux-gnu/nios2-elf/lib/libc.a(lib_a-mprec.o)
                0x000000000800df58                __copybits
 .text.__any_on
                0x000000000800dfc4       0x60 /home/tom/intelFPGA_lite/20.1/nios2eds/bin/gnu/H-x86_64-pc-linux-gnu/bin/../lib/gcc/nios2-elf/9.2.1/../../../../../H-x86_64-pc-linux-gnu/nios2-elf/lib/libc.a(lib_a-mprec.o)
                0x000000000800dfc4                __any_on
 .text          0x000000000800e024        0x0 /home/tom/intelFPGA_lite/20.1/nios2eds/bin/gnu/H-x86_64-pc-linux-gnu/bin/../lib/gcc/nios2-elf/9.2.1/../../../../../H-x86_64-pc-linux-gnu/nios2-elf/lib/libc.a(lib_a-putc.o)
 .text._putc_r  0x000000000800e024       0xcc /home/tom/intelFPGA_lite/20.1/nios2eds/bin/gnu/H-x86_64-pc-linux-gnu/bin/../lib/gcc/nios2-elf/9.2.1/../../../../../H-x86_64-pc-linux-gnu/nios2-elf/lib/libc.a(lib_a-putc.o)
                0x000000000800e024                _putc_r
 .text.putc     0x000000000800e0f0       0xe0 /home/tom/intelFPGA_lite/20.1/nios2eds/bin/gnu/H-x86_64-pc-linux-gnu/bin/../lib/gcc/nios2-elf/9.2.1/../../../../../H-x86_64-pc-linux-gnu/nios2-elf/lib/libc.a(lib_a-putc.o)
                0x000000000800e0f0                putc
 .text          0x000000000800e1d0        0x0 /home/tom/intelFPGA_lite/20.1/nios2eds/bin/gnu/H-x86_64-pc-linux-gnu/bin/../lib/gcc/nios2-elf/9.2.1/../../../../../H-x86_64-pc-linux-gnu/nios2-elf/lib/libc.a(lib_a-reallocr.o)
 .text._realloc_r
                0x000000000800e1d0      0x564 /home/tom/intelFPGA_lite/20.1/nios2eds/bin/gnu/H-x86_64-pc-linux-gnu/bin/../lib/gcc/nios2-elf/9.2.1/../../../../../H-x86_64-pc-linux-gnu/nios2-elf/lib/libc.a(lib_a-reallocr.o)
                0x000000000800e1d0                _realloc_r
 .text          0x000000000800e734        0x0 /home/tom/intelFPGA_lite/20.1/nios2eds/bin/gnu/H-x86_64-pc-linux-gnu/bin/../lib/gcc/nios2-elf/9.2.1/../../../../../H-x86_64-pc-linux-gnu/nios2-elf/lib/libc.a(lib_a-rget.o)
 .text.__srget_r
                0x000000000800e734       0x74 /home/tom/intelFPGA_lite/20.1/nios2eds/bin/gnu/H-x86_64-pc-linux-gnu/bin/../lib/gcc/nios2-elf/9.2.1/../../../../../H-x86_64-pc-linux-gnu/nios2-elf/lib/libc.a(lib_a-rget.o)
                0x000000000800e734                __srget_r
 .text.__srget  0x000000000800e7a8       0x10 /home/tom/intelFPGA_lite/20.1/nios2eds/bin/gnu/H-x86_64-pc-linux-gnu/bin/../lib/gcc/nios2-elf/9.2.1/../../../../../H-x86_64-pc-linux-gnu/nios2-elf/lib/libc.a(lib_a-rget.o)
                0x000000000800e7a8                __srget
 .text          0x000000000800e7b8        0x0 /home/tom/intelFPGA_lite/20.1/nios2eds/bin/gnu/H-x86_64-pc-linux-gnu/bin/../lib/gcc/nios2-elf/9.2.1/../../../../../H-x86_64-pc-linux-gnu/nios2-elf/lib/libc.a(lib_a-sbrkr.o)
 .text._sbrk_r  0x000000000800e7b8       0x58 /home/tom/intelFPGA_lite/20.1/nios2eds/bin/gnu/H-x86_64-pc-linux-gnu/bin/../lib/gcc/nios2-elf/9.2.1/../../../../../H-x86_64-pc-linux-gnu/nios2-elf/lib/libc.a(lib_a-sbrkr.o)
                0x000000000800e7b8                _sbrk_r
 .text          0x000000000800e810        0x0 /home/tom/intelFPGA_lite/20.1/nios2eds/bin/gnu/H-x86_64-pc-linux-gnu/bin/../lib/gcc/nios2-elf/9.2.1/../../../../../H-x86_64-pc-linux-gnu/nios2-elf/lib/libc.a(lib_a-stdio.o)
 .text.__sread  0x000000000800e810       0x54 /home/tom/intelFPGA_lite/20.1/nios2eds/bin/gnu/H-x86_64-pc-linux-gnu/bin/../lib/gcc/nios2-elf/9.2.1/../../../../../H-x86_64-pc-linux-gnu/nios2-elf/lib/libc.a(lib_a-stdio.o)
                0x000000000800e810                __sread
 .text.__seofread
                0x000000000800e864        0x8 /home/tom/intelFPGA_lite/20.1/nios2eds/bin/gnu/H-x86_64-pc-linux-gnu/bin/../lib/gcc/nios2-elf/9.2.1/../../../../../H-x86_64-pc-linux-gnu/nios2-elf/lib/libc.a(lib_a-stdio.o)
                0x000000000800e864                __seofread
 .text.__swrite
                0x000000000800e86c       0x80 /home/tom/intelFPGA_lite/20.1/nios2eds/bin/gnu/H-x86_64-pc-linux-gnu/bin/../lib/gcc/nios2-elf/9.2.1/../../../../../H-x86_64-pc-linux-gnu/nios2-elf/lib/libc.a(lib_a-stdio.o)
                0x000000000800e86c                __swrite
 .text.__sseek  0x000000000800e8ec       0x5c /home/tom/intelFPGA_lite/20.1/nios2eds/bin/gnu/H-x86_64-pc-linux-gnu/bin/../lib/gcc/nios2-elf/9.2.1/../../../../../H-x86_64-pc-linux-gnu/nios2-elf/lib/libc.a(lib_a-stdio.o)
                0x000000000800e8ec                __sseek
 .text.__sclose
                0x000000000800e948        0x8 /home/tom/intelFPGA_lite/20.1/nios2eds/bin/gnu/H-x86_64-pc-linux-gnu/bin/../lib/gcc/nios2-elf/9.2.1/../../../../../H-x86_64-pc-linux-gnu/nios2-elf/lib/libc.a(lib_a-stdio.o)
                0x000000000800e948                __sclose
 .text          0x000000000800e950        0x0 /home/tom/intelFPGA_lite/20.1/nios2eds/bin/gnu/H-x86_64-pc-linux-gnu/bin/../lib/gcc/nios2-elf/9.2.1/../../../../../H-x86_64-pc-linux-gnu/nios2-elf/lib/libc.a(lib_a-svfiprintf.o)
 .text.__ssprint_r
                0x000000000800e950      0x1c0 /home/tom/intelFPGA_lite/20.1/nios2eds/bin/gnu/H-x86_64-pc-linux-gnu/bin/../lib/gcc/nios2-elf/9.2.1/../../../../../H-x86_64-pc-linux-gnu/nios2-elf/lib/libc.a(lib_a-svfiprintf.o)
                0x000000000800e950                __ssprint_r
 .text.___svfiprintf_internal_r
                0x000000000800eb10     0x10e4 /home/tom/intelFPGA_lite/20.1/nios2eds/bin/gnu/H-x86_64-pc-linux-gnu/bin/../lib/gcc/nios2-elf/9.2.1/../../../../../H-x86_64-pc-linux-gnu/nios2-elf/lib/libc.a(lib_a-svfiprintf.o)
                0x000000000800eb10                ___svfiprintf_internal_r
 .text          0x000000000800fbf4        0x0 /home/tom/intelFPGA_lite/20.1/nios2eds/bin/gnu/H-x86_64-pc-linux-gnu/bin/../lib/gcc/nios2-elf/9.2.1/../../../../../H-x86_64-pc-linux-gnu/nios2-elf/lib/libc.a(lib_a-vfiprintf.o)
 .text.__sprint_r.part.0
                0x000000000800fbf4       0xf4 /home/tom/intelFPGA_lite/20.1/nios2eds/bin/gnu/H-x86_64-pc-linux-gnu/bin/../lib/gcc/nios2-elf/9.2.1/../../../../../H-x86_64-pc-linux-gnu/nios2-elf/lib/libc.a(lib_a-vfiprintf.o)
 .text.__sprint_r
                0x000000000800fce8       0x18 /home/tom/intelFPGA_lite/20.1/nios2eds/bin/gnu/H-x86_64-pc-linux-gnu/bin/../lib/gcc/nios2-elf/9.2.1/../../../../../H-x86_64-pc-linux-gnu/nios2-elf/lib/libc.a(lib_a-vfiprintf.o)
                0x000000000800fce8                __sprint_r
 .text.___vfiprintf_internal_r
                0x000000000800fd00     0x1304 /home/tom/intelFPGA_lite/20.1/nios2eds/bin/gnu/H-x86_64-pc-linux-gnu/bin/../lib/gcc/nios2-elf/9.2.1/../../../../../H-x86_64-pc-linux-gnu/nios2-elf/lib/libc.a(lib_a-vfiprintf.o)
                0x000000000800fd00                ___vfiprintf_internal_r
 .text.__vfiprintf_internal
                0x0000000008011004       0x1c /home/tom/intelFPGA_lite/20.1/nios2eds/bin/gnu/H-x86_64-pc-linux-gnu/bin/../lib/gcc/nios2-elf/9.2.1/../../../../../H-x86_64-pc-linux-gnu/nios2-elf/lib/libc.a(lib_a-vfiprintf.o)
                0x0000000008011004                __vfiprintf_internal
 .text.__sbprintf
                0x0000000008011020       0xc0 /home/tom/intelFPGA_lite/20.1/nios2eds/bin/gnu/H-x86_64-pc-linux-gnu/bin/../lib/gcc/nios2-elf/9.2.1/../../../../../H-x86_64-pc-linux-gnu/nios2-elf/lib/libc.a(lib_a-vfiprintf.o)
 .text          0x00000000080110e0        0x0 /home/tom/intelFPGA_lite/20.1/nios2eds/bin/gnu/H-x86_64-pc-linux-gnu/bin/../lib/gcc/nios2-elf/9.2.1/../../../../../H-x86_64-pc-linux-gnu/nios2-elf/lib/libc.a(lib_a-wbuf.o)
 .text.__swbuf_r
                0x00000000080110e0      0x148 /home/tom/intelFPGA_lite/20.1/nios2eds/bin/gnu/H-x86_64-pc-linux-gnu/bin/../lib/gcc/nios2-elf/9.2.1/../../../../../H-x86_64-pc-linux-gnu/nios2-elf/lib/libc.a(lib_a-wbuf.o)
                0x00000000080110e0                __swbuf_r
 .text.__swbuf  0x0000000008011228       0x18 /home/tom/intelFPGA_lite/20.1/nios2eds/bin/gnu/H-x86_64-pc-linux-gnu/bin/../lib/gcc/nios2-elf/9.2.1/../../../../../H-x86_64-pc-linux-gnu/nios2-elf/lib/libc.a(lib_a-wbuf.o)
                0x0000000008011228                __swbuf
 .text          0x0000000008011240        0x0 /home/tom/intelFPGA_lite/20.1/nios2eds/bin/gnu/H-x86_64-pc-linux-gnu/bin/../lib/gcc/nios2-elf/9.2.1/../../../../../H-x86_64-pc-linux-gnu/nios2-elf/lib/libc.a(closer.o)
 .text._close_r
                0x0000000008011240       0x58 /home/tom/intelFPGA_lite/20.1/nios2eds/bin/gnu/H-x86_64-pc-linux-gnu/bin/../lib/gcc/nios2-elf/9.2.1/../../../../../H-x86_64-pc-linux-gnu/nios2-elf/lib/libc.a(closer.o)
                0x0000000008011240                _close_r
 .text          0x0000000008011298        0x0 /home/tom/intelFPGA_lite/20.1/nios2eds/bin/gnu/H-x86_64-pc-linux-gnu/bin/../lib/gcc/nios2-elf/9.2.1/../../../../../H-x86_64-pc-linux-gnu/nios2-elf/lib/libc.a(lib_a-assert.o)
 .text.__assert_func
                0x0000000008011298       0x64 /home/tom/intelFPGA_lite/20.1/nios2eds/bin/gnu/H-x86_64-pc-linux-gnu/bin/../lib/gcc/nios2-elf/9.2.1/../../../../../H-x86_64-pc-linux-gnu/nios2-elf/lib/libc.a(lib_a-assert.o)
                0x0000000008011298                __assert_func
 .text.__assert
                0x00000000080112fc       0x14 /home/tom/intelFPGA_lite/20.1/nios2eds/bin/gnu/H-x86_64-pc-linux-gnu/bin/../lib/gcc/nios2-elf/9.2.1/../../../../../H-x86_64-pc-linux-gnu/nios2-elf/lib/libc.a(lib_a-assert.o)
                0x00000000080112fc                __assert
 .text          0x0000000008011310        0x0 /home/tom/intelFPGA_lite/20.1/nios2eds/bin/gnu/H-x86_64-pc-linux-gnu/bin/../lib/gcc/nios2-elf/9.2.1/../../../../../H-x86_64-pc-linux-gnu/nios2-elf/lib/libc.a(lib_a-callocr.o)
 .text._calloc_r
                0x0000000008011310       0xb4 /home/tom/intelFPGA_lite/20.1/nios2eds/bin/gnu/H-x86_64-pc-linux-gnu/bin/../lib/gcc/nios2-elf/9.2.1/../../../../../H-x86_64-pc-linux-gnu/nios2-elf/lib/libc.a(lib_a-callocr.o)
                0x0000000008011310                _calloc_r
 .text          0x00000000080113c4        0x0 /home/tom/intelFPGA_lite/20.1/nios2eds/bin/gnu/H-x86_64-pc-linux-gnu/bin/../lib/gcc/nios2-elf/9.2.1/../../../../../H-x86_64-pc-linux-gnu/nios2-elf/lib/libc.a(lib_a-fclose.o)
 .text._fclose_r
                0x00000000080113c4       0xf8 /home/tom/intelFPGA_lite/20.1/nios2eds/bin/gnu/H-x86_64-pc-linux-gnu/bin/../lib/gcc/nios2-elf/9.2.1/../../../../../H-x86_64-pc-linux-gnu/nios2-elf/lib/libc.a(lib_a-fclose.o)
                0x00000000080113c4                _fclose_r
 .text.fclose   0x00000000080114bc       0x10 /home/tom/intelFPGA_lite/20.1/nios2eds/bin/gnu/H-x86_64-pc-linux-gnu/bin/../lib/gcc/nios2-elf/9.2.1/../../../../../H-x86_64-pc-linux-gnu/nios2-elf/lib/libc.a(lib_a-fclose.o)
                0x00000000080114bc                fclose
 .text          0x00000000080114cc        0x0 /home/tom/intelFPGA_lite/20.1/nios2eds/bin/gnu/H-x86_64-pc-linux-gnu/bin/../lib/gcc/nios2-elf/9.2.1/../../../../../H-x86_64-pc-linux-gnu/nios2-elf/lib/libc.a(lib_a-fiprintf.o)
 .text._fiprintf_r
                0x00000000080114cc       0x20 /home/tom/intelFPGA_lite/20.1/nios2eds/bin/gnu/H-x86_64-pc-linux-gnu/bin/../lib/gcc/nios2-elf/9.2.1/../../../../../H-x86_64-pc-linux-gnu/nios2-elf/lib/libc.a(lib_a-fiprintf.o)
                0x00000000080114cc                _fiprintf_r
 .text.fiprintf
                0x00000000080114ec       0x38 /home/tom/intelFPGA_lite/20.1/nios2eds/bin/gnu/H-x86_64-pc-linux-gnu/bin/../lib/gcc/nios2-elf/9.2.1/../../../../../H-x86_64-pc-linux-gnu/nios2-elf/lib/libc.a(lib_a-fiprintf.o)
                0x00000000080114ec                fiprintf
 .text          0x0000000008011524        0x0 /home/tom/intelFPGA_lite/20.1/nios2eds/bin/gnu/H-x86_64-pc-linux-gnu/bin/../lib/gcc/nios2-elf/9.2.1/../../../../../H-x86_64-pc-linux-gnu/nios2-elf/lib/libc.a(lib_a-fputwc.o)
 .text.__fputwc
                0x0000000008011524      0x164 /home/tom/intelFPGA_lite/20.1/nios2eds/bin/gnu/H-x86_64-pc-linux-gnu/bin/../lib/gcc/nios2-elf/9.2.1/../../../../../H-x86_64-pc-linux-gnu/nios2-elf/lib/libc.a(lib_a-fputwc.o)
                0x0000000008011524                __fputwc
 .text._fputwc_r
                0x0000000008011688       0x24 /home/tom/intelFPGA_lite/20.1/nios2eds/bin/gnu/H-x86_64-pc-linux-gnu/bin/../lib/gcc/nios2-elf/9.2.1/../../../../../H-x86_64-pc-linux-gnu/nios2-elf/lib/libc.a(lib_a-fputwc.o)
                0x0000000008011688                _fputwc_r
 .text.fputwc   0x00000000080116ac       0x78 /home/tom/intelFPGA_lite/20.1/nios2eds/bin/gnu/H-x86_64-pc-linux-gnu/bin/../lib/gcc/nios2-elf/9.2.1/../../../../../H-x86_64-pc-linux-gnu/nios2-elf/lib/libc.a(lib_a-fputwc.o)
                0x00000000080116ac                fputwc
 .text          0x0000000008011724        0x0 /home/tom/intelFPGA_lite/20.1/nios2eds/bin/gnu/H-x86_64-pc-linux-gnu/bin/../lib/gcc/nios2-elf/9.2.1/../../../../../H-x86_64-pc-linux-gnu/nios2-elf/lib/libc.a(lib_a-fstatr.o)
 .text._fstat_r
                0x0000000008011724       0x60 /home/tom/intelFPGA_lite/20.1/nios2eds/bin/gnu/H-x86_64-pc-linux-gnu/bin/../lib/gcc/nios2-elf/9.2.1/../../../../../H-x86_64-pc-linux-gnu/nios2-elf/lib/libc.a(lib_a-fstatr.o)
                0x0000000008011724                _fstat_r
 .text          0x0000000008011784        0x0 /home/tom/intelFPGA_lite/20.1/nios2eds/bin/gnu/H-x86_64-pc-linux-gnu/bin/../lib/gcc/nios2-elf/9.2.1/../../../../../H-x86_64-pc-linux-gnu/nios2-elf/lib/libc.a(lib_a-isattyr.o)
 .text._isatty_r
                0x0000000008011784       0x58 /home/tom/intelFPGA_lite/20.1/nios2eds/bin/gnu/H-x86_64-pc-linux-gnu/bin/../lib/gcc/nios2-elf/9.2.1/../../../../../H-x86_64-pc-linux-gnu/nios2-elf/lib/libc.a(lib_a-isattyr.o)
                0x0000000008011784                _isatty_r
 .text          0x00000000080117dc        0x0 /home/tom/intelFPGA_lite/20.1/nios2eds/bin/gnu/H-x86_64-pc-linux-gnu/bin/../lib/gcc/nios2-elf/9.2.1/../../../../../H-x86_64-pc-linux-gnu/nios2-elf/lib/libc.a(lib_a-locale.o)
 .text._setlocale_r
                0x00000000080117dc       0x74 /home/tom/intelFPGA_lite/20.1/nios2eds/bin/gnu/H-x86_64-pc-linux-gnu/bin/../lib/gcc/nios2-elf/9.2.1/../../../../../H-x86_64-pc-linux-gnu/nios2-elf/lib/libc.a(lib_a-locale.o)
                0x00000000080117dc                _setlocale_r
 .text.__locale_mb_cur_max
                0x0000000008011850        0xc /home/tom/intelFPGA_lite/20.1/nios2eds/bin/gnu/H-x86_64-pc-linux-gnu/bin/../lib/gcc/nios2-elf/9.2.1/../../../../../H-x86_64-pc-linux-gnu/nios2-elf/lib/libc.a(lib_a-locale.o)
                0x0000000008011850                __locale_mb_cur_max
 .text.setlocale
                0x000000000801185c       0x18 /home/tom/intelFPGA_lite/20.1/nios2eds/bin/gnu/H-x86_64-pc-linux-gnu/bin/../lib/gcc/nios2-elf/9.2.1/../../../../../H-x86_64-pc-linux-gnu/nios2-elf/lib/libc.a(lib_a-locale.o)
                0x000000000801185c                setlocale
 .text          0x0000000008011874        0x0 /home/tom/intelFPGA_lite/20.1/nios2eds/bin/gnu/H-x86_64-pc-linux-gnu/bin/../lib/gcc/nios2-elf/9.2.1/../../../../../H-x86_64-pc-linux-gnu/nios2-elf/lib/libc.a(lib_a-lseekr.o)
 .text._lseek_r
                0x0000000008011874       0x64 /home/tom/intelFPGA_lite/20.1/nios2eds/bin/gnu/H-x86_64-pc-linux-gnu/bin/../lib/gcc/nios2-elf/9.2.1/../../../../../H-x86_64-pc-linux-gnu/nios2-elf/lib/libc.a(lib_a-lseekr.o)
                0x0000000008011874                _lseek_r
 .text          0x00000000080118d8        0x0 /home/tom/intelFPGA_lite/20.1/nios2eds/bin/gnu/H-x86_64-pc-linux-gnu/bin/../lib/gcc/nios2-elf/9.2.1/../../../../../H-x86_64-pc-linux-gnu/nios2-elf/lib/libc.a(lib_a-mbtowc_r.o)
 .text._mbtowc_r
                0x00000000080118d8        0xc /home/tom/intelFPGA_lite/20.1/nios2eds/bin/gnu/H-x86_64-pc-linux-gnu/bin/../lib/gcc/nios2-elf/9.2.1/../../../../../H-x86_64-pc-linux-gnu/nios2-elf/lib/libc.a(lib_a-mbtowc_r.o)
                0x00000000080118d8                _mbtowc_r
 .text.__ascii_mbtowc
                0x00000000080118e4       0x44 /home/tom/intelFPGA_lite/20.1/nios2eds/bin/gnu/H-x86_64-pc-linux-gnu/bin/../lib/gcc/nios2-elf/9.2.1/../../../../../H-x86_64-pc-linux-gnu/nios2-elf/lib/libc.a(lib_a-mbtowc_r.o)
                0x00000000080118e4                __ascii_mbtowc
 .text          0x0000000008011928        0x0 /home/tom/intelFPGA_lite/20.1/nios2eds/bin/gnu/H-x86_64-pc-linux-gnu/bin/../lib/gcc/nios2-elf/9.2.1/../../../../../H-x86_64-pc-linux-gnu/nios2-elf/lib/libc.a(lib_a-readr.o)
 .text._read_r  0x0000000008011928       0x64 /home/tom/intelFPGA_lite/20.1/nios2eds/bin/gnu/H-x86_64-pc-linux-gnu/bin/../lib/gcc/nios2-elf/9.2.1/../../../../../H-x86_64-pc-linux-gnu/nios2-elf/lib/libc.a(lib_a-readr.o)
                0x0000000008011928                _read_r
 .text          0x000000000801198c        0x0 /home/tom/intelFPGA_lite/20.1/nios2eds/bin/gnu/H-x86_64-pc-linux-gnu/bin/../lib/gcc/nios2-elf/9.2.1/../../../../../H-x86_64-pc-linux-gnu/nios2-elf/lib/libc.a(lib_a-refill.o)
 .text.lflush   0x000000000801198c       0x1c /home/tom/intelFPGA_lite/20.1/nios2eds/bin/gnu/H-x86_64-pc-linux-gnu/bin/../lib/gcc/nios2-elf/9.2.1/../../../../../H-x86_64-pc-linux-gnu/nios2-elf/lib/libc.a(lib_a-refill.o)
 .text.__srefill_r
                0x00000000080119a8      0x1cc /home/tom/intelFPGA_lite/20.1/nios2eds/bin/gnu/H-x86_64-pc-linux-gnu/bin/../lib/gcc/nios2-elf/9.2.1/../../../../../H-x86_64-pc-linux-gnu/nios2-elf/lib/libc.a(lib_a-refill.o)
                0x00000000080119a8                __srefill_r
 .text          0x0000000008011b74        0x0 /home/tom/intelFPGA_lite/20.1/nios2eds/bin/gnu/H-x86_64-pc-linux-gnu/bin/../lib/gcc/nios2-elf/9.2.1/../../../../../H-x86_64-pc-linux-gnu/nios2-elf/lib/libc.a(lib_a-strcmp.o)
 .text.strcmp   0x0000000008011b74       0xb8 /home/tom/intelFPGA_lite/20.1/nios2eds/bin/gnu/H-x86_64-pc-linux-gnu/bin/../lib/gcc/nios2-elf/9.2.1/../../../../../H-x86_64-pc-linux-gnu/nios2-elf/lib/libc.a(lib_a-strcmp.o)
                0x0000000008011b74                strcmp
 .text          0x0000000008011c2c        0x0 /home/tom/intelFPGA_lite/20.1/nios2eds/bin/gnu/H-x86_64-pc-linux-gnu/bin/../lib/gcc/nios2-elf/9.2.1/../../../../../H-x86_64-pc-linux-gnu/nios2-elf/lib/libc.a(lib_a-vfiprintfr_1.o)
 .text._vfiprintf_r
                0x0000000008011c2c        0x4 /home/tom/intelFPGA_lite/20.1/nios2eds/bin/gnu/H-x86_64-pc-linux-gnu/bin/../lib/gcc/nios2-elf/9.2.1/../../../../../H-x86_64-pc-linux-gnu/nios2-elf/lib/libc.a(lib_a-vfiprintfr_1.o)
                0x0000000008011c2c                _vfiprintf_r
 .text          0x0000000008011c30        0x0 /home/tom/intelFPGA_lite/20.1/nios2eds/bin/gnu/H-x86_64-pc-linux-gnu/bin/../lib/gcc/nios2-elf/9.2.1/../../../../../H-x86_64-pc-linux-gnu/nios2-elf/lib/libc.a(lib_a-wcrtomb.o)
 .text._wcrtomb_r
                0x0000000008011c30       0x6c /home/tom/intelFPGA_lite/20.1/nios2eds/bin/gnu/H-x86_64-pc-linux-gnu/bin/../lib/gcc/nios2-elf/9.2.1/../../../../../H-x86_64-pc-linux-gnu/nios2-elf/lib/libc.a(lib_a-wcrtomb.o)
                0x0000000008011c30                _wcrtomb_r
 .text.wcrtomb  0x0000000008011c9c       0x88 /home/tom/intelFPGA_lite/20.1/nios2eds/bin/gnu/H-x86_64-pc-linux-gnu/bin/../lib/gcc/nios2-elf/9.2.1/../../../../../H-x86_64-pc-linux-gnu/nios2-elf/lib/libc.a(lib_a-wcrtomb.o)
                0x0000000008011c9c                wcrtomb
 .text          0x0000000008011d24        0x0 /home/tom/intelFPGA_lite/20.1/nios2eds/bin/gnu/H-x86_64-pc-linux-gnu/bin/../lib/gcc/nios2-elf/9.2.1/../../../../../H-x86_64-pc-linux-gnu/nios2-elf/lib/libc.a(lib_a-wctomb_r.o)
 .text._wctomb_r
                0x0000000008011d24        0xc /home/tom/intelFPGA_lite/20.1/nios2eds/bin/gnu/H-x86_64-pc-linux-gnu/bin/../lib/gcc/nios2-elf/9.2.1/../../../../../H-x86_64-pc-linux-gnu/nios2-elf/lib/libc.a(lib_a-wctomb_r.o)
                0x0000000008011d24                _wctomb_r
 .text.__ascii_wctomb
                0x0000000008011d30       0x30 /home/tom/intelFPGA_lite/20.1/nios2eds/bin/gnu/H-x86_64-pc-linux-gnu/bin/../lib/gcc/nios2-elf/9.2.1/../../../../../H-x86_64-pc-linux-gnu/nios2-elf/lib/libc.a(lib_a-wctomb_r.o)
                0x0000000008011d30                __ascii_wctomb
 .text          0x0000000008011d60        0x0 /home/tom/intelFPGA_lite/20.1/nios2eds/bin/gnu/H-x86_64-pc-linux-gnu/bin/../lib/gcc/nios2-elf/9.2.1/../../../../../H-x86_64-pc-linux-gnu/nios2-elf/lib/libc.a(lib_a-abort.o)
 .text.unlikely.abort
                0x0000000008011d60       0x18 /home/tom/intelFPGA_lite/20.1/nios2eds/bin/gnu/H-x86_64-pc-linux-gnu/bin/../lib/gcc/nios2-elf/9.2.1/../../../../../H-x86_64-pc-linux-gnu/nios2-elf/lib/libc.a(lib_a-abort.o)
                0x0000000008011d60                abort
 .text          0x0000000008011d78        0x0 /home/tom/intelFPGA_lite/20.1/nios2eds/bin/gnu/H-x86_64-pc-linux-gnu/bin/../lib/gcc/nios2-elf/9.2.1/../../../../../H-x86_64-pc-linux-gnu/nios2-elf/lib/libc.a(lib_a-signal.o)
 .text._init_signal_r.part.0
                0x0000000008011d78       0x4c /home/tom/intelFPGA_lite/20.1/nios2eds/bin/gnu/H-x86_64-pc-linux-gnu/bin/../lib/gcc/nios2-elf/9.2.1/../../../../../H-x86_64-pc-linux-gnu/nios2-elf/lib/libc.a(lib_a-signal.o)
 .text._init_signal_r
                0x0000000008011dc4       0x14 /home/tom/intelFPGA_lite/20.1/nios2eds/bin/gnu/H-x86_64-pc-linux-gnu/bin/../lib/gcc/nios2-elf/9.2.1/../../../../../H-x86_64-pc-linux-gnu/nios2-elf/lib/libc.a(lib_a-signal.o)
                0x0000000008011dc4                _init_signal_r
 .text._signal_r
                0x0000000008011dd8       0x84 /home/tom/intelFPGA_lite/20.1/nios2eds/bin/gnu/H-x86_64-pc-linux-gnu/bin/../lib/gcc/nios2-elf/9.2.1/../../../../../H-x86_64-pc-linux-gnu/nios2-elf/lib/libc.a(lib_a-signal.o)
                0x0000000008011dd8                _signal_r
 .text._raise_r
                0x0000000008011e5c       0xc4 /home/tom/intelFPGA_lite/20.1/nios2eds/bin/gnu/H-x86_64-pc-linux-gnu/bin/../lib/gcc/nios2-elf/9.2.1/../../../../../H-x86_64-pc-linux-gnu/nios2-elf/lib/libc.a(lib_a-signal.o)
                0x0000000008011e5c                _raise_r
 .text.__sigtramp_r
                0x0000000008011f20       0xb8 /home/tom/intelFPGA_lite/20.1/nios2eds/bin/gnu/H-x86_64-pc-linux-gnu/bin/../lib/gcc/nios2-elf/9.2.1/../../../../../H-x86_64-pc-linux-gnu/nios2-elf/lib/libc.a(lib_a-signal.o)
                0x0000000008011f20                __sigtramp_r
 .text.raise    0x0000000008011fd8       0x10 /home/tom/intelFPGA_lite/20.1/nios2eds/bin/gnu/H-x86_64-pc-linux-gnu/bin/../lib/gcc/nios2-elf/9.2.1/../../../../../H-x86_64-pc-linux-gnu/nios2-elf/lib/libc.a(lib_a-signal.o)
                0x0000000008011fd8                raise
 .text.signal   0x0000000008011fe8       0x18 /home/tom/intelFPGA_lite/20.1/nios2eds/bin/gnu/H-x86_64-pc-linux-gnu/bin/../lib/gcc/nios2-elf/9.2.1/../../../../../H-x86_64-pc-linux-gnu/nios2-elf/lib/libc.a(lib_a-signal.o)
                0x0000000008011fe8                signal
 .text._init_signal
                0x0000000008012000       0x1c /home/tom/intelFPGA_lite/20.1/nios2eds/bin/gnu/H-x86_64-pc-linux-gnu/bin/../lib/gcc/nios2-elf/9.2.1/../../../../../H-x86_64-pc-linux-gnu/nios2-elf/lib/libc.a(lib_a-signal.o)
                0x0000000008012000                _init_signal
 .text.__sigtramp
                0x000000000801201c       0x10 /home/tom/intelFPGA_lite/20.1/nios2eds/bin/gnu/H-x86_64-pc-linux-gnu/bin/../lib/gcc/nios2-elf/9.2.1/../../../../../H-x86_64-pc-linux-gnu/nios2-elf/lib/libc.a(lib_a-signal.o)
                0x000000000801201c                __sigtramp
 .text          0x000000000801202c        0x0 /home/tom/intelFPGA_lite/20.1/nios2eds/bin/gnu/H-x86_64-pc-linux-gnu/bin/../lib/gcc/nios2-elf/9.2.1/../../../../../H-x86_64-pc-linux-gnu/nios2-elf/lib/libc.a(lib_a-signalr.o)
 .text._kill_r  0x000000000801202c       0x60 /home/tom/intelFPGA_lite/20.1/nios2eds/bin/gnu/H-x86_64-pc-linux-gnu/bin/../lib/gcc/nios2-elf/9.2.1/../../../../../H-x86_64-pc-linux-gnu/nios2-elf/lib/libc.a(lib_a-signalr.o)
                0x000000000801202c                _kill_r
 .text._getpid_r
                0x000000000801208c        0x4 /home/tom/intelFPGA_lite/20.1/nios2eds/bin/gnu/H-x86_64-pc-linux-gnu/bin/../lib/gcc/nios2-elf/9.2.1/../../../../../H-x86_64-pc-linux-gnu/nios2-elf/lib/libc.a(lib_a-signalr.o)
                0x000000000801208c                _getpid_r
 .text          0x0000000008012090      0x590 /home/tom/intelFPGA_lite/20.1/nios2eds/bin/gnu/H-x86_64-pc-linux-gnu/bin/../lib/gcc/nios2-elf/9.2.1/libgcc.a(_udivdi3.o)
                0x0000000008012090                __udivdi3
 .text          0x0000000008012620      0x534 /home/tom/intelFPGA_lite/20.1/nios2eds/bin/gnu/H-x86_64-pc-linux-gnu/bin/../lib/gcc/nios2-elf/9.2.1/libgcc.a(_umoddi3.o)
                0x0000000008012620                __umoddi3
 .text          0x0000000008012b54      0x1b4 /home/tom/intelFPGA_lite/20.1/nios2eds/bin/gnu/H-x86_64-pc-linux-gnu/bin/../lib/gcc/nios2-elf/9.2.1/libgcc.a(lib2-divmod.o)
                0x0000000008012b54                __divsi3
                0x0000000008012bd4                __modsi3
                0x0000000008012c48                __udivsi3
                0x0000000008012cac                __umodsi3
 .text          0x0000000008012d08      0x978 /home/tom/intelFPGA_lite/20.1/nios2eds/bin/gnu/H-x86_64-pc-linux-gnu/bin/../lib/gcc/nios2-elf/9.2.1/libgcc.a(adddf3.o)
                0x0000000008012d08                __adddf3
 .text          0x0000000008013680      0x860 /home/tom/intelFPGA_lite/20.1/nios2eds/bin/gnu/H-x86_64-pc-linux-gnu/bin/../lib/gcc/nios2-elf/9.2.1/libgcc.a(divdf3.o)
                0x0000000008013680                __divdf3
 .text          0x0000000008013ee0       0x80 /home/tom/intelFPGA_lite/20.1/nios2eds/bin/gnu/H-x86_64-pc-linux-gnu/bin/../lib/gcc/nios2-elf/9.2.1/libgcc.a(eqdf2.o)
                0x0000000008013ee0                __eqdf2
                0x0000000008013ee0                __nedf2
 .text          0x0000000008013f60       0xf0 /home/tom/intelFPGA_lite/20.1/nios2eds/bin/gnu/H-x86_64-pc-linux-gnu/bin/../lib/gcc/nios2-elf/9.2.1/libgcc.a(gedf2.o)
                0x0000000008013f60                __gtdf2
                0x0000000008013f60                __gedf2
 .text          0x0000000008014050       0xf0 /home/tom/intelFPGA_lite/20.1/nios2eds/bin/gnu/H-x86_64-pc-linux-gnu/bin/../lib/gcc/nios2-elf/9.2.1/libgcc.a(ledf2.o)
                0x0000000008014050                __ltdf2
                0x0000000008014050                __ledf2
 .text          0x0000000008014140      0x670 /home/tom/intelFPGA_lite/20.1/nios2eds/bin/gnu/H-x86_64-pc-linux-gnu/bin/../lib/gcc/nios2-elf/9.2.1/libgcc.a(muldf3.o)
                0x0000000008014140                __muldf3
 .text          0x00000000080147b0      0x934 /home/tom/intelFPGA_lite/20.1/nios2eds/bin/gnu/H-x86_64-pc-linux-gnu/bin/../lib/gcc/nios2-elf/9.2.1/libgcc.a(subdf3.o)
                0x00000000080147b0                __subdf3
 .text          0x00000000080150e4       0x54 /home/tom/intelFPGA_lite/20.1/nios2eds/bin/gnu/H-x86_64-pc-linux-gnu/bin/../lib/gcc/nios2-elf/9.2.1/libgcc.a(unorddf2.o)
                0x00000000080150e4                __unorddf2
 .text          0x0000000008015138       0x80 /home/tom/intelFPGA_lite/20.1/nios2eds/bin/gnu/H-x86_64-pc-linux-gnu/bin/../lib/gcc/nios2-elf/9.2.1/libgcc.a(fixdfsi.o)
                0x0000000008015138                __fixdfsi
 .text          0x00000000080151b8       0xbc /home/tom/intelFPGA_lite/20.1/nios2eds/bin/gnu/H-x86_64-pc-linux-gnu/bin/../lib/gcc/nios2-elf/9.2.1/libgcc.a(floatsidf.o)
                0x00000000080151b8                __floatsidf
 .text          0x0000000008015274       0x90 /home/tom/intelFPGA_lite/20.1/nios2eds/bin/gnu/H-x86_64-pc-linux-gnu/bin/../lib/gcc/nios2-elf/9.2.1/libgcc.a(floatunsidf.o)
                0x0000000008015274                __floatunsidf
 .text          0x0000000008015304        0x0 /home/tom/intelFPGA_lite/20.1/nios2eds/bin/gnu/H-x86_64-pc-linux-gnu/bin/../lib/gcc/nios2-elf/9.2.1/libgcc.a(_clz.o)
 .text          0x0000000008015304       0x54 /home/tom/intelFPGA_lite/20.1/nios2eds/bin/gnu/H-x86_64-pc-linux-gnu/bin/../lib/gcc/nios2-elf/9.2.1/libgcc.a(_clzsi2.o)
                0x0000000008015304                __clzsi2
 .text          0x0000000008015358       0x38 ../MOD_socket_server_bsp//libucosii_bsp.a(alt_exit.o)
                0x0000000008015358                _exit
 .text          0x0000000008015390       0xec ../MOD_socket_server_bsp//libucosii_bsp.a(alt_fstat.o)
                0x00000000080153cc                fstat
 .text          0x000000000801547c       0x20 ../MOD_socket_server_bsp//libucosii_bsp.a(alt_getpid.o)
                0x000000000801547c                getpid
 .text          0x000000000801549c       0xe0 ../MOD_socket_server_bsp//libucosii_bsp.a(alt_isatty.o)
                0x00000000080154d8                isatty
 .text          0x000000000801557c      0x168 ../MOD_socket_server_bsp//libucosii_bsp.a(alt_kill.o)
                0x00000000080155b8                kill
 .text          0x00000000080156e4      0x110 ../MOD_socket_server_bsp//libucosii_bsp.a(alt_lseek.o)
                0x0000000008015720                lseek
 .text          0x00000000080157f4       0xc0 ../MOD_socket_server_bsp//libucosii_bsp.a(alt_main.o)
                0x00000000080157f4                alt_main
 .text          0x00000000080158b4       0xb8 ../MOD_socket_server_bsp//libucosii_bsp.a(alt_sbrk.o)
                0x00000000080158b4                sbrk
 .text          0x000000000801596c      0x120 ../MOD_socket_server_bsp//libucosii_bsp.a(alt_env_lock.o)
                0x000000000801596c                __env_lock
                0x0000000008015a2c                __env_unlock
 .text          0x0000000008015a8c      0x1fc ../MOD_socket_server_bsp//libucosii_bsp.a(alt_malloc_lock.o)
                0x0000000008015a8c                __malloc_lock
                0x0000000008015bb4                __malloc_unlock
 .text          0x0000000008015c88     0x204c ../MOD_socket_server_bsp//libucosii_bsp.a(os_core.o)
                0x0000000008015c88                OSEventNameGet
                0x0000000008015dac                OSEventNameSet
                0x0000000008015ef4                OSEventPendMulti
                0x000000000801652c                OSInit
                0x0000000008016584                OSIntEnter
                0x00000000080165d0                OSIntExit
                0x00000000080166c4                OSSchedLock
                0x0000000008016754                OSSchedUnlock
                0x0000000008016838                OSStart
                0x00000000080168a0                OSStatInit
                0x0000000008016958                OSTimeTick
                0x0000000008016b8c                OSVersion
                0x0000000008016bac                OS_Dummy
                0x0000000008016bcc                OS_EventTaskRdy
                0x0000000008016d54                OS_EventTaskWait
                0x0000000008016e5c                OS_EventTaskWaitMulti
                0x0000000008016fa4                OS_EventTaskRemove
                0x0000000008017054                OS_EventTaskRemoveMulti
                0x0000000008017150                OS_EventWaitListInit
                0x000000000801753c                OS_MemClr
                0x0000000008017594                OS_MemCopy
                0x0000000008017600                OS_Sched
                0x0000000008017738                OS_StrCopy
                0x00000000080177ac                OS_StrLen
                0x0000000008017800                OS_TaskIdle
                0x0000000008017860                OS_TaskStat
                0x0000000008017930                OS_TaskStatStkChk
                0x00000000080179f4                OS_TCBInit
 .text          0x0000000008017cd4      0x190 ../MOD_socket_server_bsp//libucosii_bsp.a(os_dbg.o)
                0x0000000008017cd4                OSDebugInit
 .text          0x0000000008017e64     0x17c4 ../MOD_socket_server_bsp//libucosii_bsp.a(os_flag.o)
                0x0000000008017e64                OSFlagAccept
                0x0000000008018188                OSFlagCreate
                0x0000000008018298                OSFlagDel
                0x00000000080184f0                OSFlagNameGet
                0x0000000008018620                OSFlagNameSet
                0x0000000008018774                OSFlagPend
                0x0000000008018d74                OSFlagPendGetFlagsRdy
                0x0000000008018dd8                OSFlagPost
                0x0000000008019184                OSFlagQuery
                0x00000000080193b0                OS_FlagInit
                0x0000000008019584                OS_FlagUnlink
 .text          0x0000000008019628      0x778 ../MOD_socket_server_bsp//libucosii_bsp.a(os_mem.o)
                0x0000000008019628                OSMemCreate
                0x0000000008019800                OSMemGet
                0x00000000080198f8                OSMemNameGet
                0x00000000080199ec                OSMemNameSet
                0x0000000008019b08                OSMemPut
                0x0000000008019be8                OSMemQuery
                0x0000000008019cd4                OS_MemInit
 .text          0x0000000008019da0     0x115c ../MOD_socket_server_bsp//libucosii_bsp.a(os_q.o)
                0x0000000008019da0                OSQAccept
                0x0000000008019ee4                OSQCreate
                0x000000000801a094                OSQDel
                0x000000000801a324                OSQFlush
                0x000000000801a3e0                OSQPend
                0x000000000801a678                OSQPendAbort
                0x000000000801a7ec                OSQPost
                0x000000000801a960                OSQPostFront
                0x000000000801aadc                OSQPostOpt
                0x000000000801acf4                OSQQuery
                0x000000000801ae54                OS_QInit
 .text          0x000000000801aefc      0xa98 ../MOD_socket_server_bsp//libucosii_bsp.a(os_sem.o)
                0x000000000801aefc                OSSemAccept
                0x000000000801afb0                OSSemCreate
                0x000000000801b08c                OSSemDel
                0x000000000801b2dc                OSSemPend
                0x000000000801b4f0                OSSemPendAbort
                0x000000000801b664                OSSemPost
                0x000000000801b780                OSSemQuery
                0x000000000801b894                OSSemSet
 .text          0x000000000801b994     0x1750 ../MOD_socket_server_bsp//libucosii_bsp.a(os_task.o)
                0x000000000801b994                OSTaskChangePrio
                0x000000000801be58                OSTaskCreate
                0x000000000801bffc                OSTaskCreateExt
                0x000000000801c1d8                OSTaskDel
                0x000000000801c51c                OSTaskDelReq
                0x000000000801c674                OSTaskNameGet
                0x000000000801c810                OSTaskNameSet
                0x000000000801c9cc                OSTaskResume
                0x000000000801cbac                OSTaskStkChk
                0x000000000801cd64                OSTaskSuspend
                0x000000000801cf4c                OSTaskQuery
                0x000000000801d074                OS_TaskStkClr
 .text          0x000000000801d0e4      0x50c ../MOD_socket_server_bsp//libucosii_bsp.a(os_time.o)
                0x000000000801d0e4                OSTimeDly
                0x000000000801d1ec                OSTimeDlyHMSM
                0x000000000801d34c                OSTimeDlyResume
                0x000000000801d52c                OSTimeGet
                0x000000000801d58c                OSTimeSet
 .text          0x000000000801d5f0      0x2ec ../MOD_socket_server_bsp//libucosii_bsp.a(alt_sys_init.o)
                0x000000000801d624                alt_irq_init
                0x000000000801d660                alt_sys_init
 .text          0x000000000801d8dc     0x1c54 ../MOD_socket_server_bsp//libucosii_bsp.a(altera_avalon_i2c.o)
                0x000000000801d9ec                alt_avalon_i2c_register_optional_irq_handler
                0x000000000801dadc                alt_avalon_i2c_register_callback
                0x000000000801db30                alt_avalon_i2c_init
                0x000000000801dc5c                alt_avalon_i2c_open
                0x000000000801dc9c                alt_avalon_i2c_enable
                0x000000000801dd34                alt_avalon_i2c_disable
                0x000000000801dd80                alt_avalon_i2c_master_config_get
                0x000000000801de30                alt_avalon_i2c_master_config_set
                0x000000000801defc                alt_avalon_i2c_master_config_speed_get
                0x000000000801df90                alt_avalon_i2c_master_config_speed_set
                0x000000000801e08c                alt_avalon_i2c_is_busy
                0x000000000801e0d0                alt_avalon_i2c_rx_read_available
                0x000000000801e17c                alt_avalon_i2c_rx_read
                0x000000000801e224                alt_avalon_i2c_cmd_write
                0x000000000801e310                alt_avalon_i2c_send_address
                0x000000000801e400                alt_avalon_i2c_master_target_get
                0x000000000801e438                alt_avalon_i2c_master_target_set
                0x000000000801e46c                alt_avalon_i2c_check_nack
                0x000000000801e4b8                alt_avalon_i2c_check_arblost
                0x000000000801e504                alt_avalon_i2c_interrupt_transaction_status
                0x000000000801e638                alt_avalon_i2c_master_tx
                0x000000000801e720                alt_avalon_i2c_master_rx
                0x000000000801e85c                alt_avalon_i2c_master_tx_rx
                0x000000000801ea24                alt_avalon_i2c_master_transmit
                0x000000000801ebe0                alt_avalon_i2c_master_transmit_using_interrupts
                0x000000000801ede8                alt_avalon_i2c_master_receive
                0x000000000801eff4                alt_avalon_i2c_master_receive_using_interrupts
                0x000000000801f1e0                alt_avalon_i2c_int_status_get
                0x000000000801f238                alt_avalon_i2c_int_raw_status_get
                0x000000000801f27c                alt_avalon_i2c_int_clear
                0x000000000801f2b8                alt_avalon_i2c_int_disable
                0x000000000801f324                alt_avalon_i2c_int_enable
                0x000000000801f38c                alt_avalon_i2c_enabled_ints_get
                0x000000000801f3d0                alt_avalon_i2c_rx_fifo_threshold_get
                0x000000000801f41c                alt_avalon_i2c_rx_fifo_threshold_set
                0x000000000801f480                alt_avalon_i2c_tfr_cmd_fifo_threshold_get
                0x000000000801f4cc                alt_avalon_i2c_tfr_cmd_fifo_threshold_set
 .text          0x000000000801f530      0x164 ../MOD_socket_server_bsp//libucosii_bsp.a(altera_avalon_jtag_uart_fd.o)
                0x000000000801f530                altera_avalon_jtag_uart_read_fd
                0x000000000801f590                altera_avalon_jtag_uart_write_fd
                0x000000000801f5f0                altera_avalon_jtag_uart_close_fd
                0x000000000801f640                altera_avalon_jtag_uart_ioctl_fd
 .text          0x000000000801f694      0x570 ../MOD_socket_server_bsp//libucosii_bsp.a(altera_avalon_jtag_uart_init.o)
                0x000000000801f694                altera_avalon_jtag_uart_init
                0x000000000801fb9c                altera_avalon_jtag_uart_close
 .text          0x000000000801fc04       0xf4 ../MOD_socket_server_bsp//libucosii_bsp.a(altera_avalon_jtag_uart_ioctl.o)
                0x000000000801fc04                altera_avalon_jtag_uart_ioctl
 .text          0x000000000801fcf8      0x2c8 ../MOD_socket_server_bsp//libucosii_bsp.a(altera_avalon_jtag_uart_read.o)
                0x000000000801fcf8                altera_avalon_jtag_uart_read
 .text          0x000000000801ffc0      0x2d0 ../MOD_socket_server_bsp//libucosii_bsp.a(altera_avalon_jtag_uart_write.o)
                0x000000000801ffc0                altera_avalon_jtag_uart_write
 .text          0x0000000008020290      0x1fc ../MOD_socket_server_bsp//libucosii_bsp.a(altera_avalon_spi.o)
                0x0000000008020290                alt_avalon_spi_command
 .text          0x000000000802048c      0x100 ../MOD_socket_server_bsp//libucosii_bsp.a(altera_avalon_timer_sc.o)
                0x0000000008020508                alt_avalon_timer_sc_init
 .text          0x000000000802058c     0x4f20 ../MOD_socket_server_bsp//libucosii_bsp.a(altera_avalon_tse.o)
                0x000000000802058c                no_printf
                0x00000000080205bc                tse_mac_initTransInfo2
                0x000000000802061c                tse_mac_sTxWrite
                0x00000000080206e4                tse_mac_aRxRead
                0x0000000008020754                tse_mac_aTxWrite
                0x00000000080207c4                tse_mac_SwReset
                0x000000000802084c                tse_mac_setMIImode
                0x00000000080208a0                tse_mac_setGMIImode
                0x00000000080208f0                alt_tse_phy_add_profile
                0x0000000008020aa4                alt_tse_system_add_sys
                0x0000000008021368                alt_tse_sys_enable_mdio_sharing
                0x00000000080214ac                alt_tse_mac_get_common_speed
                0x00000000080214ec                alt_tse_mac_set_common_speed
                0x0000000008021534                alt_tse_get_system_index
                0x00000000080215a0                alt_tse_get_mac_group_index
                0x000000000802160c                alt_tse_get_mac_info_index
                0x0000000008021688                alt_tse_get_mac_info
                0x0000000008021754                alt_tse_mac_set_speed
                0x0000000008021834                alt_tse_mac_set_duplex
                0x00000000080218c0                getPHYSpeed
                0x0000000008022338                alt_tse_phy_rd_mdio_addr
                0x0000000008022380                alt_tse_phy_wr_mdio_addr
                0x00000000080223d8                alt_tse_phy_wr_mdio_reg
                0x0000000008022504                alt_tse_phy_rd_mdio_reg
                0x00000000080225d4                alt_tse_phy_add_profile_default
                0x000000000802289c                alt_tse_phy_print_profile
                0x0000000008022a6c                alt_tse_mac_group_init
                0x0000000008023114                alt_tse_mac_get_phy
                0x0000000008023510                alt_tse_mac_associate_phy
                0x0000000008023750                alt_tse_phy_cfg_pcs
                0x0000000008023878                alt_tse_phy_init
                0x0000000008023984                alt_tse_phy_restart_an
                0x0000000008023b48                alt_tse_phy_check_link
                0x0000000008023cd0                alt_tse_phy_get_cap
                0x000000000802425c                alt_tse_phy_set_adv_1000
                0x0000000008024420                alt_tse_phy_set_adv_100
                0x0000000008024674                alt_tse_phy_set_adv_10
                0x000000000802481c                alt_tse_phy_get_common_speed
                0x0000000008024b38                alt_tse_phy_set_common_speed
                0x0000000008024fe8                marvell_phy_cfg
                0x0000000008025080                marvell_cfg_gmii
                0x0000000008025164                marvell_cfg_sgmii
                0x0000000008025248                marvell_cfg_rgmii
                0x0000000008025338                DP83848C_link_status_read
                0x00000000080253b0                PEF7071_config
                0x000000000802540c                PEF7071_link_status_read
 .text          0x00000000080254ac      0xb24 ../MOD_socket_server_bsp//libucosii_bsp.a(altera_generic_quad_spi_controller.o)
                0x00000000080254e0                alt_qspi_controller_lock
                0x00000000080255f0                alt_qspi_controller_get_info
                0x000000000802567c                alt_qspi_controller_erase_block
                0x00000000080257a0                alt_qspi_controller_write_block
                0x00000000080259b0                alt_qspi_controller_write
                0x0000000008025b98                alt_qspi_controller_read
                0x0000000008025c44                altera_qspi_controller_init
 .text          0x0000000008025fd0     0x2158 ../MOD_socket_server_bsp//libucosii_bsp.a(altera_msgdma.o)
                0x0000000008026c88                alt_msgdma_construct_standard_st_to_mm_descriptor
                0x0000000008026ce0                alt_msgdma_construct_standard_mm_to_st_descriptor
                0x0000000008026d38                alt_msgdma_construct_standard_mm_to_mm_descriptor
                0x0000000008026d90                alt_msgdma_construct_extended_st_to_mm_descriptor
                0x0000000008026e20                alt_msgdma_construct_extended_mm_to_st_descriptor
                0x0000000008026eb0                alt_msgdma_construct_extended_mm_to_mm_descriptor
                0x0000000008027190                alt_msgdma_construct_prefetcher_standard_mm_to_mm_descriptor
                0x00000000080271e8                alt_msgdma_construct_prefetcher_standard_st_to_mm_descriptor
                0x0000000008027240                alt_msgdma_construct_prefetcher_standard_mm_to_st_descriptor
                0x0000000008027298                alt_msgdma_construct_prefetcher_extended_st_to_mm_descriptor
                0x0000000008027338                alt_msgdma_construct_prefetcher_extended_mm_to_st_descriptor
                0x00000000080273d0                alt_msgdma_construct_prefetcher_extended_mm_to_mm_descriptor
                0x0000000008027488                alt_msgdma_prefetcher_add_standard_desc_to_list
                0x0000000008027578                alt_msgdma_prefetcher_add_extended_desc_to_list
                0x0000000008027710                alt_msgdma_prefetcher_set_std_list_own_by_hw_bits
                0x0000000008027820                alt_msgdma_prefetcher_set_extd_list_own_by_hw_bits
                0x000000000802796c                alt_msgdma_start_prefetcher_with_list_addr
                0x0000000008027c84                alt_msgdma_start_prefetcher_with_std_desc_list
                0x0000000008027d34                alt_msgdma_start_prefetcher_with_extd_desc_list
                0x0000000008027de4                alt_msgdma_open
                0x0000000008027e3c                alt_msgdma_init
                0x0000000008027fe4                alt_msgdma_register_callback
                0x0000000008028038                alt_msgdma_standard_descriptor_async_transfer
                0x0000000008028074                alt_msgdma_extended_descriptor_async_transfer
                0x00000000080280b0                alt_msgdma_standard_descriptor_sync_transfer
                0x00000000080280ec                alt_msgdma_extended_descriptor_sync_transfer
 .text          0x0000000008028128     0x1998 ../MOD_socket_server_bsp//libucosii_bsp.a(ins_tse_mac.o)
                0x0000000008028128                altera_eth_tse_init
                0x0000000008028270                prep_tse_mac
                0x000000000802849c                msgdma_reset
                0x0000000008028518                tse_mac_init
                0x0000000008028f7c                tse_msgdma_write_init
                0x000000000802909c                tse_mac_raw_send
                0x0000000008029270                tse_msgdmaRx_isr
                0x0000000008029408                tse_msgdmaTx_isr
                0x0000000008029468                tse_msgdma_read_init
                0x0000000008029720                allocate_rx_descriptor_chain
                0x0000000008029858                tse_mac_rcv
                0x00000000080299a4                tse_mac_stats
                0x00000000080299e4                tse_mac_close
 .text          0x0000000008029ac0       0x48 ../MOD_socket_server_bsp//libucosii_bsp.a(alt_iniche_close.o)
                0x0000000008029ac0                close
 .text          0x0000000008029b08      0x140 ../MOD_socket_server_bsp//libucosii_bsp.a(alt_iniche_dev.o)
                0x0000000008029b08                iniche_devices_init
 .text          0x0000000008029c48       0x70 ../MOD_socket_server_bsp//libucosii_bsp.a(alt_iniche_read.o)
                0x0000000008029c48                read
 .text          0x0000000008029cb8       0x68 ../MOD_socket_server_bsp//libucosii_bsp.a(alt_iniche_write.o)
                0x0000000008029cb8                write
 .text          0x0000000008029d20      0xca4 ../MOD_socket_server_bsp//libucosii_bsp.a(ipnet.o)
                0x0000000008029d20                Netinit
                0x000000000802a1f0                fixup_subnet_mask
                0x000000000802a320                netclose
                0x000000000802a404                pktdemux
                0x000000000802a7a8                c_older
                0x000000000802a838                ip2mac
 .text          0x000000000802a9c4      0x400 ../MOD_socket_server_bsp//libucosii_bsp.a(ipstart.o)