Archive member included to satisfy reference by file (symbol)

/home/tom/intelFPGA_lite/20.1/nios2eds/bin/gnu/H-x86_64-pc-linux-gnu/bin/../lib/gcc/nios2-elf/9.2.1/../../../../../H-x86_64-pc-linux-gnu/nios2-elf/lib/libc.a(lib_a-ctype_.o)
                              obj/default/network_utilities.o (_ctype_)
/home/tom/intelFPGA_lite/20.1/nios2eds/bin/gnu/H-x86_64-pc-linux-gnu/bin/../lib/gcc/nios2-elf/9.2.1/../../../../../H-x86_64-pc-linux-gnu/nios2-elf/lib/libc.a(lib_a-fprintf.o)
                              obj/default/alt_error_handler.o (fprintf)
/home/tom/intelFPGA_lite/20.1/nios2eds/bin/gnu/H-x86_64-pc-linux-gnu/bin/../lib/gcc/nios2-elf/9.2.1/../../../../../H-x86_64-pc-linux-gnu/nios2-elf/lib/libc.a(lib_a-fwrite.o)
                              obj/default/alt_error_handler.o (fwrite)
/home/tom/intelFPGA_lite/20.1/nios2eds/bin/gnu/H-x86_64-pc-linux-gnu/bin/../lib/gcc/nios2-elf/9.2.1/../../../../../H-x86_64-pc-linux-gnu/nios2-elf/lib/libc.a(lib_a-getchar.o)
                              obj/default/network_utilities.o (getchar)
/home/tom/intelFPGA_lite/20.1/nios2eds/bin/gnu/H-x86_64-pc-linux-gnu/bin/../lib/gcc/nios2-elf/9.2.1/../../../../../H-x86_64-pc-linux-gnu/nios2-elf/lib/libc.a(lib_a-impure.o)
                              obj/default/alt_error_handler.o (_impure_ptr)
/home/tom/intelFPGA_lite/20.1/nios2eds/bin/gnu/H-x86_64-pc-linux-gnu/bin/../lib/gcc/nios2-elf/9.2.1/../../../../../H-x86_64-pc-linux-gnu/nios2-elf/lib/libc.a(lib_a-memcmp.o)
                              obj/default/DELHProtocol.o (memcmp)
/home/tom/intelFPGA_lite/20.1/nios2eds/bin/gnu/H-x86_64-pc-linux-gnu/bin/../lib/gcc/nios2-elf/9.2.1/../../../../../H-x86_64-pc-linux-gnu/nios2-elf/lib/libc.a(lib_a-memcpy.o)
                              obj/default/DELHProtocol.o (memcpy)
/home/tom/intelFPGA_lite/20.1/nios2eds/bin/gnu/H-x86_64-pc-linux-gnu/bin/../lib/gcc/nios2-elf/9.2.1/../../../../../H-x86_64-pc-linux-gnu/nios2-elf/lib/libc.a(lib_a-memset.o)
                              obj/default/DELHProtocol.o (memset)
/home/tom/intelFPGA_lite/20.1/nios2eds/bin/gnu/H-x86_64-pc-linux-gnu/bin/../lib/gcc/nios2-elf/9.2.1/../../../../../H-x86_64-pc-linux-gnu/nios2-elf/lib/libc.a(lib_a-perror.o)
                              obj/default/DELHProtocol.o (perror)
/home/tom/intelFPGA_lite/20.1/nios2eds/bin/gnu/H-x86_64-pc-linux-gnu/bin/../lib/gcc/nios2-elf/9.2.1/../../../../../H-x86_64-pc-linux-gnu/nios2-elf/lib/libc.a(lib_a-printf.o)
                              obj/default/DELHProtocol.o (printf)
/home/tom/intelFPGA_lite/20.1/nios2eds/bin/gnu/H-x86_64-pc-linux-gnu/bin/../lib/gcc/nios2-elf/9.2.1/../../../../../H-x86_64-pc-linux-gnu/nios2-elf/lib/libc.a(lib_a-putchar.o)
                              obj/default/InitializePeriph.o (putchar)
/home/tom/intelFPGA_lite/20.1/nios2eds/bin/gnu/H-x86_64-pc-linux-gnu/bin/../lib/gcc/nios2-elf/9.2.1/../../../../../H-x86_64-pc-linux-gnu/nios2-elf/lib/libc.a(lib_a-puts.o)
                              obj/default/DELHProtocol.o (puts)
/home/tom/intelFPGA_lite/20.1/nios2eds/bin/gnu/H-x86_64-pc-linux-gnu/bin/../lib/gcc/nios2-elf/9.2.1/../../../../../H-x86_64-pc-linux-gnu/nios2-elf/lib/libc.a(lib_a-sprintf.o)
                              obj/default/DELHProtocol.o (sprintf)
/home/tom/intelFPGA_lite/20.1/nios2eds/bin/gnu/H-x86_64-pc-linux-gnu/bin/../lib/gcc/nios2-elf/9.2.1/../../../../../H-x86_64-pc-linux-gnu/nios2-elf/lib/libc.a(lib_a-strcpy.o)
                              obj/default/DELHProtocol.o (strcpy)
/home/tom/intelFPGA_lite/20.1/nios2eds/bin/gnu/H-x86_64-pc-linux-gnu/bin/../lib/gcc/nios2-elf/9.2.1/../../../../../H-x86_64-pc-linux-gnu/nios2-elf/lib/libc.a(lib_a-strerror.o)
                              /home/tom/intelFPGA_lite/20.1/nios2eds/bin/gnu/H-x86_64-pc-linux-gnu/bin/../lib/gcc/nios2-elf/9.2.1/../../../../../H-x86_64-pc-linux-gnu/nios2-elf/lib/libc.a(lib_a-perror.o) (_strerror_r)
/home/tom/intelFPGA_lite/20.1/nios2eds/bin/gnu/H-x86_64-pc-linux-gnu/bin/../lib/gcc/nios2-elf/9.2.1/../../../../../H-x86_64-pc-linux-gnu/nios2-elf/lib/libc.a(lib_a-strlen.o)
                              obj/default/DELHProtocol.o (strlen)
/home/tom/intelFPGA_lite/20.1/nios2eds/bin/gnu/H-x86_64-pc-linux-gnu/bin/../lib/gcc/nios2-elf/9.2.1/../../../../../H-x86_64-pc-linux-gnu/nios2-elf/lib/libc.a(lib_a-strtok.o)
                              obj/default/DELHProtocol.o (strtok)
/home/tom/intelFPGA_lite/20.1/nios2eds/bin/gnu/H-x86_64-pc-linux-gnu/bin/../lib/gcc/nios2-elf/9.2.1/../../../../../H-x86_64-pc-linux-gnu/nios2-elf/lib/libc.a(lib_a-strtok_r.o)
                              /home/tom/intelFPGA_lite/20.1/nios2eds/bin/gnu/H-x86_64-pc-linux-gnu/bin/../lib/gcc/nios2-elf/9.2.1/../../../../../H-x86_64-pc-linux-gnu/nios2-elf/lib/libc.a(lib_a-strtok.o) (__strtok_r)
/home/tom/intelFPGA_lite/20.1/nios2eds/bin/gnu/H-x86_64-pc-linux-gnu/bin/../lib/gcc/nios2-elf/9.2.1/../../../../../H-x86_64-pc-linux-gnu/nios2-elf/lib/libc.a(lib_a-strtoul.o)
                              obj/default/DELHProtocol.o (strtoul)
[...]
Memory Configuration

Name             Origin             Length             Attributes
mem_if_ddr3_emif_0_BEFORE_EXCEPTION 0x0000000008000000 0x0000000000000120
mem_if_ddr3_emif_0 0x0000000008000120 0x0000000007fffee0
ext_flash_avl_mem_BEFORE_RESET 0x0000000014000000 0x0000000000430000
reset            0x0000000014430000 0x0000000000000020
ext_flash_avl_mem 0x0000000014430020 0x0000000003bcffe0
descriptor_memory 0x0000000018000000 0x0000000000002000
*default*        0x0000000000000000 0xffffffffffffffff

Linker script and memory map

LOAD ../MOD_socket_server_bsp//obj/HAL/src/crt0.o
LOAD obj/default/ClockModInit.o
LOAD obj/default/DELHProtocol.o
LOAD obj/default/InitializePeriph.o
LOAD obj/default/alt_error_handler.o
LOAD obj/default/iniche_init.o
LOAD obj/default/led.o
LOAD obj/default/network_utilities.o
LOAD obj/default/simple_socket_server.o
LOAD obj/default/tse_my_system.o
LOAD /home/tom/intelFPGA_lite/20.1/nios2eds/bin/gnu/H-x86_64-pc-linux-gnu/bin/../lib/gcc/nios2-elf/9.2.1/../../../../../H-x86_64-pc-linux-gnu/nios2-elf/lib/libstdc++.a
LOAD /home/tom/intelFPGA_lite/20.1/nios2eds/bin/gnu/H-x86_64-pc-linux-gnu/bin/../lib/gcc/nios2-elf/9.2.1/../../../../../H-x86_64-pc-linux-gnu/nios2-elf/lib/libm.a
LOAD /home/tom/intelFPGA_lite/20.1/nios2eds/bin/gnu/H-x86_64-pc-linux-gnu/bin/../lib/gcc/nios2-elf/9.2.1/libgcc.a
START GROUP
LOAD /home/tom/intelFPGA_lite/20.1/nios2eds/bin/gnu/H-x86_64-pc-linux-gnu/bin/../lib/gcc/nios2-elf/9.2.1/../../../../../H-x86_64-pc-linux-gnu/nios2-elf/lib/libc.a
LOAD /home/tom/intelFPGA_lite/20.1/nios2eds/bin/gnu/H-x86_64-pc-linux-gnu/bin/../lib/gcc/nios2-elf/9.2.1/libgcc.a
LOAD ../MOD_socket_server_bsp//libucosii_bsp.a
LOAD /home/tom/intelFPGA_lite/20.1/nios2eds/bin/gnu/H-x86_64-pc-linux-gnu/bin/../lib/gcc/nios2-elf/9.2.1/../../../../../H-x86_64-pc-linux-gnu/nios2-elf/lib/libm.a
END GROUP
LOAD /home/tom/intelFPGA_lite/20.1/nios2eds/bin/gnu/H-x86_64-pc-linux-gnu/bin/../lib/gcc/nios2-elf/9.2.1/libgcc.a
                0x0000000008000000                __alt_mem_mem_if_ddr3_emif_0 = 0x8000000
                0x0000000014000000                __alt_mem_ext_flash_avl_mem = 0x14000000
                0x0000000018000000                __alt_mem_descriptor_memory = 0x18000000

.entry          0x0000000014430000        0x0
 *(.entry)
 .entry         0x0000000014430000        0x0 ../MOD_socket_server_bsp//obj/HAL/src/crt0.o
                0x0000000014430000                __reset

.exceptions     0x0000000008000120      0x218
                [!provide]                        PROVIDE (__ram_exceptions_start = ABSOLUTE (.))
                0x0000000008000120                . = ALIGN (0x20)
 *(.irq)
 *(.exceptions.entry.label)
 .exceptions.entry.label
                0x0000000008000120        0x0 ../MOD_socket_server_bsp//libucosii_bsp.a(alt_irq_entry.o)
                0x0000000008000120                alt_irq_entry
 .exceptions.entry.label
                0x0000000008000120        0x0 ../MOD_socket_server_bsp//libucosii_bsp.a(alt_exception_entry.o)
                0x0000000008000120                alt_exception
 *(.exceptions.entry.user)
 *(.exceptions.entry.ecc_fatal)
 *(.exceptions.entry)
 .exceptions.entry
                0x0000000008000120       0x54 ../MOD_socket_server_bsp//libucosii_bsp.a(alt_exception_entry.o)
 *(.exceptions.irqtest.user)
 *(.exceptions.irqtest)
 .exceptions.irqtest
                0x0000000008000174       0x10 ../MOD_socket_server_bsp//libucosii_bsp.a(alt_irq_entry.o)
 *(.exceptions.irqhandler.user)
 *(.exceptions.irqhandler)
 .exceptions.irqhandler
                0x0000000008000184        0x4 ../MOD_socket_server_bsp//libucosii_bsp.a(alt_irq_entry.o)
 *(.exceptions.irqreturn.user)
 *(.exceptions.irqreturn)
 .exceptions.irqreturn
                0x0000000008000188        0x4 ../MOD_socket_server_bsp//libucosii_bsp.a(alt_irq_entry.o)
 *(.exceptions.notirq.label)
 .exceptions.notirq.label
                0x000000000800018c        0x0 ../MOD_socket_server_bsp//libucosii_bsp.a(alt_irq_entry.o)
 *(.exceptions.notirq.user)
 *(.exceptions.notirq)
 .exceptions.notirq
                0x000000000800018c        0x8 ../MOD_socket_server_bsp//libucosii_bsp.a(alt_exception_entry.o)
 *(.exceptions.soft.user)
 *(.exceptions.soft)
 *(.exceptions.unknown.user)
 *(.exceptions.unknown)
 .exceptions.unknown
                0x0000000008000194       0x14 ../MOD_socket_server_bsp//libucosii_bsp.a(alt_exception_entry.o)
 *(.exceptions.exit.label)
 .exceptions.exit.label
                0x00000000080001a8        0x0 ../MOD_socket_server_bsp//libucosii_bsp.a(alt_irq_entry.o)
 .exceptions.exit.label
                0x00000000080001a8        0x0 ../MOD_socket_server_bsp//libucosii_bsp.a(alt_exception_entry.o)
 *(.exceptions.exit.user)
 *(.exceptions.exit)
 .exceptions.exit
                0x00000000080001a8       0x54 ../MOD_socket_server_bsp//libucosii_bsp.a(alt_exception_entry.o)
 *(.exceptions)
 .exceptions    0x00000000080001fc       0xc8 ../MOD_socket_server_bsp//libucosii_bsp.a(alt_irq_handler.o)
                0x00000000080001fc                alt_irq_handler
 .exceptions    0x00000000080002c4       0x74 ../MOD_socket_server_bsp//libucosii_bsp.a(alt_instruction_exception_entry.o)
                0x00000000080002c4                alt_instruction_exception_entry
                [!provide]                        PROVIDE (__ram_exceptions_end = ABSOLUTE (.))
                [!provide]                        PROVIDE (__flash_exceptions_start = LOADADDR (.exceptions))

.text           0x0000000008000338    0x4f70c
                [!provide]                        PROVIDE (stext = ABSOLUTE (.))
 *(.interp)
 *(.hash)
 *(.dynsym)
 *(.dynstr)
 *(.gnu.version)
 *(.gnu.version_d)
 *(.gnu.version_r)
 *(.rel.init)
 *(.rela.init)
 *(.rel.text .rel.text.* .rel.gnu.linkonce.t.*)
 *(.rela.text .rela.text.* .rela.gnu.linkonce.t.*)
 *(.rel.fini)
 *(.rela.fini)
 *(.rel.rodata .rel.rodata.* .rel.gnu.linkonce.r.*)
 *(.rela.rodata .rela.rodata.* .rela.gnu.linkonce.r.*)
 *(.rel.data .rel.data.* .rel.gnu.linkonce.d.*)
 *(.rela.data .rela.data.* .rela.gnu.linkonce.d.*)
 *(.rel.tdata .rel.tdata.* .rel.gnu.linkonce.td.*)
 *(.rela.tdata .rela.tdata.* .rela.gnu.linkonce.td.*)
 *(.rel.tbss .rel.tbss.* .rel.gnu.linkonce.tb.*)
 *(.rela.tbss .rela.tbss.* .rela.gnu.linkonce.tb.*)
 *(.rel.ctors)
 *(.rela.ctors)
 *(.rel.dtors)
 *(.rela.dtors)
 *(.rel.got)
 *(.rela.got)
 *(.rel.sdata .rel.sdata.* .rel.gnu.linkonce.s.*)
 *(.rela.sdata .rela.sdata.* .rela.gnu.linkonce.s.*)
 *(.rel.sbss .rel.sbss.* .rel.gnu.linkonce.sb.*)
 *(.rela.sbss .rela.sbss.* .rela.gnu.linkonce.sb.*)
 *(.rel.sdata2 .rel.sdata2.* .rel.gnu.linkonce.s2.*)
 *(.rela.sdata2 .rela.sdata2.* .rela.gnu.linkonce.s2.*)
 *(.rel.sbss2 .rel.sbss2.* .rel.gnu.linkonce.sb2.*)
 *(.rela.sbss2 .rela.sbss2.* .rela.gnu.linkonce.sb2.*)
 *(.rel.bss .rel.bss.* .rel.gnu.linkonce.b.*)
 *(.rela.bss .rela.bss.* .rela.gnu.linkonce.b.*)
 *(.rel.plt)
 *(.rela.plt)
 *(.rel.dyn)
 *(.init)
 *(.plt)
 *(.text .stub .text.* .gnu.linkonce.t.*)
 .text          0x0000000008000338       0x38 ../MOD_socket_server_bsp//obj/HAL/src/crt0.o
                0x0000000008000338                _start
 .text          0x0000000008000370       0xa0 obj/default/ClockModInit.o
                0x0000000008000370                ParseClockRec
 .text          0x0000000008000410     0x1fec obj/default/DELHProtocol.o
                0x0000000008000410                initChan
                0x0000000008000484                addChan
                0x000000000800052c                delChan
                0x00000000080005dc                findfdChan
                0x0000000008000654                findExistingChan
                0x000000000800070c                buildaddChan
                0x00000000080007a0                allListeners
                0x0000000008000830                ProcessRxPacket
                0x00000000080009a4                DiscChanMessage
                0x0000000008000d00                ProvChanMessage
                0x0000000008000ec4                ConfigChanMessage
                0x0000000008000f08                TrafficChanMessage
                0x0000000008000f4c                ProvisioningLEDCommand
                0x0000000008001174                SI5345
                0x0000000008001324                ZEDF9T
                0x0000000008001714                AD9648
                0x00000000080018c8                ATECC608
                0x0000000008001d24                PCF8574
                0x0000000008001f04                ProvisioningModuleRegisterCommand
                0x0000000008002094                initItfcMap
                0x0000000008002374                FindItfcIndex
 .text          0x00000000080023fc      0xaa8 obj/default/InitializePeriph.o
                0x00000000080023fc                initPeriph
                0x0000000008002458                SynthInit
                0x000000000800289c                GPSInit
                0x0000000008002a68                GPSPostTest
                0x0000000008002d00                ADCInit
 .text          0x0000000008002ea4      0xbb8 obj/default/alt_error_handler.o
                0x0000000008002ea4                alt_uCOSIIErrorHandler
                0x0000000008003540                alt_NetworkErrorHandler
                0x00000000080037b4                alt_SSSErrorHandler
 .text          0x0000000008003a5c       0xf0 obj/default/iniche_init.o
                0x0000000008003a5c                SSSInitialTask
                0x0000000008003acc                main
 .text          0x0000000008003b4c      0x148 obj/default/led.o
                0x0000000008003b4c                led_bit_toggle
                0x0000000008003c3c                LEDManagementTask
 .text          0x0000000008003c94      0x420 obj/default/network_utilities.o
                0x0000000008003c94                get_mac_addr
                0x0000000008003ce8                get_ip_addr
                0x0000000008003d44                get_serial_number
                0x0000000008003ed8                generate_and_store_mac_addr
                0x0000000008003f2c                generate_mac_addr
                0x000000000800405c                get_board_mac_addr
                0x0000000008004088                FindLastFlashSectorOffset
 .text          0x00000000080040b4      0x2d4 obj/default/simple_socket_server.o
                0x00000000080040b4                SSSCreateOSDataStructs
                0x0000000008004138                SSSCreateTasks
                0x00000000080041b4                SSSSimpleSocketServerTask
 .text          0x0000000008004388        0x0 obj/default/tse_my_system.o
 .text          0x0000000008004388        0x0 /home/tom/intelFPGA_lite/20.1/nios2eds/bin/gnu/H-x86_64-pc-linux-gnu/bin/../lib/gcc/nios2-elf/9.2.1/../../../../../H-x86_64-pc-linux-gnu/nios2-elf/lib/libc.a(lib_a-ctype_.o)
 .text          0x0000000008004388        0x0 /home/tom/intelFPGA_lite/20.1/nios2eds/bin/gnu/H-x86_64-pc-linux-gnu/bin/../lib/gcc/nios2-elf/9.2.1/../../../../../H-x86_64-pc-linux-gnu/nios2-elf/lib/libc.a(lib_a-fprintf.o)
 .text._fprintf_r
                0x0000000008004388       0x28 /home/tom/intelFPGA_lite/20.1/nios2eds/bin/gnu/H-x86_64-pc-linux-gnu/bin/../lib/gcc/nios2-elf/9.2.1/../../../../../H-x86_64-pc-linux-gnu/nios2-elf/lib/libc.a(lib_a-fprintf.o)
                0x0000000008004388                _fprintf_r
 .text.fprintf  0x00000000080043b0       0x24 /home/tom/intelFPGA_lite/20.1/nios2eds/bin/gnu/H-x86_64-pc-linux-gnu/bin/../lib/gcc/nios2-elf/9.2.1/../../../../../H-x86_64-pc-linux-gnu/nios2-elf/lib/libc.a(lib_a-fprintf.o)
                0x00000000080043b0                fprintf
 .text          0x00000000080043d4        0x0 /home/tom/intelFPGA_lite/20.1/nios2eds/bin/gnu/H-x86_64-pc-linux-gnu/bin/../lib/gcc/nios2-elf/9.2.1/../../../../../H-x86_64-pc-linux-gnu/nios2-elf/lib/libc.a(lib_a-fwrite.o)
 .text._fwrite_r
                0x00000000080043d4       0xc4 /home/tom/intelFPGA_lite/20.1/nios2eds/bin/gnu/H-x86_64-pc-linux-gnu/bin/../lib/gcc/nios2-elf/9.2.1/../../../../../H-x86_64-pc-linux-gnu/nios2-elf/lib/libc.a(lib_a-fwrite.o)
                0x00000000080043d4                _fwrite_r
 .text.fwrite   0x0000000008004498       0x34 /home/tom/intelFPGA_lite/20.1/nios2eds/bin/gnu/H-x86_64-pc-linux-gnu/bin/../lib/gcc/nios2-elf/9.2.1/../../../../../H-x86_64-pc-linux-gnu/nios2-elf/lib/libc.a(lib_a-fwrite.o)
                0x0000000008004498                fwrite
 .text          0x00000000080044cc        0x0 /home/tom/intelFPGA_lite/20.1/nios2eds/bin/gnu/H-x86_64-pc-linux-gnu/bin/../lib/gcc/nios2-elf/9.2.1/../../../../../H-x86_64-pc-linux-gnu/nios2-elf/lib/libc.a(lib_a-getchar.o)
 .text._getchar_r
                0x00000000080044cc        0x8 /home/tom/intelFPGA_lite/20.1/nios2eds/bin/gnu/H-x86_64-pc-linux-gnu/bin/../lib/gcc/nios2-elf/9.2.1/../../../../../H-x86_64-pc-linux-gnu/nios2-elf/lib/libc.a(lib_a-getchar.o)
                0x00000000080044cc                _getchar_r
 .text.getchar  0x00000000080044d4       0x10 /home/tom/intelFPGA_lite/20.1/nios2eds/bin/gnu/H-x86_64-pc-linux-gnu/bin/../lib/gcc/nios2-elf/9.2.1/../../../../../H-x86_64-pc-linux-gnu/nios2-elf/lib/libc.a(lib_a-getchar.o)
                0x00000000080044d4                getchar
 .text          0x00000000080044e4        0x0 /home/tom/intelFPGA_lite/20.1/nios2eds/bin/gnu/H-x86_64-pc-linux-gnu/bin/../lib/gcc/nios2-elf/9.2.1/../../../../../H-x86_64-pc-linux-gnu/nios2-elf/lib/libc.a(lib_a-impure.o)
 .text          0x00000000080044e4        0x0 /home/tom/intelFPGA_lite/20.1/nios2eds/bin/gnu/H-x86_64-pc-linux-gnu/bin/../lib/gcc/nios2-elf/9.2.1/../../../../../H-x86_64-pc-linux-gnu/nios2-elf/lib/libc.a(lib_a-memcmp.o)
 .text.memcmp   0x00000000080044e4       0x78 /home/tom/intelFPGA_lite/20.1/nios2eds/bin/gnu/H-x86_64-pc-linux-gnu/bin/../lib/gcc/nios2-elf/9.2.1/../../../../../H-x86_64-pc-linux-gnu/nios2-elf/lib/libc.a(lib_a-memcmp.o)
                0x00000000080044e4                memcmp
 .text          0x000000000800455c        0x0 /home/tom/intelFPGA_lite/20.1/nios2eds/bin/gnu/H-x86_64-pc-linux-gnu/bin/../lib/gcc/nios2-elf/9.2.1/../../../../../H-x86_64-pc-linux-gnu/nios2-elf/lib/libc.a(lib_a-memcpy.o)
 .text.memcpy   0x000000000800455c      0x100 /home/tom/intelFPGA_lite/20.1/nios2eds/bin/gnu/H-x86_64-pc-linux-gnu/bin/../lib/gcc/nios2-elf/9.2.1/../../../../../H-x86_64-pc-linux-gnu/nios2-elf/lib/libc.a(lib_a-memcpy.o)
                0x000000000800455c                memcpy
 .text          0x000000000800465c        0x0 /home/tom/intelFPGA_lite/20.1/nios2eds/bin/gnu/H-x86_64-pc-linux-gnu/bin/../lib/gcc/nios2-elf/9.2.1/../../../../../H-x86_64-pc-linux-gnu/nios2-elf/lib/libc.a(lib_a-memset.o)
 .text.memset   0x000000000800465c       0xf0 /home/tom/intelFPGA_lite/20.1/nios2eds/bin/gnu/H-x86_64-pc-linux-gnu/bin/../lib/gcc/nios2-elf/9.2.1/../../../../../H-x86_64-pc-linux-gnu/nios2-elf/lib/libc.a(lib_a-memset.o)
                0x000000000800465c                memset
 .text          0x000000000800474c        0x0 /home/tom/intelFPGA_lite/20.1/nios2eds/bin/gnu/H-x86_64-pc-linux-gnu/bin/../lib/gcc/nios2-elf/9.2.1/../../../../../H-x86_64-pc-linux-gnu/nios2-elf/lib/libc.a(lib_a-perror.o)
 .text._perror_r
                0x000000000800474c      0x188 /home/tom/intelFPGA_lite/20.1/nios2eds/bin/gnu/H-x86_64-pc-linux-gnu/bin/../lib/gcc/nios2-elf/9.2.1/../../../../../H-x86_64-pc-linux-gnu/nios2-elf/lib/libc.a(lib_a-perror.o)
                0x000000000800474c                _perror_r
 .text.perror   0x00000000080048d4       0x10 /home/tom/intelFPGA_lite/20.1/nios2eds/bin/gnu/H-x86_64-pc-linux-gnu/bin/../lib/gcc/nios2-elf/9.2.1/../../../../../H-x86_64-pc-linux-gnu/nios2-elf/lib/libc.a(lib_a-perror.o)
                0x00000000080048d4                perror
 .text          0x00000000080048e4        0x0 /home/tom/intelFPGA_lite/20.1/nios2eds/bin/gnu/H-x86_64-pc-linux-gnu/bin/../lib/gcc/nios2-elf/9.2.1/../../../../../H-x86_64-pc-linux-gnu/nios2-elf/lib/libc.a(lib_a-printf.o)
 .text._printf_r
                0x00000000080048e4       0x30 /home/tom/intelFPGA_lite/20.1/nios2eds/bin/gnu/H-x86_64-pc-linux-gnu/bin/../lib/gcc/nios2-elf/9.2.1/../../../../../H-x86_64-pc-linux-gnu/nios2-elf/lib/libc.a(lib_a-printf.o)
                0x00000000080048e4                _printf_r
 .text.printf   0x0000000008004914       0x38 /home/tom/intelFPGA_lite/20.1/nios2eds/bin/gnu/H-x86_64-pc-linux-gnu/bin/../lib/gcc/nios2-elf/9.2.1/../../../../../H-x86_64-pc-linux-gnu/nios2-elf/lib/libc.a(lib_a-printf.o)
                0x0000000008004914                printf
 .text          0x000000000800494c        0x0 /home/tom/intelFPGA_lite/20.1/nios2eds/bin/gnu/H-x86_64-pc-linux-gnu/bin/../lib/gcc/nios2-elf/9.2.1/../../../../../H-x86_64-pc-linux-gnu/nios2-elf/lib/libc.a(lib_a-putchar.o)
 .text._putchar_r
                0x000000000800494c        0x8 /home/tom/intelFPGA_lite/20.1/nios2eds/bin/gnu/H-x86_64-pc-linux-gnu/bin/../lib/gcc/nios2-elf/9.2.1/../../../../../H-x86_64-pc-linux-gnu/nios2-elf/lib/libc.a(lib_a-putchar.o)
                0x000000000800494c                _putchar_r
 .text.putchar  0x0000000008004954       0x18 /home/tom/intelFPGA_lite/20.1/nios2eds/bin/gnu/H-x86_64-pc-linux-gnu/bin/../lib/gcc/nios2-elf/9.2.1/../../../../../H-x86_64-pc-linux-gnu/nios2-elf/lib/libc.a(lib_a-putchar.o)
                0x0000000008004954                putchar
 .text          0x000000000800496c        0x0 /home/tom/intelFPGA_lite/20.1/nios2eds/bin/gnu/H-x86_64-pc-linux-gnu/bin/../lib/gcc/nios2-elf/9.2.1/../../../../../H-x86_64-pc-linux-gnu/nios2-elf/lib/libc.a(lib_a-puts.o)
 .text._puts_r  0x000000000800496c       0xcc /home/tom/intelFPGA_lite/20.1/nios2eds/bin/gnu/H-x86_64-pc-linux-gnu/bin/../lib/gcc/nios2-elf/9.2.1/../../../../../H-x86_64-pc-linux-gnu/nios2-elf/lib/libc.a(lib_a-puts.o)
                0x000000000800496c                _puts_r
 .text.puts     0x0000000008004a38       0x10 /home/tom/intelFPGA_lite/20.1/nios2eds/bin/gnu/H-x86_64-pc-linux-gnu/bin/../lib/gcc/nios2-elf/9.2.1/../../../../../H-x86_64-pc-linux-gnu/nios2-elf/lib/libc.a(lib_a-puts.o)
                0x0000000008004a38                puts
 .text          0x0000000008004a48        0x0 /home/tom/intelFPGA_lite/20.1/nios2eds/bin/gnu/H-x86_64-pc-linux-gnu/bin/../lib/gcc/nios2-elf/9.2.1/../../../../../H-x86_64-pc-linux-gnu/nios2-elf/lib/libc.a(lib_a-sprintf.o)
 .text._sprintf_r
                0x0000000008004a48       0x54 /home/tom/intelFPGA_lite/20.1/nios2eds/bin/gnu/H-x86_64-pc-linux-gnu/bin/../lib/gcc/nios2-elf/9.2.1/../../../../../H-x86_64-pc-linux-gnu/nios2-elf/lib/libc.a(lib_a-sprintf.o)
                0x0000000008004a48                _sprintf_r
 .text.sprintf  0x0000000008004a9c       0x64 /home/tom/intelFPGA_lite/20.1/nios2eds/bin/gnu/H-x86_64-pc-linux-gnu/bin/../lib/gcc/nios2-elf/9.2.1/../../../../../H-x86_64-pc-linux-gnu/nios2-elf/lib/libc.a(lib_a-sprintf.o)
                0x0000000008004a9c                sprintf
 .text          0x0000000008004b00        0x0 /home/tom/intelFPGA_lite/20.1/nios2eds/bin/gnu/H-x86_64-pc-linux-gnu/bin/../lib/gcc/nios2-elf/9.2.1/../../../../../H-x86_64-pc-linux-gnu/nios2-elf/lib/libc.a(lib_a-strcpy.o)
 .text.strcpy   0x0000000008004b00       0x8c /home/tom/intelFPGA_lite/20.1/nios2eds/bin/gnu/H-x86_64-pc-linux-gnu/bin/../lib/gcc/nios2-elf/9.2.1/../../../../../H-x86_64-pc-linux-gnu/nios2-elf/lib/libc.a(lib_a-strcpy.o)
                0x0000000008004b00                strcpy
 .text          0x0000000008004b8c        0x0 /home/tom/intelFPGA_lite/20.1/nios2eds/bin/gnu/H-x86_64-pc-linux-gnu/bin/../lib/gcc/nios2-elf/9.2.1/../../../../../H-x86_64-pc-linux-gnu/nios2-elf/lib/libc.a(lib_a-strerror.o)
 .text._strerror_r
                0x0000000008004b8c      0x65c /home/tom/intelFPGA_lite/20.1/nios2eds/bin/gnu/H-x86_64-pc-linux-gnu/bin/../lib/gcc/nios2-elf/9.2.1/../../../../../H-x86_64-pc-linux-gnu/nios2-elf/lib/libc.a(lib_a-strerror.o)
                0x0000000008004b8c                _strerror_r
 .text.strerror
                0x00000000080051e8       0x18 /home/tom/intelFPGA_lite/20.1/nios2eds/bin/gnu/H-x86_64-pc-linux-gnu/bin/../lib/gcc/nios2-elf/9.2.1/../../../../../H-x86_64-pc-linux-gnu/nios2-elf/lib/libc.a(lib_a-strerror.o)
                0x00000000080051e8                strerror
 .text.strerror_l
                0x0000000008005200       0x18 /home/tom/intelFPGA_lite/20.1/nios2eds/bin/gnu/H-x86_64-pc-linux-gnu/bin/../lib/gcc/nios2-elf/9.2.1/../../../../../H-x86_64-pc-linux-gnu/nios2-elf/lib/libc.a(lib_a-strerror.o)
                0x0000000008005200                strerror_l
 .text          0x0000000008005218        0x0 /home/tom/intelFPGA_lite/20.1/nios2eds/bin/gnu/H-x86_64-pc-linux-gnu/bin/../lib/gcc/nios2-elf/9.2.1/../../../../../H-x86_64-pc-linux-gnu/nios2-elf/lib/libc.a(lib_a-strlen.o)
 .text.strlen   0x0000000008005218       0x98 /home/tom/intelFPGA_lite/20.1/nios2eds/bin/gnu/H-x86_64-pc-linux-gnu/bin/../lib/gcc/nios2-elf/9.2.1/../../../../../H-x86_64-pc-linux-gnu/nios2-elf/lib/libc.a(lib_a-strlen.o)
                0x0000000008005218                strlen
 .text          0x00000000080052b0        0x0 /home/tom/intelFPGA_lite/20.1/nios2eds/bin/gnu/H-x86_64-pc-linux-gnu/bin/../lib/gcc/nios2-elf/9.2.1/../../../../../H-x86_64-pc-linux-gnu/nios2-elf/lib/libc.a(lib_a-strtok.o)
 .text.strtok   0x00000000080052b0       0x14 /home/tom/intelFPGA_lite/20.1/nios2eds/bin/gnu/H-x86_64-pc-linux-gnu/bin/../lib/gcc/nios2-elf/9.2.1/../../../../../H-x86_64-pc-linux-gnu/nios2-elf/lib/libc.a(lib_a-strtok.o)
                0x00000000080052b0                strtok
 .text          0x00000000080052c4        0x0 /home/tom/intelFPGA_lite/20.1/nios2eds/bin/gnu/H-x86_64-pc-linux-gnu/bin/../lib/gcc/nios2-elf/9.2.1/../../../../../H-x86_64-pc-linux-gnu/nios2-elf/lib/libc.a(lib_a-strtok_r.o)
 .text.__strtok_r
                0x00000000080052c4       0xa4 /home/tom/intelFPGA_lite/20.1/nios2eds/bin/gnu/H-x86_64-pc-linux-gnu/bin/../lib/gcc/nios2-elf/9.2.1/../../../../../H-x86_64-pc-linux-gnu/nios2-elf/lib/libc.a(lib_a-strtok_r.o)
                0x00000000080052c4                __strtok_r
 .text.strtok_r
                0x0000000008005368        0x8 /home/tom/intelFPGA_lite/20.1/nios2eds/bin/gnu/H-x86_64-pc-linux-gnu/bin/../lib/gcc/nios2-elf/9.2.1/../../../../../H-x86_64-pc-linux-gnu/nios2-elf/lib/libc.a(lib_a-strtok_r.o)
                0x0000000008005368                strtok_r
 .text          0x0000000008005370        0x0 /home/tom/intelFPGA_lite/20.1/nios2eds/bin/gnu/H-x86_64-pc-linux-gnu/bin/../lib/gcc/nios2-elf/9.2.1/../../../../../H-x86_64-pc-linux-gnu/nios2-elf/lib/libc.a(lib_a-strtoul.o)
 .text._strtoul_l.isra.0
                0x0000000008005370      0x248 /home/tom/intelFPGA_lite/20.1/nios2eds/bin/gnu/H-x86_64-pc-linux-gnu/bin/../lib/gcc/nios2-elf/9.2.1/../../../../../H-x86_64-pc-linux-gnu/nios2-elf/lib/libc.a(lib_a-strtoul.o)
 .text._strtoul_r
                0x00000000080055b8        0x4 /home/tom/intelFPGA_lite/20.1/nios2eds/bin/gnu/H-x86_64-pc-linux-gnu/bin/../lib/gcc/nios2-elf/9.2.1/../../../../../H-x86_64-pc-linux-gnu/nios2-elf/lib/libc.a(lib_a-strtoul.o)
                0x00000000080055b8                _strtoul_r
 .text.strtoul_l
                0x00000000080055bc       0x1c /home/tom/intelFPGA_lite/20.1/nios2eds/bin/gnu/H-x86_64-pc-linux-gnu/bin/../lib/gcc/nios2-elf/9.2.1/../../../../../H-x86_64-pc-linux-gnu/nios2-elf/lib/libc.a(lib_a-strtoul.o)
                0x00000000080055bc                strtoul_l
 .text.strtoul  0x00000000080055d8       0x1c /home/tom/intelFPGA_lite/20.1/nios2eds/bin/gnu/H-x86_64-pc-linux-gnu/bin/../lib/gcc/nios2-elf/9.2.1/../../../../../H-x86_64-pc-linux-gnu/nios2-elf/lib/libc.a(lib_a-strtoul.o)
                0x00000000080055d8                strtoul
 .text          0x00000000080055f4        0x0 /home/tom/intelFPGA_lite/20.1/nios2eds/bin/gnu/H-x86_64-pc-linux-gnu/bin/../lib/gcc/nios2-elf/9.2.1/../../../../../H-x86_64-pc-linux-gnu/nios2-elf/lib/libc.a(lib_a-svfprintf.o)
 .text.___svfprintf_internal_r
                0x00000000080055f4     0x209c /home/tom/intelFPGA_lite/20.1/nios2eds/bin/gnu/H-x86_64-pc-linux-gnu/bin/../lib/gcc/nios2-elf/9.2.1/../../../../../H-x86_64-pc-linux-gnu/nios2-elf/lib/libc.a(lib_a-svfprintf.o)
                0x00000000080055f4                ___svfprintf_internal_r
 .text          0x0000000008007690        0x0 /home/tom/intelFPGA_lite/20.1/nios2eds/bin/gnu/H-x86_64-pc-linux-gnu/bin/../lib/gcc/nios2-elf/9.2.1/../../../../../H-x86_64-pc-linux-gnu/nios2-elf/lib/libc.a(lib_a-u_strerr.o)
 .text._user_strerror
                0x0000000008007690        0x8 /home/tom/intelFPGA_lite/20.1/nios2eds/bin/gnu/H-x86_64-pc-linux-gnu/bin/../lib/gcc/nios2-elf/9.2.1/../../../../../H-x86_64-pc-linux-gnu/nios2-elf/lib/libc.a(lib_a-u_strerr.o)
                0x0000000008007690                _user_strerror
 .text          0x0000000008007698        0x0 /home/tom/intelFPGA_lite/20.1/nios2eds/bin/gnu/H-x86_64-pc-linux-gnu/bin/../lib/gcc/nios2-elf/9.2.1/../../../../../H-x86_64-pc-linux-gnu/nios2-elf/lib/libc.a(lib_a-vfprintf.o)
 .text.___vfprintf_internal_r
                0x0000000008007698     0x20dc /home/tom/intelFPGA_lite/20.1/nios2eds/bin/gnu/H-x86_64-pc-linux-gnu/bin/../lib/gcc/nios2-elf/9.2.1/../../../../../H-x86_64-pc-linux-gnu/nios2-elf/lib/libc.a(lib_a-vfprintf.o)
                0x0000000008007698                ___vfprintf_internal_r
 .text.__vfprintf_internal
                0x0000000008009774       0x1c /home/tom/intelFPGA_lite/20.1/nios2eds/bin/gnu/H-x86_64-pc-linux-gnu/bin/../lib/gcc/nios2-elf/9.2.1/../../../../../H-x86_64-pc-linux-gnu/nios2-elf/lib/libc.a(lib_a-vfprintf.o)
                0x0000000008009774                __vfprintf_internal
 .text.__sbprintf
                0x0000000008009790       0xc0 /home/tom/intelFPGA_lite/20.1/nios2eds/bin/gnu/H-x86_64-pc-linux-gnu/bin/../lib/gcc/nios2-elf/9.2.1/../../../../../H-x86_64-pc-linux-gnu/nios2-elf/lib/libc.a(lib_a-vfprintf.o)
 .text          0x0000000008009850        0x0 /home/tom/intelFPGA_lite/20.1/nios2eds/bin/gnu/H-x86_64-pc-linux-gnu/bin/../lib/gcc/nios2-elf/9.2.1/../../../../../H-x86_64-pc-linux-gnu/nios2-elf/lib/libc.a(lib_a-writer.o)
 .text._write_r
                0x0000000008009850       0x64 /home/tom/intelFPGA_lite/20.1/nios2eds/bin/gnu/H-x86_64-pc-linux-gnu/bin/../lib/gcc/nios2-elf/9.2.1/../../../../../H-x86_64-pc-linux-gnu/nios2-elf/lib/libc.a(lib_a-writer.o)
                0x0000000008009850                _write_r
 .text          0x00000000080098b4        0x0 /home/tom/intelFPGA_lite/20.1/nios2eds/bin/gnu/H-x86_64-pc-linux-gnu/bin/../lib/gcc/nios2-elf/9.2.1/../../../../../H-x86_64-pc-linux-gnu/nios2-elf/lib/libc.a(lib_a-wsetup.o)
 .text.__swsetup_r
                0x00000000080098b4      0x15c /home/tom/intelFPGA_lite/20.1/nios2eds/bin/gnu/H-x86_64-pc-linux-gnu/bin/../lib/gcc/nios2-elf/9.2.1/../../../../../H-x86_64-pc-linux-gnu/nios2-elf/lib/libc.a(lib_a-wsetup.o)
                0x00000000080098b4                __swsetup_r
 .text          0x0000000008009a10        0x0 /home/tom/intelFPGA_lite/20.1/nios2eds/bin/gnu/H-x86_64-pc-linux-gnu/bin/../lib/gcc/nios2-elf/9.2.1/../../../../../H-x86_64-pc-linux-gnu/nios2-elf/lib/libc.a(lib_a-dtoa.o)
 .text.quorem   0x0000000008009a10      0x1fc /home/tom/intelFPGA_lite/20.1/nios2eds/bin/gnu/H-x86_64-pc-linux-gnu/bin/../lib/gcc/nios2-elf/9.2.1/../../../../../H-x86_64-pc-linux-gnu/nios2-elf/lib/libc.a(lib_a-dtoa.o)
 .text._dtoa_r  0x0000000008009c0c     0x1750 /home/tom/intelFPGA_lite/20.1/nios2eds/bin/gnu/H-x86_64-pc-linux-gnu/bin/../lib/gcc/nios2-elf/9.2.1/../../../../../H-x86_64-pc-linux-gnu/nios2-elf/lib/libc.a(lib_a-dtoa.o)
                0x0000000008009c0c                _dtoa_r
 .text          0x000000000800b35c        0x0 /home/tom/intelFPGA_lite/20.1/nios2eds/bin/gnu/H-x86_64-pc-linux-gnu/bin/../lib/gcc/nios2-elf/9.2.1/../../../../../H-x86_64-pc-linux-gnu/nios2-elf/lib/libc.a(lib_a-fflush.o)
 .text.__sflush_r
                0x000000000800b35c      0x228 /home/tom/intelFPGA_lite/20.1/nios2eds/bin/gnu/H-x86_64-pc-linux-gnu/bin/../lib/gcc/nios2-elf/9.2.1/../../../../../H-x86_64-pc-linux-gnu/nios2-elf/lib/libc.a(lib_a-fflush.o)
                0x000000000800b35c                __sflush_r
 .text._fflush_r
                0x000000000800b584       0x60 /home/tom/intelFPGA_lite/20.1/nios2eds/bin/gnu/H-x86_64-pc-linux-gnu/bin/../lib/gcc/nios2-elf/9.2.1/../../../../../H-x86_64-pc-linux-gnu/nios2-elf/lib/libc.a(lib_a-fflush.o)
                0x000000000800b584                _fflush_r
 .text.fflush   0x000000000800b5e4       0x28 /home/tom/intelFPGA_lite/20.1/nios2eds/bin/gnu/H-x86_64-pc-linux-gnu/bin/../lib/gcc/nios2-elf/9.2.1/../../../../../H-x86_64-pc-linux-gnu/nios2-elf/lib/libc.a(lib_a-fflush.o)
                0x000000000800b5e4                fflush
 .text          0x000000000800b60c        0x0 /home/tom/intelFPGA_lite/20.1/nios2eds/bin/gnu/H-x86_64-pc-linux-gnu/bin/../lib/gcc/nios2-elf/9.2.1/../../../../../H-x86_64-pc-linux-gnu/nios2-elf/lib/libc.a(lib_a-fileno.o)
 .text.fileno   0x000000000800b60c       0x64 /home/tom/intelFPGA_lite/20.1/nios2eds/bin/gnu/H-x86_64-pc-linux-gnu/bin/../lib/gcc/nios2-elf/9.2.1/../../../../../H-x86_64-pc-linux-gnu/nios2-elf/lib/libc.a(lib_a-fileno.o)
                0x000000000800b60c                fileno
 .text          0x000000000800b670        0x0 /home/tom/intelFPGA_lite/20.1/nios2eds/bin/gnu/H-x86_64-pc-linux-gnu/bin/../lib/gcc/nios2-elf/9.2.1/../../../../../H-x86_64-pc-linux-gnu/nios2-elf/lib/libc.a(lib_a-findfp.o)
 .text.__fp_lock
                0x000000000800b670        0x8 /home/tom/intelFPGA_lite/20.1/nios2eds/bin/gnu/H-x86_64-pc-linux-gnu/bin/../lib/gcc/nios2-elf/9.2.1/../../../../../H-x86_64-pc-linux-gnu/nios2-elf/lib/libc.a(lib_a-findfp.o)
 .text._cleanup_r
                0x000000000800b678        0xc /home/tom/intelFPGA_lite/20.1/nios2eds/bin/gnu/H-x86_64-pc-linux-gnu/bin/../lib/gcc/nios2-elf/9.2.1/../../../../../H-x86_64-pc-linux-gnu/nios2-elf/lib/libc.a(lib_a-findfp.o)
                0x000000000800b678                _cleanup_r
 .text.__sinit.part.0
                0x000000000800b684      0x168 /home/tom/intelFPGA_lite/20.1/nios2eds/bin/gnu/H-x86_64-pc-linux-gnu/bin/../lib/gcc/nios2-elf/9.2.1/../../../../../H-x86_64-pc-linux-gnu/nios2-elf/lib/libc.a(lib_a-findfp.o)
 .text.__fp_unlock
                0x000000000800b7ec        0x8 /home/tom/intelFPGA_lite/20.1/nios2eds/bin/gnu/H-x86_64-pc-linux-gnu/bin/../lib/gcc/nios2-elf/9.2.1/../../../../../H-x86_64-pc-linux-gnu/nios2-elf/lib/libc.a(lib_a-findfp.o)
 .text.__sfmoreglue
                0x000000000800b7f4       0x68 /home/tom/intelFPGA_lite/20.1/nios2eds/bin/gnu/H-x86_64-pc-linux-gnu/bin/../lib/gcc/nios2-elf/9.2.1/../../../../../H-x86_64-pc-linux-gnu/nios2-elf/lib/libc.a(lib_a-findfp.o)
                0x000000000800b7f4                __sfmoreglue
 .text.__sfp    0x000000000800b85c       0xfc /home/tom/intelFPGA_lite/20.1/nios2eds/bin/gnu/H-x86_64-pc-linux-gnu/bin/../lib/gcc/nios2-elf/9.2.1/../../../../../H-x86_64-pc-linux-gnu/nios2-elf/lib/libc.a(lib_a-findfp.o)
                0x000000000800b85c                __sfp
 .text._cleanup
                0x000000000800b958       0x14 /home/tom/intelFPGA_lite/20.1/nios2eds/bin/gnu/H-x86_64-pc-linux-gnu/bin/../lib/gcc/nios2-elf/9.2.1/../../../../../H-x86_64-pc-linux-gnu/nios2-elf/lib/libc.a(lib_a-findfp.o)
                0x000000000800b958                _cleanup
 .text.__sinit  0x000000000800b96c       0x10 /home/tom/intelFPGA_lite/20.1/nios2eds/bin/gnu/H-x86_64-pc-linux-gnu/bin/../lib/gcc/nios2-elf/9.2.1/../../../../../H-x86_64-pc-linux-gnu/nios2-elf/lib/libc.a(lib_a-findfp.o)
                0x000000000800b96c                __sinit
 .text.__sfp_lock_acquire
                0x000000000800b97c        0x4 /home/tom/intelFPGA_lite/20.1/nios2eds/bin/gnu/H-x86_64-pc-linux-gnu/bin/../lib/gcc/nios2-elf/9.2.1/../../../../../H-x86_64-pc-linux-gnu/nios2-elf/lib/libc.a(lib_a-findfp.o)
                0x000000000800b97c                __sfp_lock_acquire
 .text.__sfp_lock_release
                0x000000000800b980        0x4 /home/tom/intelFPGA_lite/20.1/nios2eds/bin/gnu/H-x86_64-pc-linux-gnu/bin/../lib/gcc/nios2-elf/9.2.1/../../../../../H-x86_64-pc-linux-gnu/nios2-elf/lib/libc.a(lib_a-findfp.o)
                0x000000000800b980                __sfp_lock_release
 .text.__sinit_lock_acquire
                0x000000000800b984        0x4 /home/tom/intelFPGA_lite/20.1/nios2eds/bin/gnu/H-x86_64-pc-linux-gnu/bin/../lib/gcc/nios2-elf/9.2.1/../../../../../H-x86_64-pc-linux-gnu/nios2-elf/lib/libc.a(lib_a-findfp.o)
                0x000000000800b984                __sinit_lock_acquire
 .text.__sinit_lock_release
                0x000000000800b988        0x4 /home/tom/intelFPGA_lite/20.1/nios2eds/bin/gnu/H-x86_64-pc-linux-gnu/bin/../lib/gcc/nios2-elf/9.2.1/../../../../../H-x86_64-pc-linux-gnu/nios2-elf/lib/libc.a(lib_a-findfp.o)
                0x000000000800b988                __sinit_lock_release
 .text.__fp_lock_all
                0x000000000800b98c       0x14 /home/tom/intelFPGA_lite/20.1/nios2eds/bin/gnu/H-x86_64-pc-linux-gnu/bin/../lib/gcc/nios2-elf/9.2.1/../../../../../H-x86_64-pc-linux-gnu/nios2-elf/lib/libc.a(lib_a-findfp.o)
                0x000000000800b98c                __fp_lock_all
 .text.__fp_unlock_all
                0x000000000800b9a0       0x14 /home/tom/intelFPGA_lite/20.1/nios2eds/bin/gnu/H-x86_64-pc-linux-gnu/bin/../lib/gcc/nios2-elf/9.2.1/../../../../../H-x86_64-pc-linux-gnu/nios2-elf/lib/libc.a(lib_a-findfp.o)
                0x000000000800b9a0                __fp_unlock_all
 .text          0x000000000800b9b4        0x0 /home/tom/intelFPGA_lite/20.1/nios2eds/bin/gnu/H-x86_64-pc-linux-gnu/bin/../lib/gcc/nios2-elf/9.2.1/../../../../../H-x86_64-pc-linux-gnu/nios2-elf/lib/libc.a(lib_a-freer.o)
 .text._malloc_trim_r
                0x000000000800b9b4      0x11c /home/tom/intelFPGA_lite/20.1/nios2eds/bin/gnu/H-x86_64-pc-linux-gnu/bin/../lib/gcc/nios2-elf/9.2.1/../../../../../H-x86_64-pc-linux-gnu/nios2-elf/lib/libc.a(lib_a-freer.o)
                0x000000000800b9b4                _malloc_trim_r
 .text._free_r  0x000000000800bad0      0x2fc /home/tom/intelFPGA_lite/20.1/nios2eds/bin/gnu/H-x86_64-pc-linux-gnu/bin/../lib/gcc/nios2-elf/9.2.1/../../../../../H-x86_64-pc-linux-gnu/nios2-elf/lib/libc.a(lib_a-freer.o)
                0x000000000800bad0                _free_r
 .text          0x000000000800bdcc        0x0 /home/tom/intelFPGA_lite/20.1/nios2eds/bin/gnu/H-x86_64-pc-linux-gnu/bin/../lib/gcc/nios2-elf/9.2.1/../../../../../H-x86_64-pc-linux-gnu/nios2-elf/lib/libc.a(lib_a-fvwrite.o)
 .text.__sfvwrite_r
                0x000000000800bdcc      0x4bc /home/tom/intelFPGA_lite/20.1/nios2eds/bin/gnu/H-x86_64-pc-linux-gnu/bin/../lib/gcc/nios2-elf/9.2.1/../../../../../H-x86_64-pc-linux-gnu/nios2-elf/lib/libc.a(lib_a-fvwrite.o)
                0x000000000800bdcc                __sfvwrite_r
 .text          0x000000000800c288        0x0 /home/tom/intelFPGA_lite/20.1/nios2eds/bin/gnu/H-x86_64-pc-linux-gnu/bin/../lib/gcc/nios2-elf/9.2.1/../../../../../H-x86_64-pc-linux-gnu/nios2-elf/lib/libc.a(lib_a-fwalk.o)
 .text._fwalk   0x000000000800c288       0x98 /home/tom/intelFPGA_lite/20.1/nios2eds/bin/gnu/H-x86_64-pc-linux-gnu/bin/../lib/gcc/nios2-elf/9.2.1/../../../../../H-x86_64-pc-linux-gnu/nios2-elf/lib/libc.a(lib_a-fwalk.o)
                0x000000000800c288                _fwalk
 .text._fwalk_reent
                0x000000000800c320       0xa8 /home/tom/intelFPGA_lite/20.1/nios2eds/bin/gnu/H-x86_64-pc-linux-gnu/bin/../lib/gcc/nios2-elf/9.2.1/../../../../../H-x86_64-pc-linux-gnu/nios2-elf/lib/libc.a(lib_a-fwalk.o)
                0x000000000800c320                _fwalk_reent
 .text          0x000000000800c3c8        0x0 /home/tom/intelFPGA_lite/20.1/nios2eds/bin/gnu/H-x86_64-pc-linux-gnu/bin/../lib/gcc/nios2-elf/9.2.1/../../../../../H-x86_64-pc-linux-gnu/nios2-elf/lib/libc.a(lib_a-getc.o)
 .text._getc_r  0x000000000800c3c8       0x7c /home/tom/intelFPGA_lite/20.1/nios2eds/bin/gnu/H-x86_64-pc-linux-gnu/bin/../lib/gcc/nios2-elf/9.2.1/../../../../../H-x86_64-pc-linux-gnu/nios2-elf/lib/libc.a(lib_a-getc.o)
                0x000000000800c3c8                _getc_r
 .text.getc     0x000000000800c444       0x90 /home/tom/intelFPGA_lite/20.1/nios2eds/bin/gnu/H-x86_64-pc-linux-gnu/bin/../lib/gcc/nios2-elf/9.2.1/../../../../../H-x86_64-pc-linux-gnu/nios2-elf/lib/libc.a(lib_a-getc.o)
                0x000000000800c444                getc
 .text          0x000000000800c4d4        0x0 /home/tom/intelFPGA_lite/20.1/nios2eds/bin/gnu/H-x86_64-pc-linux-gnu/bin/../lib/gcc/nios2-elf/9.2.1/../../../../../H-x86_64-pc-linux-gnu/nios2-elf/lib/libc.a(lib_a-int_errno.o)
 .text          0x000000000800c4d4        0x0 /home/tom/intelFPGA_lite/20.1/nios2eds/bin/gnu/H-x86_64-pc-linux-gnu/bin/../lib/gcc/nios2-elf/9.2.1/../../../../../H-x86_64-pc-linux-gnu/nios2-elf/lib/libc.a(lib_a-localeconv.o)
 .text.__localeconv_l
                0x000000000800c4d4        0x8 /home/tom/intelFPGA_lite/20.1/nios2eds/bin/gnu/H-x86_64-pc-linux-gnu/bin/../lib/gcc/nios2-elf/9.2.1/../../../../../H-x86_64-pc-linux-gnu/nios2-elf/lib/libc.a(lib_a-localeconv.o)
                0x000000000800c4d4                __localeconv_l
 .text._localeconv_r
                0x000000000800c4dc        0xc /home/tom/intelFPGA_lite/20.1/nios2eds/bin/gnu/H-x86_64-pc-linux-gnu/bin/../lib/gcc/nios2-elf/9.2.1/../../../../../H-x86_64-pc-linux-gnu/nios2-elf/lib/libc.a(lib_a-localeconv.o)
                0x000000000800c4dc                _localeconv_r
 .text.localeconv
                0x000000000800c4e8        0xc /home/tom/intelFPGA_lite/20.1/nios2eds/bin/gnu/H-x86_64-pc-linux-gnu/bin/../lib/gcc/nios2-elf/9.2.1/../../../../../H-x86_64-pc-linux-gnu/nios2-elf/lib/libc.a(lib_a-localeconv.o)
                0x000000000800c4e8                localeconv
 .text          0x000000000800c4f4        0x0 /home/tom/intelFPGA_lite/20.1/nios2eds/bin/gnu/H-x86_64-pc-linux-gnu/bin/../lib/gcc/nios2-elf/9.2.1/../../../../../H-x86_64-pc-linux-gnu/nios2-elf/lib/libc.a(lib_a-makebuf.o)
 .text.__swhatbuf_r
                0x000000000800c4f4       0x98 /home/tom/intelFPGA_lite/20.1/nios2eds/bin/gnu/H-x86_64-pc-linux-gnu/bin/../lib/gcc/nios2-elf/9.2.1/../../../../../H-x86_64-pc-linux-gnu/nios2-elf/lib/libc.a(lib_a-makebuf.o)
                0x000000000800c4f4                __swhatbuf_r
 .text.__smakebuf_r
                0x000000000800c58c      0x140 /home/tom/intelFPGA_lite/20.1/nios2eds/bin/gnu/H-x86_64-pc-linux-gnu/bin/../lib/gcc/nios2-elf/9.2.1/../../../../../H-x86_64-pc-linux-gnu/nios2-elf/lib/libc.a(lib_a-makebuf.o)
                0x000000000800c58c                __smakebuf_r
 .text          0x000000000800c6cc        0x0 /home/tom/intelFPGA_lite/20.1/nios2eds/bin/gnu/H-x86_64-pc-linux-gnu/bin/../lib/gcc/nios2-elf/9.2.1/../../../../../H-x86_64-pc-linux-gnu/nios2-elf/lib/libc.a(lib_a-mallocr.o)
 .text._malloc_r
                0x000000000800c6cc      0x7e0 /home/tom/intelFPGA_lite/20.1/nios2eds/bin/gnu/H-x86_64-pc-linux-gnu/bin/../lib/gcc/nios2-elf/9.2.1/../../../../../H-x86_64-pc-linux-gnu/nios2-elf/lib/libc.a(lib_a-mallocr.o)
                0x000000000800c6cc                _malloc_r
 .text          0x000000000800ceac        0x0 /home/tom/intelFPGA_lite/20.1/nios2eds/bin/gnu/H-x86_64-pc-linux-gnu/bin/../lib/gcc/nios2-elf/9.2.1/../../../../../H-x86_64-pc-linux-gnu/nios2-elf/lib/libc.a(lib_a-memchr.o)
 .text.memchr   0x000000000800ceac       0xd4 /home/tom/intelFPGA_lite/20.1/nios2eds/bin/gnu/H-x86_64-pc-linux-gnu/bin/../lib/gcc/nios2-elf/9.2.1/../../../../../H-x86_64-pc-linux-gnu/nios2-elf/lib/libc.a(lib_a-memchr.o)
                0x000000000800ceac                memchr
 .text          0x000000000800cf80        0x0 /home/tom/intelFPGA_lite/20.1/nios2eds/bin/gnu/H-x86_64-pc-linux-gnu/bin/../lib/gcc/nios2-elf/9.2.1/../../../../../H-x86_64-pc-linux-gnu/nios2-elf/lib/libc.a(lib_a-memmove.o)
 .text.memmove  0x000000000800cf80      0x12c /home/tom/intelFPGA_lite/20.1/nios2eds/bin/gnu/H-x86_64-pc-linux-gnu/bin/../lib/gcc/nios2-elf/9.2.1/../../../../../H-x86_64-pc-linux-gnu/nios2-elf/lib/libc.a(lib_a-memmove.o)
                0x000000000800cf80                memmove
 .text          0x000000000800d0ac        0x0 /home/tom/intelFPGA_lite/20.1/nios2eds/bin/gnu/H-x86_64-pc-linux-gnu/bin/../lib/gcc/nios2-elf/9.2.1/../../../../../H-x86_64-pc-linux-gnu/nios2-elf/lib/libc.a(lib_a-mprec.o)
 .text._Balloc  0x000000000800d0ac       0xa4 /home/tom/intelFPGA_lite/20.1/nios2eds/bin/gnu/H-x86_64-pc-linux-gnu/bin/../lib/gcc/nios2-elf/9.2.1/../../../../../H-x86_64-pc-linux-gnu/nios2-elf/lib/libc.a(lib_a-mprec.o)
                0x000000000800d0ac                _Balloc
 .text._Bfree   0x000000000800d150       0x24 /home/tom/intelFPGA_lite/20.1/nios2eds/bin/gnu/H-x86_64-pc-linux-gnu/bin/../lib/gcc/nios2-elf/9.2.1/../../../../../H-x86_64-pc-linux-gnu/nios2-elf/lib/libc.a(lib_a-mprec.o)
                0x000000000800d150                _Bfree
 .text.__multadd
                0x000000000800d174      0x138 /home/tom/intelFPGA_lite/20.1/nios2eds/bin/gnu/H-x86_64-pc-linux-gnu/bin/../lib/gcc/nios2-elf/9.2.1/../../../../../H-x86_64-pc-linux-gnu/nios2-elf/lib/libc.a(lib_a-mprec.o)
                0x000000000800d174                __multadd
 .text.__s2b    0x000000000800d2ac      0x138 /home/tom/intelFPGA_lite/20.1/nios2eds/bin/gnu/H-x86_64-pc-linux-gnu/bin/../lib/gcc/nios2-elf/9.2.1/../../../../../H-x86_64-pc-linux-gnu/nios2-elf/lib/libc.a(lib_a-mprec.o)
                0x000000000800d2ac                __s2b
 .text.__hi0bits
                0x000000000800d3e4       0x64 /home/tom/intelFPGA_lite/20.1/nios2eds/bin/gnu/H-x86_64-pc-linux-gnu/bin/../lib/gcc/nios2-elf/9.2.1/../../../../../H-x86_64-pc-linux-gnu/nios2-elf/lib/libc.a(lib_a-mprec.o)
                0x000000000800d3e4                __hi0bits
 .text.__lo0bits
                0x000000000800d448       0xb0 /home/tom/intelFPGA_lite/20.1/nios2eds/bin/gnu/H-x86_64-pc-linux-gnu/bin/../lib/gcc/nios2-elf/9.2.1/../../../../../H-x86_64-pc-linux-gnu/nios2-elf/lib/libc.a(lib_a-mprec.o)
                0x000000000800d448                __lo0bits
 .text.__i2b    0x000000000800d4f8       0x54 /home/tom/intelFPGA_lite/20.1/nios2eds/bin/gnu/H-x86_64-pc-linux-gnu/bin/../lib/gcc/nios2-elf/9.2.1/../../../../../H-x86_64-pc-linux-gnu/nios2-elf/lib/libc.a(lib_a-mprec.o)
                0x000000000800d4f8                __i2b
 .text.__multiply
                0x000000000800d54c      0x230 /home/tom/intelFPGA_lite/20.1/nios2eds/bin/gnu/H-x86_64-pc-linux-gnu/bin/../lib/gcc/nios2-elf/9.2.1/../../../../../H-x86_64-pc-linux-gnu/nios2-elf/lib/libc.a(lib_a-mprec.o)
                0x000000000800d54c                __multiply
 .text.__pow5mult
                0x000000000800d77c      0x118 /home/tom/intelFPGA_lite/20.1/nios2eds/bin/gnu/H-x86_64-pc-linux-gnu/bin/../lib/gcc/nios2-elf/9.2.1/../../../../../H-x86_64-pc-linux-gnu/nios2-elf/lib/libc.a(lib_a-mprec.o)
                0x000000000800d77c                __pow5mult
 .text.__lshift
                0x000000000800d894      0x188 /home/tom/intelFPGA_lite/20.1/nios2eds/bin/gnu/H-x86_64-pc-linux-gnu/bin/../lib/gcc/nios2-elf/9.2.1/../../../../../H-x86_64-pc-linux-gnu/nios2-elf/lib/libc.a(lib_a-mprec.o)
                0x000000000800d894                __lshift
 .text.__mcmp   0x000000000800da1c       0x58 /home/tom/intelFPGA_lite/20.1/nios2eds/bin/gnu/H-x86_64-pc-linux-gnu/bin/../lib/gcc/nios2-elf/9.2.1/../../../../../H-x86_64-pc-linux-gnu/nios2-elf/lib/libc.a(lib_a-mprec.o)
                0x000000000800da1c                __mcmp
 .text.__mdiff  0x000000000800da74      0x22c /home/tom/intelFPGA_lite/20.1/nios2eds/bin/gnu/H-x86_64-pc-linux-gnu/bin/../lib/gcc/nios2-elf/9.2.1/../../../../../H-x86_64-pc-linux-gnu/nios2-elf/lib/libc.a(lib_a-mprec.o)
                0x000000000800da74                __mdiff
 .text.__ulp    0x000000000800dca0       0x5c /home/tom/intelFPGA_lite/20.1/nios2eds/bin/gnu/H-x86_64-pc-linux-gnu/bin/../lib/gcc/nios2-elf/9.2.1/../../../../../H-x86_64-pc-linux-gnu/nios2-elf/lib/libc.a(lib_a-mprec.o)
                0x000000000800dca0                __ulp
 .text.__b2d    0x000000000800dcfc      0x104 /home/tom/intelFPGA_lite/20.1/nios2eds/bin/gnu/H-x86_64-pc-linux-gnu/bin/../lib/gcc/nios2-elf/9.2.1/../../../../../H-x86_64-pc-linux-gnu/nios2-elf/lib/libc.a(lib_a-mprec.o)
                0x000000000800dcfc                __b2d
 .text.__d2b    0x000000000800de00      0x164 /home/tom/intelFPGA_lite/20.1/nios2eds/bin/gnu/H-x86_64-pc-linux-gnu/bin/../lib/gcc/nios2-elf/9.2.1/../../../../../H-x86_64-pc-linux-gnu/nios2-elf/lib/libc.a(lib_a-mprec.o)
                0x000000000800de00                __d2b
 .text.__ratio  0x000000000800df64       0xa8 /home/tom/intelFPGA_lite/20.1/nios2eds/bin/gnu/H-x86_64-pc-linux-gnu/bin/../lib/gcc/nios2-elf/9.2.1/../../../../../H-x86_64-pc-linux-gnu/nios2-elf/lib/libc.a(lib_a-mprec.o)
                0x000000000800df64                __ratio
 .text._mprec_log10
                0x000000000800e00c       0x70 /home/tom/intelFPGA_lite/20.1/nios2eds/bin/gnu/H-x86_64-pc-linux-gnu/bin/../lib/gcc/nios2-elf/9.2.1/../../../../../H-x86_64-pc-linux-gnu/nios2-elf/lib/libc.a(lib_a-mprec.o)
                0x000000000800e00c                _mprec_log10
 .text.__copybits
                0x000000000800e07c       0x6c /home/tom/intelFPGA_lite/20.1/nios2eds/bin/gnu/H-x86_64-pc-linux-gnu/bin/../lib/gcc/nios2-elf/9.2.1/../../../../../H-x86_64-pc-linux-gnu/nios2-elf/lib/libc.a(lib_a-mprec.o)
                0x000000000800e07c                __copybits
 .text.__any_on
                0x000000000800e0e8       0x60 /home/tom/intelFPGA_lite/20.1/nios2eds/bin/gnu/H-x86_64-pc-linux-gnu/bin/../lib/gcc/nios2-elf/9.2.1/../../../../../H-x86_64-pc-linux-gnu/nios2-elf/lib/libc.a(lib_a-mprec.o)
                0x000000000800e0e8                __any_on
 .text          0x000000000800e148        0x0 /home/tom/intelFPGA_lite/20.1/nios2eds/bin/gnu/H-x86_64-pc-linux-gnu/bin/../lib/gcc/nios2-elf/9.2.1/../../../../../H-x86_64-pc-linux-gnu/nios2-elf/lib/libc.a(lib_a-putc.o)
 .text._putc_r  0x000000000800e148       0xcc /home/tom/intelFPGA_lite/20.1/nios2eds/bin/gnu/H-x86_64-pc-linux-gnu/bin/../lib/gcc/nios2-elf/9.2.1/../../../../../H-x86_64-pc-linux-gnu/nios2-elf/lib/libc.a(lib_a-putc.o)
                0x000000000800e148                _putc_r
 .text.putc     0x000000000800e214       0xe0 /home/tom/intelFPGA_lite/20.1/nios2eds/bin/gnu/H-x86_64-pc-linux-gnu/bin/../lib/gcc/nios2-elf/9.2.1/../../../../../H-x86_64-pc-linux-gnu/nios2-elf/lib/libc.a(lib_a-putc.o)
                0x000000000800e214                putc
 .text          0x000000000800e2f4        0x0 /home/tom/intelFPGA_lite/20.1/nios2eds/bin/gnu/H-x86_64-pc-linux-gnu/bin/../lib/gcc/nios2-elf/9.2.1/../../../../../H-x86_64-pc-linux-gnu/nios2-elf/lib/libc.a(lib_a-reallocr.o)
 .text._realloc_r
                0x000000000800e2f4      0x564 /home/tom/intelFPGA_lite/20.1/nios2eds/bin/gnu/H-x86_64-pc-linux-gnu/bin/../lib/gcc/nios2-elf/9.2.1/../../../../../H-x86_64-pc-linux-gnu/nios2-elf/lib/libc.a(lib_a-reallocr.o)
                0x000000000800e2f4                _realloc_r
 .text          0x000000000800e858        0x0 /home/tom/intelFPGA_lite/20.1/nios2eds/bin/gnu/H-x86_64-pc-linux-gnu/bin/../lib/gcc/nios2-elf/9.2.1/../../../../../H-x86_64-pc-linux-gnu/nios2-elf/lib/libc.a(lib_a-rget.o)
 .text.__srget_r
                0x000000000800e858       0x74 /home/tom/intelFPGA_lite/20.1/nios2eds/bin/gnu/H-x86_64-pc-linux-gnu/bin/../lib/gcc/nios2-elf/9.2.1/../../../../../H-x86_64-pc-linux-gnu/nios2-elf/lib/libc.a(lib_a-rget.o)
                0x000000000800e858                __srget_r
 .text.__srget  0x000000000800e8cc       0x10 /home/tom/intelFPGA_lite/20.1/nios2eds/bin/gnu/H-x86_64-pc-linux-gnu/bin/../lib/gcc/nios2-elf/9.2.1/../../../../../H-x86_64-pc-linux-gnu/nios2-elf/lib/libc.a(lib_a-rget.o)
                0x000000000800e8cc                __srget
 .text          0x000000000800e8dc        0x0 /home/tom/intelFPGA_lite/20.1/nios2eds/bin/gnu/H-x86_64-pc-linux-gnu/bin/../lib/gcc/nios2-elf/9.2.1/../../../../../H-x86_64-pc-linux-gnu/nios2-elf/lib/libc.a(lib_a-sbrkr.o)
 .text._sbrk_r  0x000000000800e8dc       0x58 /home/tom/intelFPGA_lite/20.1/nios2eds/bin/gnu/H-x86_64-pc-linux-gnu/bin/../lib/gcc/nios2-elf/9.2.1/../../../../../H-x86_64-pc-linux-gnu/nios2-elf/lib/libc.a(lib_a-sbrkr.o)
                0x000000000800e8dc                _sbrk_r
 .text          0x000000000800e934        0x0 /home/tom/intelFPGA_lite/20.1/nios2eds/bin/gnu/H-x86_64-pc-linux-gnu/bin/../lib/gcc/nios2-elf/9.2.1/../../../../../H-x86_64-pc-linux-gnu/nios2-elf/lib/libc.a(lib_a-stdio.o)
 .text.__sread  0x000000000800e934       0x54 /home/tom/intelFPGA_lite/20.1/nios2eds/bin/gnu/H-x86_64-pc-linux-gnu/bin/../lib/gcc/nios2-elf/9.2.1/../../../../../H-x86_64-pc-linux-gnu/nios2-elf/lib/libc.a(lib_a-stdio.o)
                0x000000000800e934                __sread
 .text.__seofread
                0x000000000800e988        0x8 /home/tom/intelFPGA_lite/20.1/nios2eds/bin/gnu/H-x86_64-pc-linux-gnu/bin/../lib/gcc/nios2-elf/9.2.1/../../../../../H-x86_64-pc-linux-gnu/nios2-elf/lib/libc.a(lib_a-stdio.o)
                0x000000000800e988                __seofread
 .text.__swrite
                0x000000000800e990       0x80 /home/tom/intelFPGA_lite/20.1/nios2eds/bin/gnu/H-x86_64-pc-linux-gnu/bin/../lib/gcc/nios2-elf/9.2.1/../../../../../H-x86_64-pc-linux-gnu/nios2-elf/lib/libc.a(lib_a-stdio.o)
                0x000000000800e990                __swrite
 .text.__sseek  0x000000000800ea10       0x5c /home/tom/intelFPGA_lite/20.1/nios2eds/bin/gnu/H-x86_64-pc-linux-gnu/bin/../lib/gcc/nios2-elf/9.2.1/../../../../../H-x86_64-pc-linux-gnu/nios2-elf/lib/libc.a(lib_a-stdio.o)
                0x000000000800ea10                __sseek
 .text.__sclose
                0x000000000800ea6c        0x8 /home/tom/intelFPGA_lite/20.1/nios2eds/bin/gnu/H-x86_64-pc-linux-gnu/bin/../lib/gcc/nios2-elf/9.2.1/../../../../../H-x86_64-pc-linux-gnu/nios2-elf/lib/libc.a(lib_a-stdio.o)
                0x000000000800ea6c                __sclose
 .text          0x000000000800ea74        0x0 /home/tom/intelFPGA_lite/20.1/nios2eds/bin/gnu/H-x86_64-pc-linux-gnu/bin/../lib/gcc/nios2-elf/9.2.1/../../../../../H-x86_64-pc-linux-gnu/nios2-elf/lib/libc.a(lib_a-svfiprintf.o)
 .text.__ssprint_r
                0x000000000800ea74      0x1c0 /home/tom/intelFPGA_lite/20.1/nios2eds/bin/gnu/H-x86_64-pc-linux-gnu/bin/../lib/gcc/nios2-elf/9.2.1/../../../../../H-x86_64-pc-linux-gnu/nios2-elf/lib/libc.a(lib_a-svfiprintf.o)
                0x000000000800ea74                __ssprint_r
 .text.___svfiprintf_internal_r
                0x000000000800ec34     0x10e4 /home/tom/intelFPGA_lite/20.1/nios2eds/bin/gnu/H-x86_64-pc-linux-gnu/bin/../lib/gcc/nios2-elf/9.2.1/../../../../../H-x86_64-pc-linux-gnu/nios2-elf/lib/libc.a(lib_a-svfiprintf.o)
                0x000000000800ec34                ___svfiprintf_internal_r
 .text          0x000000000800fd18        0x0 /home/tom/intelFPGA_lite/20.1/nios2eds/bin/gnu/H-x86_64-pc-linux-gnu/bin/../lib/gcc/nios2-elf/9.2.1/../../../../../H-x86_64-pc-linux-gnu/nios2-elf/lib/libc.a(lib_a-vfiprintf.o)
 .text.__sprint_r.part.0
                0x000000000800fd18       0xf4 /home/tom/intelFPGA_lite/20.1/nios2eds/bin/gnu/H-x86_64-pc-linux-gnu/bin/../lib/gcc/nios2-elf/9.2.1/../../../../../H-x86_64-pc-linux-gnu/nios2-elf/lib/libc.a(lib_a-vfiprintf.o)
 .text.__sprint_r
                0x000000000800fe0c       0x18 /home/tom/intelFPGA_lite/20.1/nios2eds/bin/gnu/H-x86_64-pc-linux-gnu/bin/../lib/gcc/nios2-elf/9.2.1/../../../../../H-x86_64-pc-linux-gnu/nios2-elf/lib/libc.a(lib_a-vfiprintf.o)
                0x000000000800fe0c                __sprint_r
 .text.___vfiprintf_internal_r
                0x000000000800fe24     0x1304 /home/tom/intelFPGA_lite/20.1/nios2eds/bin/gnu/H-x86_64-pc-linux-gnu/bin/../lib/gcc/nios2-elf/9.2.1/../../../../../H-x86_64-pc-linux-gnu/nios2-elf/lib/libc.a(lib_a-vfiprintf.o)
                0x000000000800fe24                ___vfiprintf_internal_r
 .text.__vfiprintf_internal
                0x0000000008011128       0x1c /home/tom/intelFPGA_lite/20.1/nios2eds/bin/gnu/H-x86_64-pc-linux-gnu/bin/../lib/gcc/nios2-elf/9.2.1/../../../../../H-x86_64-pc-linux-gnu/nios2-elf/lib/libc.a(lib_a-vfiprintf.o)
                0x0000000008011128                __vfiprintf_internal
 .text.__sbprintf
                0x0000000008011144       0xc0 /home/tom/intelFPGA_lite/20.1/nios2eds/bin/gnu/H-x86_64-pc-linux-gnu/bin/../lib/gcc/nios2-elf/9.2.1/../../../../../H-x86_64-pc-linux-gnu/nios2-elf/lib/libc.a(lib_a-vfiprintf.o)
 .text          0x0000000008011204        0x0 /home/tom/intelFPGA_lite/20.1/nios2eds/bin/gnu/H-x86_64-pc-linux-gnu/bin/../lib/gcc/nios2-elf/9.2.1/../../../../../H-x86_64-pc-linux-gnu/nios2-elf/lib/libc.a(lib_a-wbuf.o)
 .text.__swbuf_r
                0x0000000008011204      0x148 /home/tom/intelFPGA_lite/20.1/nios2eds/bin/gnu/H-x86_64-pc-linux-gnu/bin/../lib/gcc/nios2-elf/9.2.1/../../../../../H-x86_64-pc-linux-gnu/nios2-elf/lib/libc.a(lib_a-wbuf.o)
                0x0000000008011204                __swbuf_r
 .text.__swbuf  0x000000000801134c       0x18 /home/tom/intelFPGA_lite/20.1/nios2eds/bin/gnu/H-x86_64-pc-linux-gnu/bin/../lib/gcc/nios2-elf/9.2.1/../../../../../H-x86_64-pc-linux-gnu/nios2-elf/lib/libc.a(lib_a-wbuf.o)
                0x000000000801134c                __swbuf
 .text          0x0000000008011364        0x0 /home/tom/intelFPGA_lite/20.1/nios2eds/bin/gnu/H-x86_64-pc-linux-gnu/bin/../lib/gcc/nios2-elf/9.2.1/../../../../../H-x86_64-pc-linux-gnu/nios2-elf/lib/libc.a(closer.o)
 .text._close_r
                0x0000000008011364       0x58 /home/tom/intelFPGA_lite/20.1/nios2eds/bin/gnu/H-x86_64-pc-linux-gnu/bin/../lib/gcc/nios2-elf/9.2.1/../../../../../H-x86_64-pc-linux-gnu/nios2-elf/lib/libc.a(closer.o)
                0x0000000008011364                _close_r
 .text          0x00000000080113bc        0x0 /home/tom/intelFPGA_lite/20.1/nios2eds/bin/gnu/H-x86_64-pc-linux-gnu/bin/../lib/gcc/nios2-elf/9.2.1/../../../../../H-x86_64-pc-linux-gnu/nios2-elf/lib/libc.a(lib_a-assert.o)
 .text.__assert_func
                0x00000000080113bc       0x64 /home/tom/intelFPGA_lite/20.1/nios2eds/bin/gnu/H-x86_64-pc-linux-gnu/bin/../lib/gcc/nios2-elf/9.2.1/../../../../../H-x86_64-pc-linux-gnu/nios2-elf/lib/libc.a(lib_a-assert.o)
                0x00000000080113bc                __assert_func
 .text.__assert
                0x0000000008011420       0x14 /home/tom/intelFPGA_lite/20.1/nios2eds/bin/gnu/H-x86_64-pc-linux-gnu/bin/../lib/gcc/nios2-elf/9.2.1/../../../../../H-x86_64-pc-linux-gnu/nios2-elf/lib/libc.a(lib_a-assert.o)
                0x0000000008011420                __assert
 .text          0x0000000008011434        0x0 /home/tom/intelFPGA_lite/20.1/nios2eds/bin/gnu/H-x86_64-pc-linux-gnu/bin/../lib/gcc/nios2-elf/9.2.1/../../../../../H-x86_64-pc-linux-gnu/nios2-elf/lib/libc.a(lib_a-callocr.o)
 .text._calloc_r
                0x0000000008011434       0xb4 /home/tom/intelFPGA_lite/20.1/nios2eds/bin/gnu/H-x86_64-pc-linux-gnu/bin/../lib/gcc/nios2-elf/9.2.1/../../../../../H-x86_64-pc-linux-gnu/nios2-elf/lib/libc.a(lib_a-callocr.o)
                0x0000000008011434                _calloc_r
 .text          0x00000000080114e8        0x0 /home/tom/intelFPGA_lite/20.1/nios2eds/bin/gnu/H-x86_64-pc-linux-gnu/bin/../lib/gcc/nios2-elf/9.2.1/../../../../../H-x86_64-pc-linux-gnu/nios2-elf/lib/libc.a(lib_a-fclose.o)
 .text._fclose_r
                0x00000000080114e8       0xf8 /home/tom/intelFPGA_lite/20.1/nios2eds/bin/gnu/H-x86_64-pc-linux-gnu/bin/../lib/gcc/nios2-elf/9.2.1/../../../../../H-x86_64-pc-linux-gnu/nios2-elf/lib/libc.a(lib_a-fclose.o)
                0x00000000080114e8                _fclose_r
 .text.fclose   0x00000000080115e0       0x10 /home/tom/intelFPGA_lite/20.1/nios2eds/bin/gnu/H-x86_64-pc-linux-gnu/bin/../lib/gcc/nios2-elf/9.2.1/../../../../../H-x86_64-pc-linux-gnu/nios2-elf/lib/libc.a(lib_a-fclose.o)
                0x00000000080115e0                fclose
 .text          0x00000000080115f0        0x0 /home/tom/intelFPGA_lite/20.1/nios2eds/bin/gnu/H-x86_64-pc-linux-gnu/bin/../lib/gcc/nios2-elf/9.2.1/../../../../../H-x86_64-pc-linux-gnu/nios2-elf/lib/libc.a(lib_a-fiprintf.o)
 .text._fiprintf_r
                0x00000000080115f0       0x20 /home/tom/intelFPGA_lite/20.1/nios2eds/bin/gnu/H-x86_64-pc-linux-gnu/bin/../lib/gcc/nios2-elf/9.2.1/../../../../../H-x86_64-pc-linux-gnu/nios2-elf/lib/libc.a(lib_a-fiprintf.o)
                0x00000000080115f0                _fiprintf_r
 .text.fiprintf
                0x0000000008011610       0x38 /home/tom/intelFPGA_lite/20.1/nios2eds/bin/gnu/H-x86_64-pc-linux-gnu/bin/../lib/gcc/nios2-elf/9.2.1/../../../../../H-x86_64-pc-linux-gnu/nios2-elf/lib/libc.a(lib_a-fiprintf.o)
                0x0000000008011610                fiprintf
 .text          0x0000000008011648        0x0 /home/tom/intelFPGA_lite/20.1/nios2eds/bin/gnu/H-x86_64-pc-linux-gnu/bin/../lib/gcc/nios2-elf/9.2.1/../../../../../H-x86_64-pc-linux-gnu/nios2-elf/lib/libc.a(lib_a-fputwc.o)
 .text.__fputwc
                0x0000000008011648      0x164 /home/tom/intelFPGA_lite/20.1/nios2eds/bin/gnu/H-x86_64-pc-linux-gnu/bin/../lib/gcc/nios2-elf/9.2.1/../../../../../H-x86_64-pc-linux-gnu/nios2-elf/lib/libc.a(lib_a-fputwc.o)
                0x0000000008011648                __fputwc
 .text._fputwc_r
                0x00000000080117ac       0x24 /home/tom/intelFPGA_lite/20.1/nios2eds/bin/gnu/H-x86_64-pc-linux-gnu/bin/../lib/gcc/nios2-elf/9.2.1/../../../../../H-x86_64-pc-linux-gnu/nios2-elf/lib/libc.a(lib_a-fputwc.o)
                0x00000000080117ac                _fputwc_r
 .text.fputwc   0x00000000080117d0       0x78 /home/tom/intelFPGA_lite/20.1/nios2eds/bin/gnu/H-x86_64-pc-linux-gnu/bin/../lib/gcc/nios2-elf/9.2.1/../../../../../H-x86_64-pc-linux-gnu/nios2-elf/lib/libc.a(lib_a-fputwc.o)
                0x00000000080117d0                fputwc
 .text          0x0000000008011848        0x0 /home/tom/intelFPGA_lite/20.1/nios2eds/bin/gnu/H-x86_64-pc-linux-gnu/bin/../lib/gcc/nios2-elf/9.2.1/../../../../../H-x86_64-pc-linux-gnu/nios2-elf/lib/libc.a(lib_a-fstatr.o)
 .text._fstat_r
                0x0000000008011848       0x60 /home/tom/intelFPGA_lite/20.1/nios2eds/bin/gnu/H-x86_64-pc-linux-gnu/bin/../lib/gcc/nios2-elf/9.2.1/../../../../../H-x86_64-pc-linux-gnu/nios2-elf/lib/libc.a(lib_a-fstatr.o)
                0x0000000008011848                _fstat_r
 .text          0x00000000080118a8        0x0 /home/tom/intelFPGA_lite/20.1/nios2eds/bin/gnu/H-x86_64-pc-linux-gnu/bin/../lib/gcc/nios2-elf/9.2.1/../../../../../H-x86_64-pc-linux-gnu/nios2-elf/lib/libc.a(lib_a-isattyr.o)
 .text._isatty_r
                0x00000000080118a8       0x58 /home/tom/intelFPGA_lite/20.1/nios2eds/bin/gnu/H-x86_64-pc-linux-gnu/bin/../lib/gcc/nios2-elf/9.2.1/../../../../../H-x86_64-pc-linux-gnu/nios2-elf/lib/libc.a(lib_a-isattyr.o)
                0x00000000080118a8                _isatty_r
 .text          0x0000000008011900        0x0 /home/tom/intelFPGA_lite/20.1/nios2eds/bin/gnu/H-x86_64-pc-linux-gnu/bin/../lib/gcc/nios2-elf/9.2.1/../../../../../H-x86_64-pc-linux-gnu/nios2-elf/lib/libc.a(lib_a-locale.o)
 .text._setlocale_r
                0x0000000008011900       0x74 /home/tom/intelFPGA_lite/20.1/nios2eds/bin/gnu/H-x86_64-pc-linux-gnu/bin/../lib/gcc/nios2-elf/9.2.1/../../../../../H-x86_64-pc-linux-gnu/nios2-elf/lib/libc.a(lib_a-locale.o)
                0x0000000008011900                _setlocale_r
 .text.__locale_mb_cur_max
                0x0000000008011974        0xc /home/tom/intelFPGA_lite/20.1/nios2eds/bin/gnu/H-x86_64-pc-linux-gnu/bin/../lib/gcc/nios2-elf/9.2.1/../../../../../H-x86_64-pc-linux-gnu/nios2-elf/lib/libc.a(lib_a-locale.o)
                0x0000000008011974                __locale_mb_cur_max
 .text.setlocale
                0x0000000008011980       0x18 /home/tom/intelFPGA_lite/20.1/nios2eds/bin/gnu/H-x86_64-pc-linux-gnu/bin/../lib/gcc/nios2-elf/9.2.1/../../../../../H-x86_64-pc-linux-gnu/nios2-elf/lib/libc.a(lib_a-locale.o)
                0x0000000008011980                setlocale
 .text          0x0000000008011998        0x0 /home/tom/intelFPGA_lite/20.1/nios2eds/bin/gnu/H-x86_64-pc-linux-gnu/bin/../lib/gcc/nios2-elf/9.2.1/../../../../../H-x86_64-pc-linux-gnu/nios2-elf/lib/libc.a(lib_a-lseekr.o)
 .text._lseek_r
                0x0000000008011998       0x64 /home/tom/intelFPGA_lite/20.1/nios2eds/bin/gnu/H-x86_64-pc-linux-gnu/bin/../lib/gcc/nios2-elf/9.2.1/../../../../../H-x86_64-pc-linux-gnu/nios2-elf/lib/libc.a(lib_a-lseekr.o)
                0x0000000008011998                _lseek_r
 .text          0x00000000080119fc        0x0 /home/tom/intelFPGA_lite/20.1/nios2eds/bin/gnu/H-x86_64-pc-linux-gnu/bin/../lib/gcc/nios2-elf/9.2.1/../../../../../H-x86_64-pc-linux-gnu/nios2-elf/lib/libc.a(lib_a-mbtowc_r.o)
 .text._mbtowc_r
                0x00000000080119fc        0xc /home/tom/intelFPGA_lite/20.1/nios2eds/bin/gnu/H-x86_64-pc-linux-gnu/bin/../lib/gcc/nios2-elf/9.2.1/../../../../../H-x86_64-pc-linux-gnu/nios2-elf/lib/libc.a(lib_a-mbtowc_r.o)
                0x00000000080119fc                _mbtowc_r
 .text.__ascii_mbtowc
                0x0000000008011a08       0x44 /home/tom/intelFPGA_lite/20.1/nios2eds/bin/gnu/H-x86_64-pc-linux-gnu/bin/../lib/gcc/nios2-elf/9.2.1/../../../../../H-x86_64-pc-linux-gnu/nios2-elf/lib/libc.a(lib_a-mbtowc_r.o)
                0x0000000008011a08                __ascii_mbtowc
 .text          0x0000000008011a4c        0x0 /home/tom/intelFPGA_lite/20.1/nios2eds/bin/gnu/H-x86_64-pc-linux-gnu/bin/../lib/gcc/nios2-elf/9.2.1/../../../../../H-x86_64-pc-linux-gnu/nios2-elf/lib/libc.a(lib_a-readr.o)
 .text._read_r  0x0000000008011a4c       0x64 /home/tom/intelFPGA_lite/20.1/nios2eds/bin/gnu/H-x86_64-pc-linux-gnu/bin/../lib/gcc/nios2-elf/9.2.1/../../../../../H-x86_64-pc-linux-gnu/nios2-elf/lib/libc.a(lib_a-readr.o)
                0x0000000008011a4c                _read_r
 .text          0x0000000008011ab0        0x0 /home/tom/intelFPGA_lite/20.1/nios2eds/bin/gnu/H-x86_64-pc-linux-gnu/bin/../lib/gcc/nios2-elf/9.2.1/../../../../../H-x86_64-pc-linux-gnu/nios2-elf/lib/libc.a(lib_a-refill.o)
 .text.lflush   0x0000000008011ab0       0x1c /home/tom/intelFPGA_lite/20.1/nios2eds/bin/gnu/H-x86_64-pc-linux-gnu/bin/../lib/gcc/nios2-elf/9.2.1/../../../../../H-x86_64-pc-linux-gnu/nios2-elf/lib/libc.a(lib_a-refill.o)
 .text.__srefill_r
                0x0000000008011acc      0x1cc /home/tom/intelFPGA_lite/20.1/nios2eds/bin/gnu/H-x86_64-pc-linux-gnu/bin/../lib/gcc/nios2-elf/9.2.1/../../../../../H-x86_64-pc-linux-gnu/nios2-elf/lib/libc.a(lib_a-refill.o)
                0x0000000008011acc                __srefill_r
 .text          0x0000000008011c98        0x0 /home/tom/intelFPGA_lite/20.1/nios2eds/bin/gnu/H-x86_64-pc-linux-gnu/bin/../lib/gcc/nios2-elf/9.2.1/../../../../../H-x86_64-pc-linux-gnu/nios2-elf/lib/libc.a(lib_a-strcmp.o)
 .text.strcmp   0x0000000008011c98       0xb8 /home/tom/intelFPGA_lite/20.1/nios2eds/bin/gnu/H-x86_64-pc-linux-gnu/bin/../lib/gcc/nios2-elf/9.2.1/../../../../../H-x86_64-pc-linux-gnu/nios2-elf/lib/libc.a(lib_a-strcmp.o)
                0x0000000008011c98                strcmp
 .text          0x0000000008011d50        0x0 /home/tom/intelFPGA_lite/20.1/nios2eds/bin/gnu/H-x86_64-pc-linux-gnu/bin/../lib/gcc/nios2-elf/9.2.1/../../../../../H-x86_64-pc-linux-gnu/nios2-elf/lib/libc.a(lib_a-vfiprintfr_1.o)
 .text._vfiprintf_r
                0x0000000008011d50        0x4 /home/tom/intelFPGA_lite/20.1/nios2eds/bin/gnu/H-x86_64-pc-linux-gnu/bin/../lib/gcc/nios2-elf/9.2.1/../../../../../H-x86_64-pc-linux-gnu/nios2-elf/lib/libc.a(lib_a-vfiprintfr_1.o)
                0x0000000008011d50                _vfiprintf_r
 .text          0x0000000008011d54        0x0 /home/tom/intelFPGA_lite/20.1/nios2eds/bin/gnu/H-x86_64-pc-linux-gnu/bin/../lib/gcc/nios2-elf/9.2.1/../../../../../H-x86_64-pc-linux-gnu/nios2-elf/lib/libc.a(lib_a-wcrtomb.o)
 .text._wcrtomb_r
                0x0000000008011d54       0x6c /home/tom/intelFPGA_lite/20.1/nios2eds/bin/gnu/H-x86_64-pc-linux-gnu/bin/../lib/gcc/nios2-elf/9.2.1/../../../../../H-x86_64-pc-linux-gnu/nios2-elf/lib/libc.a(lib_a-wcrtomb.o)
                0x0000000008011d54                _wcrtomb_r
 .text.wcrtomb  0x0000000008011dc0       0x88 /home/tom/intelFPGA_lite/20.1/nios2eds/bin/gnu/H-x86_64-pc-linux-gnu/bin/../lib/gcc/nios2-elf/9.2.1/../../../../../H-x86_64-pc-linux-gnu/nios2-elf/lib/libc.a(lib_a-wcrtomb.o)
                0x0000000008011dc0                wcrtomb
 .text          0x0000000008011e48        0x0 /home/tom/intelFPGA_lite/20.1/nios2eds/bin/gnu/H-x86_64-pc-linux-gnu/bin/../lib/gcc/nios2-elf/9.2.1/../../../../../H-x86_64-pc-linux-gnu/nios2-elf/lib/libc.a(lib_a-wctomb_r.o)
 .text._wctomb_r
                0x0000000008011e48        0xc /home/tom/intelFPGA_lite/20.1/nios2eds/bin/gnu/H-x86_64-pc-linux-gnu/bin/../lib/gcc/nios2-elf/9.2.1/../../../../../H-x86_64-pc-linux-gnu/nios2-elf/lib/libc.a(lib_a-wctomb_r.o)
                0x0000000008011e48                _wctomb_r
 .text.__ascii_wctomb
                0x0000000008011e54       0x30 /home/tom/intelFPGA_lite/20.1/nios2eds/bin/gnu/H-x86_64-pc-linux-gnu/bin/../lib/gcc/nios2-elf/9.2.1/../../../../../H-x86_64-pc-linux-gnu/nios2-elf/lib/libc.a(lib_a-wctomb_r.o)
                0x0000000008011e54                __ascii_wctomb
 .text          0x0000000008011e84        0x0 /home/tom/intelFPGA_lite/20.1/nios2eds/bin/gnu/H-x86_64-pc-linux-gnu/bin/../lib/gcc/nios2-elf/9.2.1/../../../../../H-x86_64-pc-linux-gnu/nios2-elf/lib/libc.a(lib_a-abort.o)
 .text.unlikely.abort
                0x0000000008011e84       0x18 /home/tom/intelFPGA_lite/20.1/nios2eds/bin/gnu/H-x86_64-pc-linux-gnu/bin/../lib/gcc/nios2-elf/9.2.1/../../../../../H-x86_64-pc-linux-gnu/nios2-elf/lib/libc.a(lib_a-abort.o)
                0x0000000008011e84                abort
 .text          0x0000000008011e9c        0x0 /home/tom/intelFPGA_lite/20.1/nios2eds/bin/gnu/H-x86_64-pc-linux-gnu/bin/../lib/gcc/nios2-elf/9.2.1/../../../../../H-x86_64-pc-linux-gnu/nios2-elf/lib/libc.a(lib_a-signal.o)
 .text._init_signal_r.part.0
                0x0000000008011e9c       0x4c /home/tom/intelFPGA_lite/20.1/nios2eds/bin/gnu/H-x86_64-pc-linux-gnu/bin/../lib/gcc/nios2-elf/9.2.1/../../../../../H-x86_64-pc-linux-gnu/nios2-elf/lib/libc.a(lib_a-signal.o)
 .text._init_signal_r
                0x0000000008011ee8       0x14 /home/tom/intelFPGA_lite/20.1/nios2eds/bin/gnu/H-x86_64-pc-linux-gnu/bin/../lib/gcc/nios2-elf/9.2.1/../../../../../H-x86_64-pc-linux-gnu/nios2-elf/lib/libc.a(lib_a-signal.o)
                0x0000000008011ee8                _init_signal_r
 .text._signal_r
                0x0000000008011efc       0x84 /home/tom/intelFPGA_lite/20.1/nios2eds/bin/gnu/H-x86_64-pc-linux-gnu/bin/../lib/gcc/nios2-elf/9.2.1/../../../../../H-x86_64-pc-linux-gnu/nios2-elf/lib/libc.a(lib_a-signal.o)
                0x0000000008011efc                _signal_r
 .text._raise_r
                0x0000000008011f80       0xc4 /home/tom/intelFPGA_lite/20.1/nios2eds/bin/gnu/H-x86_64-pc-linux-gnu/bin/../lib/gcc/nios2-elf/9.2.1/../../../../../H-x86_64-pc-linux-gnu/nios2-elf/lib/libc.a(lib_a-signal.o)
                0x0000000008011f80                _raise_r
 .text.__sigtramp_r
                0x0000000008012044       0xb8 /home/tom/intelFPGA_lite/20.1/nios2eds/bin/gnu/H-x86_64-pc-linux-gnu/bin/../lib/gcc/nios2-elf/9.2.1/../../../../../H-x86_64-pc-linux-gnu/nios2-elf/lib/libc.a(lib_a-signal.o)
                0x0000000008012044                __sigtramp_r
 .text.raise    0x00000000080120fc       0x10 /home/tom/intelFPGA_lite/20.1/nios2eds/bin/gnu/H-x86_64-pc-linux-gnu/bin/../lib/gcc/nios2-elf/9.2.1/../../../../../H-x86_64-pc-linux-gnu/nios2-elf/lib/libc.a(lib_a-signal.o)
                0x00000000080120fc                raise
 .text.signal   0x000000000801210c       0x18 /home/tom/intelFPGA_lite/20.1/nios2eds/bin/gnu/H-x86_64-pc-linux-gnu/bin/../lib/gcc/nios2-elf/9.2.1/../../../../../H-x86_64-pc-linux-gnu/nios2-elf/lib/libc.a(lib_a-signal.o)
                0x000000000801210c                signal
 .text._init_signal
                0x0000000008012124       0x1c /home/tom/intelFPGA_lite/20.1/nios2eds/bin/gnu/H-x86_64-pc-linux-gnu/bin/../lib/gcc/nios2-elf/9.2.1/../../../../../H-x86_64-pc-linux-gnu/nios2-elf/lib/libc.a(lib_a-signal.o)
                0x0000000008012124                _init_signal
 .text.__sigtramp
                0x0000000008012140       0x10 /home/tom/intelFPGA_lite/20.1/nios2eds/bin/gnu/H-x86_64-pc-linux-gnu/bin/../lib/gcc/nios2-elf/9.2.1/../../../../../H-x86_64-pc-linux-gnu/nios2-elf/lib/libc.a(lib_a-signal.o)
                0x0000000008012140                __sigtramp
 .text          0x0000000008012150        0x0 /home/tom/intelFPGA_lite/20.1/nios2eds/bin/gnu/H-x86_64-pc-linux-gnu/bin/../lib/gcc/nios2-elf/9.2.1/../../../../../H-x86_64-pc-linux-gnu/nios2-elf/lib/libc.a(lib_a-signalr.o)
 .text._kill_r  0x0000000008012150       0x60 /home/tom/intelFPGA_lite/20.1/nios2eds/bin/gnu/H-x86_64-pc-linux-gnu/bin/../lib/gcc/nios2-elf/9.2.1/../../../../../H-x86_64-pc-linux-gnu/nios2-elf/lib/libc.a(lib_a-signalr.o)
                0x0000000008012150                _kill_r
 .text._getpid_r
                0x00000000080121b0        0x4 /home/tom/intelFPGA_lite/20.1/nios2eds/bin/gnu/H-x86_64-pc-linux-gnu/bin/../lib/gcc/nios2-elf/9.2.1/../../../../../H-x86_64-pc-linux-gnu/nios2-elf/lib/libc.a(lib_a-signalr.o)
                0x00000000080121b0                _getpid_r
 .text          0x00000000080121b4      0x590 /home/tom/intelFPGA_lite/20.1/nios2eds/bin/gnu/H-x86_64-pc-linux-gnu/bin/../lib/gcc/nios2-elf/9.2.1/libgcc.a(_udivdi3.o)
                0x00000000080121b4                __udivdi3
 .text          0x0000000008012744      0x534 /home/tom/intelFPGA_lite/20.1/nios2eds/bin/gnu/H-x86_64-pc-linux-gnu/bin/../lib/gcc/nios2-elf/9.2.1/libgcc.a(_umoddi3.o)
                0x0000000008012744                __umoddi3
 .text          0x0000000008012c78      0x1b4 /home/tom/intelFPGA_lite/20.1/nios2eds/bin/gnu/H-x86_64-pc-linux-gnu/bin/../lib/gcc/nios2-elf/9.2.1/libgcc.a(lib2-divmod.o)
                0x0000000008012c78                __divsi3
                0x0000000008012cf8                __modsi3
                0x0000000008012d6c                __udivsi3
                0x0000000008012dd0                __umodsi3
 .text          0x0000000008012e2c      0x978 /home/tom/intelFPGA_lite/20.1/nios2eds/bin/gnu/H-x86_64-pc-linux-gnu/bin/../lib/gcc/nios2-elf/9.2.1/libgcc.a(adddf3.o)
                0x0000000008012e2c                __adddf3
 .text          0x00000000080137a4      0x860 /home/tom/intelFPGA_lite/20.1/nios2eds/bin/gnu/H-x86_64-pc-linux-gnu/bin/../lib/gcc/nios2-elf/9.2.1/libgcc.a(divdf3.o)
                0x00000000080137a4                __divdf3
 .text          0x0000000008014004       0x80 /home/tom/intelFPGA_lite/20.1/nios2eds/bin/gnu/H-x86_64-pc-linux-gnu/bin/../lib/gcc/nios2-elf/9.2.1/libgcc.a(eqdf2.o)
                0x0000000008014004                __eqdf2
                0x0000000008014004                __nedf2
 .text          0x0000000008014084       0xf0 /home/tom/intelFPGA_lite/20.1/nios2eds/bin/gnu/H-x86_64-pc-linux-gnu/bin/../lib/gcc/nios2-elf/9.2.1/libgcc.a(gedf2.o)
                0x0000000008014084                __gtdf2
                0x0000000008014084                __gedf2
 .text          0x0000000008014174       0xf0 /home/tom/intelFPGA_lite/20.1/nios2eds/bin/gnu/H-x86_64-pc-linux-gnu/bin/../lib/gcc/nios2-elf/9.2.1/libgcc.a(ledf2.o)
                0x0000000008014174                __ltdf2
                0x0000000008014174                __ledf2
 .text          0x0000000008014264      0x670 /home/tom/intelFPGA_lite/20.1/nios2eds/bin/gnu/H-x86_64-pc-linux-gnu/bin/../lib/gcc/nios2-elf/9.2.1/libgcc.a(muldf3.o)
                0x0000000008014264                __muldf3
 .text          0x00000000080148d4      0x934 /home/tom/intelFPGA_lite/20.1/nios2eds/bin/gnu/H-x86_64-pc-linux-gnu/bin/../lib/gcc/nios2-elf/9.2.1/libgcc.a(subdf3.o)
                0x00000000080148d4                __subdf3
 .text          0x0000000008015208       0x54 /home/tom/intelFPGA_lite/20.1/nios2eds/bin/gnu/H-x86_64-pc-linux-gnu/bin/../lib/gcc/nios2-elf/9.2.1/libgcc.a(unorddf2.o)
                0x0000000008015208                __unorddf2
 .text          0x000000000801525c       0x80 /home/tom/intelFPGA_lite/20.1/nios2eds/bin/gnu/H-x86_64-pc-linux-gnu/bin/../lib/gcc/nios2-elf/9.2.1/libgcc.a(fixdfsi.o)
                0x000000000801525c                __fixdfsi
 .text          0x00000000080152dc       0xbc /home/tom/intelFPGA_lite/20.1/nios2eds/bin/gnu/H-x86_64-pc-linux-gnu/bin/../lib/gcc/nios2-elf/9.2.1/libgcc.a(floatsidf.o)
                0x00000000080152dc                __floatsidf
 .text          0x0000000008015398       0x90 /home/tom/intelFPGA_lite/20.1/nios2eds/bin/gnu/H-x86_64-pc-linux-gnu/bin/../lib/gcc/nios2-elf/9.2.1/libgcc.a(floatunsidf.o)
                0x0000000008015398                __floatunsidf
 .text          0x0000000008015428        0x0 /home/tom/intelFPGA_lite/20.1/nios2eds/bin/gnu/H-x86_64-pc-linux-gnu/bin/../lib/gcc/nios2-elf/9.2.1/libgcc.a(_clz.o)
 .text          0x0000000008015428       0x54 /home/tom/intelFPGA_lite/20.1/nios2eds/bin/gnu/H-x86_64-pc-linux-gnu/bin/../lib/gcc/nios2-elf/9.2.1/libgcc.a(_clzsi2.o)
                0x0000000008015428                __clzsi2
 .text          0x000000000801547c       0x38 ../MOD_socket_server_bsp//libucosii_bsp.a(alt_exit.o)
                0x000000000801547c                _exit
 .text          0x00000000080154b4       0xec ../MOD_socket_server_bsp//libucosii_bsp.a(alt_fstat.o)
                0x00000000080154f0                fstat
 .text          0x00000000080155a0       0x20 ../MOD_socket_server_bsp//libucosii_bsp.a(alt_getpid.o)
                0x00000000080155a0                getpid
 .text          0x00000000080155c0       0xe0 ../MOD_socket_server_bsp//libucosii_bsp.a(alt_isatty.o)
                0x00000000080155fc                isatty
 .text          0x00000000080156a0      0x168 ../MOD_socket_server_bsp//libucosii_bsp.a(alt_kill.o)
                0x00000000080156dc                kill
 .text          0x0000000008015808      0x110 ../MOD_socket_server_bsp//libucosii_bsp.a(alt_lseek.o)
                0x0000000008015844                lseek
 .text          0x0000000008015918       0xc0 ../MOD_socket_server_bsp//libucosii_bsp.a(alt_main.o)
                0x0000000008015918                alt_main
 .text          0x00000000080159d8       0xb8 ../MOD_socket_server_bsp//libucosii_bsp.a(alt_sbrk.o)
                0x00000000080159d8                sbrk
 .text          0x0000000008015a90      0x120 ../MOD_socket_server_bsp//libucosii_bsp.a(alt_env_lock.o)
                0x0000000008015a90                __env_lock
                0x0000000008015b50                __env_unlock
 .text          0x0000000008015bb0      0x1fc ../MOD_socket_server_bsp//libucosii_bsp.a(alt_malloc_lock.o)
                0x0000000008015bb0                __malloc_lock
                0x0000000008015cd8                __malloc_unlock
 .text          0x0000000008015dac     0x204c ../MOD_socket_server_bsp//libucosii_bsp.a(os_core.o)
                0x0000000008015dac                OSEventNameGet
                0x0000000008015ed0                OSEventNameSet
                0x0000000008016018                OSEventPendMulti
                0x0000000008016650                OSInit
                0x00000000080166a8                OSIntEnter
                0x00000000080166f4                OSIntExit
                0x00000000080167e8                OSSchedLock
                0x0000000008016878                OSSchedUnlock
                0x000000000801695c                OSStart
                0x00000000080169c4                OSStatInit
                0x0000000008016a7c                OSTimeTick
                0x0000000008016cb0                OSVersion
                0x0000000008016cd0                OS_Dummy
                0x0000000008016cf0                OS_EventTaskRdy
                0x0000000008016e78                OS_EventTaskWait
                0x0000000008016f80                OS_EventTaskWaitMulti
                0x00000000080170c8                OS_EventTaskRemove
                0x0000000008017178                OS_EventTaskRemoveMulti
                0x0000000008017274                OS_EventWaitListInit
                0x0000000008017660                OS_MemClr
                0x00000000080176b8                OS_MemCopy
                0x0000000008017724                OS_Sched
                0x000000000801785c                OS_StrCopy
                0x00000000080178d0                OS_StrLen
                0x0000000008017924                OS_TaskIdle
                0x0000000008017984                OS_TaskStat
                0x0000000008017a54                OS_TaskStatStkChk
                0x0000000008017b18                OS_TCBInit
 .text          0x0000000008017df8      0x190 ../MOD_socket_server_bsp//libucosii_bsp.a(os_dbg.o)
                0x0000000008017df8                OSDebugInit
 .text          0x0000000008017f88     0x17c4 ../MOD_socket_server_bsp//libucosii_bsp.a(os_flag.o)
                0x0000000008017f88                OSFlagAccept
                0x00000000080182ac                OSFlagCreate
                0x00000000080183bc                OSFlagDel
                0x0000000008018614                OSFlagNameGet
                0x0000000008018744                OSFlagNameSet
                0x0000000008018898                OSFlagPend
                0x0000000008018e98                OSFlagPendGetFlagsRdy
                0x0000000008018efc                OSFlagPost
                0x00000000080192a8                OSFlagQuery
                0x00000000080194d4                OS_FlagInit
                0x00000000080196a8                OS_FlagUnlink
 .text          0x000000000801974c      0x778 ../MOD_socket_server_bsp//libucosii_bsp.a(os_mem.o)
                0x000000000801974c                OSMemCreate
                0x0000000008019924                OSMemGet
                0x0000000008019a1c                OSMemNameGet
                0x0000000008019b10                OSMemNameSet
                0x0000000008019c2c                OSMemPut
                0x0000000008019d0c                OSMemQuery
                0x0000000008019df8                OS_MemInit
 .text          0x0000000008019ec4     0x115c ../MOD_socket_server_bsp//libucosii_bsp.a(os_q.o)
                0x0000000008019ec4                OSQAccept
                0x000000000801a008                OSQCreate
                0x000000000801a1b8                OSQDel
                0x000000000801a448                OSQFlush
                0x000000000801a504                OSQPend
                0x000000000801a79c                OSQPendAbort
                0x000000000801a910                OSQPost
                0x000000000801aa84                OSQPostFront
                0x000000000801ac00                OSQPostOpt
                0x000000000801ae18                OSQQuery
                0x000000000801af78                OS_QInit
 .text          0x000000000801b020      0xa98 ../MOD_socket_server_bsp//libucosii_bsp.a(os_sem.o)
                0x000000000801b020                OSSemAccept
                0x000000000801b0d4                OSSemCreate
                0x000000000801b1b0                OSSemDel
                0x000000000801b400                OSSemPend
                0x000000000801b614                OSSemPendAbort
                0x000000000801b788                OSSemPost
                0x000000000801b8a4                OSSemQuery
                0x000000000801b9b8                OSSemSet
 .text          0x000000000801bab8     0x1750 ../MOD_socket_server_bsp//libucosii_bsp.a(os_task.o)
                0x000000000801bab8                OSTaskChangePrio
                0x000000000801bf7c                OSTaskCreate
                0x000000000801c120                OSTaskCreateExt
                0x000000000801c2fc                OSTaskDel
                0x000000000801c640                OSTaskDelReq
                0x000000000801c798                OSTaskNameGet
                0x000000000801c934                OSTaskNameSet
                0x000000000801caf0                OSTaskResume
                0x000000000801ccd0                OSTaskStkChk
                0x000000000801ce88                OSTaskSuspend
                0x000000000801d070                OSTaskQuery
                0x000000000801d198                OS_TaskStkClr
 .text          0x000000000801d208      0x50c ../MOD_socket_server_bsp//libucosii_bsp.a(os_time.o)
                0x000000000801d208                OSTimeDly
                0x000000000801d310                OSTimeDlyHMSM
                0x000000000801d470                OSTimeDlyResume
                0x000000000801d650                OSTimeGet
                0x000000000801d6b0                OSTimeSet
 .text          0x000000000801d714      0x2cc ../MOD_socket_server_bsp//libucosii_bsp.a(alt_sys_init.o)
                0x000000000801d748                alt_irq_init
                0x000000000801d784                alt_sys_init
 .text          0x000000000801d9e0      0x4f8 ../MOD_socket_server_bsp//libucosii_bsp.a(altera_avalon_fifo_util.o)
                0x000000000801d9e0                altera_avalon_fifo_init
                0x000000000801da78                altera_avalon_fifo_read_status
                0x000000000801dab4                altera_avalon_fifo_read_ienable
                0x000000000801daf0                altera_avalon_fifo_read_almostfull
                0x000000000801db1c                altera_avalon_fifo_read_almostempty
                0x000000000801db48                altera_avalon_fifo_read_event
                0x000000000801db84                altera_avalon_fifo_read_level
                0x000000000801dbac                altera_avalon_fifo_clear_event
                0x000000000801dc0c                altera_avalon_fifo_write_ienable
                0x000000000801dc64                altera_avalon_fifo_write_almostfull
                0x000000000801dcbc                altera_avalon_fifo_write_almostempty
                0x000000000801dd14                altera_avalon_fifo_write_fifo
                0x000000000801dd6c                altera_avalon_read_fifo
                0x000000000801ddd8                altera_avalon_fifo_read_fifo
                0x000000000801de24                altera_avalon_fifo_write_other_info
                0x000000000801de84                altera_avalon_fifo_read_other_info
                0x000000000801deb0                altera_avalon_fifo_read_backpressure
 .text          0x000000000801ded8     0x1c54 ../MOD_socket_server_bsp//libucosii_bsp.a(altera_avalon_i2c.o)
                0x000000000801dfe8                alt_avalon_i2c_register_optional_irq_handler
                0x000000000801e0d8                alt_avalon_i2c_register_callback
                0x000000000801e12c                alt_avalon_i2c_init
                0x000000000801e258                alt_avalon_i2c_open
                0x000000000801e298                alt_avalon_i2c_enable
                0x000000000801e330                alt_avalon_i2c_disable
                0x000000000801e37c                alt_avalon_i2c_master_config_get
                0x000000000801e42c                alt_avalon_i2c_master_config_set
                0x000000000801e4f8                alt_avalon_i2c_master_config_speed_get
                0x000000000801e58c                alt_avalon_i2c_master_config_speed_set
                0x000000000801e688                alt_avalon_i2c_is_busy
                0x000000000801e6cc                alt_avalon_i2c_rx_read_available
                0x000000000801e778                alt_avalon_i2c_rx_read
                0x000000000801e820                alt_avalon_i2c_cmd_write
                0x000000000801e90c                alt_avalon_i2c_send_address
                0x000000000801e9fc                alt_avalon_i2c_master_target_get
                0x000000000801ea34                alt_avalon_i2c_master_target_set
                0x000000000801ea68                alt_avalon_i2c_check_nack
                0x000000000801eab4                alt_avalon_i2c_check_arblost
                0x000000000801eb00                alt_avalon_i2c_interrupt_transaction_status
                0x000000000801ec34                alt_avalon_i2c_master_tx
                0x000000000801ed1c                alt_avalon_i2c_master_rx
                0x000000000801ee58                alt_avalon_i2c_master_tx_rx
                0x000000000801f020                alt_avalon_i2c_master_transmit
                0x000000000801f1dc                alt_avalon_i2c_master_transmit_using_interrupts
                0x000000000801f3e4                alt_avalon_i2c_master_receive
                0x000000000801f5f0                alt_avalon_i2c_master_receive_using_interrupts
                0x000000000801f7dc                alt_avalon_i2c_int_status_get
                0x000000000801f834                alt_avalon_i2c_int_raw_status_get
                0x000000000801f878                alt_avalon_i2c_int_clear
                0x000000000801f8b4                alt_avalon_i2c_int_disable
                0x000000000801f920                alt_avalon_i2c_int_enable
                0x000000000801f988                alt_avalon_i2c_enabled_ints_get
                0x000000000801f9cc                alt_avalon_i2c_rx_fifo_threshold_get
                0x000000000801fa18                alt_avalon_i2c_rx_fifo_threshold_set
                0x000000000801fa7c                alt_avalon_i2c_tfr_cmd_fifo_threshold_get
                0x000000000801fac8                alt_avalon_i2c_tfr_cmd_fifo_threshold_set
 .text          0x000000000801fb2c      0x164 ../MOD_socket_server_bsp//libucosii_bsp.a(altera_avalon_jtag_uart_fd.o)
                0x000000000801fb2c                altera_avalon_jtag_uart_read_fd
                0x000000000801fb8c                altera_avalon_jtag_uart_write_fd
                0x000000000801fbec                altera_avalon_jtag_uart_close_fd
                0x000000000801fc3c                altera_avalon_jtag_uart_ioctl_fd
 .text          0x000000000801fc90      0x570 ../MOD_socket_server_bsp//libucosii_bsp.a(altera_avalon_jtag_uart_init.o)
                0x000000000801fc90                altera_avalon_jtag_uart_init
                0x0000000008020198                altera_avalon_jtag_uart_close
 .text          0x0000000008020200       0xf4 ../MOD_socket_server_bsp//libucosii_bsp.a(altera_avalon_jtag_uart_ioctl.o)
                0x0000000008020200                altera_avalon_jtag_uart_ioctl
 .text          0x00000000080202f4      0x2c8 ../MOD_socket_server_bsp//libucosii_bsp.a(altera_avalon_jtag_uart_read.o)
                0x00000000080202f4                altera_avalon_jtag_uart_read
 .text          0x00000000080205bc      0x2d0 ../MOD_socket_server_bsp//libucosii_bsp.a(altera_avalon_jtag_uart_write.o)
                0x00000000080205bc                altera_avalon_jtag_uart_write
 .text          0x000000000802088c      0x1fc ../MOD_socket_server_bsp//libucosii_bsp.a(altera_avalon_spi.o)
                0x000000000802088c                alt_avalon_spi_command
 .text          0x0000000008020a88      0x100 ../MOD_socket_server_bsp//libucosii_bsp.a(altera_avalon_timer_sc.o)
                0x0000000008020b04                alt_avalon_timer_sc_init
 .text          0x0000000008020b88     0x4f20 ../MOD_socket_server_bsp//libucosii_bsp.a(altera_avalon_tse.o)
                0x0000000008020b88                no_printf
                0x0000000008020bb8                tse_mac_initTransInfo2
                0x0000000008020c18                tse_mac_sTxWrite
                0x0000000008020ce0                tse_mac_aRxRead
                0x0000000008020d50                tse_mac_aTxWrite
                0x0000000008020dc0                tse_mac_SwReset
                0x0000000008020e48                tse_mac_setMIImode
                0x0000000008020e9c                tse_mac_setGMIImode
                0x0000000008020eec                alt_tse_phy_add_profile
                0x00000000080210a0                alt_tse_system_add_sys
                0x0000000008021964                alt_tse_sys_enable_mdio_sharing
                0x0000000008021aa8                alt_tse_mac_get_common_speed
                0x0000000008021ae8                alt_tse_mac_set_common_speed
                0x0000000008021b30                alt_tse_get_system_index
                0x0000000008021b9c                alt_tse_get_mac_group_index
                0x0000000008021c08                alt_tse_get_mac_info_index
                0x0000000008021c84                alt_tse_get_mac_info
                0x0000000008021d50                alt_tse_mac_set_speed
                0x0000000008021e30                alt_tse_mac_set_duplex
                0x0000000008021ebc                getPHYSpeed
                0x0000000008022934                alt_tse_phy_rd_mdio_addr
                0x000000000802297c                alt_tse_phy_wr_mdio_addr
                0x00000000080229d4                alt_tse_phy_wr_mdio_reg
                0x0000000008022b00                alt_tse_phy_rd_mdio_reg
                0x0000000008022bd0                alt_tse_phy_add_profile_default
                0x0000000008022e98                alt_tse_phy_print_profile
                0x0000000008023068                alt_tse_mac_group_init
                0x0000000008023710                alt_tse_mac_get_phy
                0x0000000008023b0c                alt_tse_mac_associate_phy
                0x0000000008023d4c                alt_tse_phy_cfg_pcs
                0x0000000008023e74                alt_tse_phy_init
                0x0000000008023f80                alt_tse_phy_restart_an
                0x0000000008024144                alt_tse_phy_check_link
                0x00000000080242cc                alt_tse_phy_get_cap
                0x0000000008024858                alt_tse_phy_set_adv_1000
                0x0000000008024a1c                alt_tse_phy_set_adv_100
                0x0000000008024c70                alt_tse_phy_set_adv_10
                0x0000000008024e18                alt_tse_phy_get_common_speed
                0x0000000008025134                alt_tse_phy_set_common_speed
                0x00000000080255e4                marvell_phy_cfg
                0x000000000802567c                marvell_cfg_gmii
                0x0000000008025760                marvell_cfg_sgmii
                0x0000000008025844                marvell_cfg_rgmii
                0x0000000008025934                DP83848C_link_status_read
                0x00000000080259ac                PEF7071_config
                0x0000000008025a08                PEF7071_link_status_read
 .text          0x0000000008025aa8      0xb24 ../MOD_socket_server_bsp//libucosii_bsp.a(altera_generic_quad_spi_controller.o)
                0x0000000008025adc                alt_qspi_controller_lock
                0x0000000008025bec                alt_qspi_controller_get_info
                0x0000000008025c78                alt_qspi_controller_erase_block
                0x0000000008025d9c                alt_qspi_controller_write_block
                0x0000000008025fac                alt_qspi_controller_write
                0x0000000008026194                alt_qspi_controller_read
                0x0000000008026240                altera_qspi_controller_init
 .text          0x00000000080265cc     0x2158 ../MOD_socket_server_bsp//libucosii_bsp.a(altera_msgdma.o)
                0x0000000008027284                alt_msgdma_construct_standard_st_to_mm_descriptor
                0x00000000080272dc                alt_msgdma_construct_standard_mm_to_st_descriptor
                0x0000000008027334                alt_msgdma_construct_standard_mm_to_mm_descriptor
                0x000000000802738c                alt_msgdma_construct_extended_st_to_mm_descriptor
                0x000000000802741c                alt_msgdma_construct_extended_mm_to_st_descriptor
                0x00000000080274ac                alt_msgdma_construct_extended_mm_to_mm_descriptor
                0x000000000802778c                alt_msgdma_construct_prefetcher_standard_mm_to_mm_descriptor
                0x00000000080277e4                alt_msgdma_construct_prefetcher_standard_st_to_mm_descriptor
                0x000000000802783c                alt_msgdma_construct_prefetcher_standard_mm_to_st_descriptor
                0x0000000008027894                alt_msgdma_construct_prefetcher_extended_st_to_mm_descriptor
                0x0000000008027934                alt_msgdma_construct_prefetcher_extended_mm_to_st_descriptor
                0x00000000080279cc                alt_msgdma_construct_prefetcher_extended_mm_to_mm_descriptor
                0x0000000008027a84                alt_msgdma_prefetcher_add_standard_desc_to_list
                0x0000000008027b74                alt_msgdma_prefetcher_add_extended_desc_to_list
                0x0000000008027d0c                alt_msgdma_prefetcher_set_std_list_own_by_hw_bits
                0x0000000008027e1c                alt_msgdma_prefetcher_set_extd_list_own_by_hw_bits
                0x0000000008027f68                alt_msgdma_start_prefetcher_with_list_addr
                0x0000000008028280                alt_msgdma_start_prefetcher_with_std_desc_list
                0x0000000008028330                alt_msgdma_start_prefetcher_with_extd_desc_list
                0x00000000080283e0                alt_msgdma_open
                0x0000000008028438                alt_msgdma_init
                0x00000000080285e0                alt_msgdma_register_callback
                0x0000000008028634                alt_msgdma_standard_descriptor_async_transfer
                0x0000000008028670                alt_msgdma_extended_descriptor_async_transfer
                0x00000000080286ac                alt_msgdma_standard_descriptor_sync_transfer
                0x00000000080286e8                alt_msgdma_extended_descriptor_sync_transfer
 .text          0x0000000008028724     0x1998 ../MOD_socket_server_bsp//libucosii_bsp.a(ins_tse_mac.o)
                0x0000000008028724                altera_eth_tse_init
                0x000000000802886c                prep_tse_mac
                0x0000000008028a98                msgdma_reset
                0x0000000008028b14                tse_mac_init
                0x0000000008029578                tse_msgdma_write_init
                0x0000000008029698                tse_mac_raw_send
                0x000000000802986c                tse_msgdmaRx_isr
                0x0000000008029a04                tse_msgdmaTx_isr